fsl_clock.h:634:20:CLOCK_SetTraceClock	16	static
fsl_clock.h:654:20:CLOCK_SetClkOutClock	16	static
fsl_clock.h:664:20:CLOCK_SetLpuartClock	16	static
fsl_clock.h:790:20:CLOCK_SetSimSafeDivs	4	static
fsl_clock.h:1123:20:CLOCK_SetXtal0Freq	16	static
fsl_smc.h:256:20:SMC_SetPowerModeProtection	16	static
fsl_smc.h:275:33:SMC_GetPowerModeState	16	static
clock_config.c:77:13:CLOCK_CONFIG_SetFllExtRefDiv	16	static
clock_config.c:85:6:BOARD_InitBootClocks	8	static
clock_config.c:188:6:BOARD_BootClockHSRUN	8	static
clock_config.c:298:6:BOARD_BootClockVLPR	8	static
