fsl_clock.h:602:20:CLOCK_EnableClock	24	static
fsl_port.h:243:20:PORT_SetPinConfig	32	static
fsl_port.h:346:20:PORT_SetPinMux	24	static
fsl_port.h:360:20:PORT_EnablePinsDigitalFilter	24	static
pin_mux.c:132:6:BOARD_InitBootPins	8	static
pin_mux.c:165:6:BOARD_InitPins	8	static
pin_mux.c:221:6:BOARD_InitBUTTONsPins	24	static
pin_mux.c:299:6:BOARD_InitLEDsPins	32	static
pin_mux.c:409:6:BOARD_InitDEBUG_UARTPins	16	static
pin_mux.c:474:6:BOARD_InitTHERPins	4	static
pin_mux.c:498:6:BOARD_InitOSCPins	8	static
pin_mux.c:530:6:I2C0_InitPins	16	static
pin_mux.c:586:6:I2C0_DeinitPins	4	static
pin_mux.c:608:6:I2C1_InitPins	8	static
pin_mux.c:660:6:I2C1_DeinitPins	4	static
pin_mux.c:686:6:BOARD_InitBluetooth	24	static
pin_mux.c:782:6:BOARD_InitMotorDriverShield	8	static
pin_mux.c:857:6:BOARD_InitSPI0	8	static
