Archive member included to satisfy reference by file (symbol)

c:/nxp/mcuxpressoide_11.1.1_3241/ide/plugins/com.nxp.mcuxpresso.tools.win32_11.1.0.202001081728/tools/bin/../lib/gcc/arm-none-eabi/8.3.1/../../../../arm-none-eabi/lib/thumb/v7e-m+fp/hard\libcr_semihost_nf.a(_cr__main.o)
                              ./startup/startup_mkv31f51212.o (__main)
c:/nxp/mcuxpressoide_11.1.1_3241/ide/plugins/com.nxp.mcuxpresso.tools.win32_11.1.0.202001081728/tools/bin/../lib/gcc/arm-none-eabi/8.3.1/../../../../arm-none-eabi/lib/thumb/v7e-m+fp/hard\libcr_semihost_nf.a(_cr_assert.o)
                              ./utilities/fsl_debug_console.o (__assertion_failed)
c:/nxp/mcuxpressoide_11.1.1_3241/ide/plugins/com.nxp.mcuxpresso.tools.win32_11.1.0.202001081728/tools/bin/../lib/gcc/arm-none-eabi/8.3.1/../../../../arm-none-eabi/lib/thumb/v7e-m+fp/hard\libcr_semihost_nf.a(__ciob.o)
                              c:/nxp/mcuxpressoide_11.1.1_3241/ide/plugins/com.nxp.mcuxpresso.tools.win32_11.1.0.202001081728/tools/bin/../lib/gcc/arm-none-eabi/8.3.1/../../../../arm-none-eabi/lib/thumb/v7e-m+fp/hard\libcr_semihost_nf.a(_cr_assert.o) (__Ciob)
c:/nxp/mcuxpressoide_11.1.1_3241/ide/plugins/com.nxp.mcuxpresso.tools.win32_11.1.0.202001081728/tools/bin/../lib/gcc/arm-none-eabi/8.3.1/../../../../arm-none-eabi/lib/thumb/v7e-m+fp/hard\libcr_semihost_nf.a(__sys_appexit.o)
                              c:/nxp/mcuxpressoide_11.1.1_3241/ide/plugins/com.nxp.mcuxpresso.tools.win32_11.1.0.202001081728/tools/bin/../lib/gcc/arm-none-eabi/8.3.1/../../../../arm-none-eabi/lib/thumb/v7e-m+fp/hard\libcr_semihost_nf.a(_cr_assert.o) (__sys_appexit)
c:/nxp/mcuxpressoide_11.1.1_3241/ide/plugins/com.nxp.mcuxpresso.tools.win32_11.1.0.202001081728/tools/bin/../lib/gcc/arm-none-eabi/8.3.1/../../../../arm-none-eabi/lib/thumb/v7e-m+fp/hard\libcr_c.a(memcpy.o)
                              ./drivers/fsl_ftfx_cache.o (memcpy)
c:/nxp/mcuxpressoide_11.1.1_3241/ide/plugins/com.nxp.mcuxpresso.tools.win32_11.1.0.202001081728/tools/bin/../lib/gcc/arm-none-eabi/8.3.1/../../../../arm-none-eabi/lib/thumb/v7e-m+fp/hard\libcr_c.a(memset.o)
                              ./drivers/freertos/fsl_dspi_freertos.o (memset)
c:/nxp/mcuxpressoide_11.1.1_3241/ide/plugins/com.nxp.mcuxpresso.tools.win32_11.1.0.202001081728/tools/bin/../lib/gcc/arm-none-eabi/8.3.1/../../../../arm-none-eabi/lib/thumb/v7e-m+fp/hard\libcr_c.a(_deferredlazyseek.o)
                              c:/nxp/mcuxpressoide_11.1.1_3241/ide/plugins/com.nxp.mcuxpresso.tools.win32_11.1.0.202001081728/tools/bin/../lib/gcc/arm-none-eabi/8.3.1/../../../../arm-none-eabi/lib/thumb/v7e-m+fp/hard\libcr_semihost_nf.a(_cr_assert.o) (__flsbuf)
c:/nxp/mcuxpressoide_11.1.1_3241/ide/plugins/com.nxp.mcuxpresso.tools.win32_11.1.0.202001081728/tools/bin/../lib/gcc/arm-none-eabi/8.3.1/../../../../arm-none-eabi/lib/thumb/v7e-m+fp/hard\libcr_c.a(_fflush.o)
                              c:/nxp/mcuxpressoide_11.1.1_3241/ide/plugins/com.nxp.mcuxpresso.tools.win32_11.1.0.202001081728/tools/bin/../lib/gcc/arm-none-eabi/8.3.1/../../../../arm-none-eabi/lib/thumb/v7e-m+fp/hard\libcr_c.a(_deferredlazyseek.o) (_fflush)
c:/nxp/mcuxpressoide_11.1.1_3241/ide/plugins/com.nxp.mcuxpresso.tools.win32_11.1.0.202001081728/tools/bin/../lib/gcc/arm-none-eabi/8.3.1/../../../../arm-none-eabi/lib/thumb/v7e-m+fp/hard\libcr_c.a(_writebuf.o)
                              c:/nxp/mcuxpressoide_11.1.1_3241/ide/plugins/com.nxp.mcuxpresso.tools.win32_11.1.0.202001081728/tools/bin/../lib/gcc/arm-none-eabi/8.3.1/../../../../arm-none-eabi/lib/thumb/v7e-m+fp/hard\libcr_c.a(_deferredlazyseek.o) (_Cwritebuf)
c:/nxp/mcuxpressoide_11.1.1_3241/ide/plugins/com.nxp.mcuxpresso.tools.win32_11.1.0.202001081728/tools/bin/../lib/gcc/arm-none-eabi/8.3.1/../../../../arm-none-eabi/lib/thumb/v7e-m+fp/hard\libcr_c.a(alloc.o)
                              ./drivers/fsl_common.o (malloc)
c:/nxp/mcuxpressoide_11.1.1_3241/ide/plugins/com.nxp.mcuxpresso.tools.win32_11.1.0.202001081728/tools/bin/../lib/gcc/arm-none-eabi/8.3.1/../../../../arm-none-eabi/lib/thumb/v7e-m+fp/hard\libcr_c.a(fputs.o)
                              c:/nxp/mcuxpressoide_11.1.1_3241/ide/plugins/com.nxp.mcuxpresso.tools.win32_11.1.0.202001081728/tools/bin/../lib/gcc/arm-none-eabi/8.3.1/../../../../arm-none-eabi/lib/thumb/v7e-m+fp/hard\libcr_semihost_nf.a(_cr_assert.o) (fputs)
c:/nxp/mcuxpressoide_11.1.1_3241/ide/plugins/com.nxp.mcuxpresso.tools.win32_11.1.0.202001081728/tools/bin/../lib/gcc/arm-none-eabi/8.3.1/../../../../arm-none-eabi/lib/thumb/v7e-m+fp/hard\libcr_c.a(fseek.o)
                              c:/nxp/mcuxpressoide_11.1.1_3241/ide/plugins/com.nxp.mcuxpresso.tools.win32_11.1.0.202001081728/tools/bin/../lib/gcc/arm-none-eabi/8.3.1/../../../../arm-none-eabi/lib/thumb/v7e-m+fp/hard\libcr_c.a(_deferredlazyseek.o) (fseek)
[...]
Memory Configuration

Name             Origin             Length             Attributes
PROGRAM_FLASH    0x00000000         0x00080000         xr
SRAM_UPPER       0x20000000         0x00010000         xrw
SRAM_LOWER       0x1fff8000         0x00008000         xrw
*default*        0x00000000         0xffffffff

Linker script and memory map

LOAD ./utilities/fsl_debug_console.o
LOAD ./utilities/fsl_str.o
LOAD ./startup/startup_mkv31f51212.o
LOAD ./source/MKV31F512xxx12_Project.o
LOAD ./source/semihost_hardfault.o
LOAD ./drivers/freertos/fsl_dspi_freertos.o
LOAD ./drivers/freertos/fsl_i2c_freertos.o
LOAD ./drivers/freertos/fsl_lpuart_freertos.o
LOAD ./drivers/freertos/fsl_uart_freertos.o
LOAD ./drivers/fsl_adc16.o
LOAD ./drivers/fsl_clock.o
LOAD ./drivers/fsl_cmp.o
LOAD ./drivers/fsl_common.o
LOAD ./drivers/fsl_crc.o
LOAD ./drivers/fsl_dac.o
LOAD ./drivers/fsl_dmamux.o
LOAD ./drivers/fsl_dspi.o
LOAD ./drivers/fsl_dspi_cmsis.o
LOAD ./drivers/fsl_dspi_edma.o
LOAD ./drivers/fsl_edma.o
LOAD ./drivers/fsl_ewm.o
LOAD ./drivers/fsl_flexbus.o
LOAD ./drivers/fsl_ftfx_cache.o
LOAD ./drivers/fsl_ftfx_controller.o
LOAD ./drivers/fsl_ftfx_flash.o
LOAD ./drivers/fsl_ftfx_flexnvm.o
LOAD ./drivers/fsl_ftm.o
LOAD ./drivers/fsl_gpio.o
LOAD ./drivers/fsl_i2c.o
LOAD ./drivers/fsl_i2c_cmsis.o
LOAD ./drivers/fsl_i2c_edma.o
LOAD ./drivers/fsl_llwu.o
LOAD ./drivers/fsl_lptmr.o
LOAD ./drivers/fsl_lpuart.o
LOAD ./drivers/fsl_lpuart_edma.o
LOAD ./drivers/fsl_pdb.o
LOAD ./drivers/fsl_pit.o
LOAD ./drivers/fsl_pmc.o
LOAD ./drivers/fsl_rcm.o
LOAD ./drivers/fsl_rnga.o
LOAD ./drivers/fsl_sim.o
LOAD ./drivers/fsl_smc.o
LOAD ./drivers/fsl_uart.o
LOAD ./drivers/fsl_uart_cmsis.o
LOAD ./drivers/fsl_uart_edma.o
LOAD ./drivers/fsl_vref.o
LOAD ./drivers/fsl_wdog.o
LOAD ./device/system_MKV31F51212.o
LOAD ./component/uart/uart_adapter.o
LOAD ./component/serial_manager/serial_manager.o
LOAD ./component/serial_manager/serial_port_uart.o
LOAD ./component/lists/generic_list.o
LOAD ./board/board.o
LOAD ./board/clock_config.o
LOAD ./board/peripherals.o
LOAD ./board/pin_mux.o
LOAD ./amazon-freertos/freertos_kernel/portable/MemMang/heap_4.o
LOAD ./amazon-freertos/freertos_kernel/portable/GCC/ARM_CM4F/port.o
LOAD ./amazon-freertos/freertos_kernel/event_groups.o
LOAD ./amazon-freertos/freertos_kernel/list.o
LOAD ./amazon-freertos/freertos_kernel/queue.o
LOAD ./amazon-freertos/freertos_kernel/stream_buffer.o
LOAD ./amazon-freertos/freertos_kernel/tasks.o
LOAD ./amazon-freertos/freertos_kernel/timers.o
LOAD C:\nxp\workspace\MKV31F512xxx12_Project\libs\libarm_cortexM7l_math.a
LOAD C:\nxp\workspace\MKV31F512xxx12_Project\libs\libarm_cortexM4lf_math.a
START GROUP
LOAD c:/nxp/mcuxpressoide_11.1.1_3241/ide/plugins/com.nxp.mcuxpresso.tools.win32_11.1.0.202001081728/tools/bin/../lib/gcc/arm-none-eabi/8.3.1/../../../../arm-none-eabi/lib/thumb/v7e-m+fp/hard\libcr_semihost_nf.a
LOAD c:/nxp/mcuxpressoide_11.1.1_3241/ide/plugins/com.nxp.mcuxpresso.tools.win32_11.1.0.202001081728/tools/bin/../lib/gcc/arm-none-eabi/8.3.1/../../../../arm-none-eabi/lib/thumb/v7e-m+fp/hard\libcr_c.a
LOAD c:/nxp/mcuxpressoide_11.1.1_3241/ide/plugins/com.nxp.mcuxpresso.tools.win32_11.1.0.202001081728/tools/bin/../lib/gcc/arm-none-eabi/8.3.1/thumb/v7e-m+fp/hard\libcr_eabihelpers.a
LOAD c:/nxp/mcuxpressoide_11.1.1_3241/ide/plugins/com.nxp.mcuxpresso.tools.win32_11.1.0.202001081728/tools/bin/../lib/gcc/arm-none-eabi/8.3.1/thumb/v7e-m+fp/hard\libgcc.a
END GROUP
                0x00000000                __base_PROGRAM_FLASH = 0x0
                0x00000000                __base_Flash = 0x0
                0x00080000                __top_PROGRAM_FLASH = 0x80000
                0x00080000                __top_Flash = 0x80000
                0x20000000                __base_SRAM_UPPER = 0x20000000
                0x20000000                __base_RAM = 0x20000000
                0x20010000                __top_SRAM_UPPER = 0x20010000
                0x20010000                __top_RAM = 0x20010000
                0x1fff8000                __base_SRAM_LOWER = 0x1fff8000
                0x1fff8000                __base_RAM2 = 0x1fff8000
                0x20000000                __top_SRAM_LOWER = 0x20000000
                0x20000000                __top_RAM2 = 0x20000000

.text           0x00000000     0x28b0
 FILL mask 0xff
                0x00000000                __vectors_start__ = ABSOLUTE (.)
 *(SORT_BY_ALIGNMENT(.isr_vector))
 .isr_vector    0x00000000      0x168 ./startup/startup_mkv31f51212.o
                0x00000000                g_pfnVectors
                0x00000000                __Vectors
                0x00000168                . = ALIGN (0x4)
                0x00000168                __section_table_start = .
                0x00000168                __data_section_table = .
                0x00000168        0x4 LONG 0x28b0 LOADADDR (.data)
                0x0000016c        0x4 LONG 0x20000000 ADDR (.data)
                0x00000170        0x4 LONG 0x4 SIZEOF (.data)
                0x00000174        0x4 LONG 0x28b0 LOADADDR (.data_RAM2)
                0x00000178        0x4 LONG 0x1fff8000 ADDR (.data_RAM2)
                0x0000017c        0x4 LONG 0x0 SIZEOF (.data_RAM2)
                0x00000180                __data_section_table_end = .
                0x00000180                __bss_section_table = .
                0x00000180        0x4 LONG 0x20000004 ADDR (.bss)
                0x00000184        0x4 LONG 0x1c8 SIZEOF (.bss)
                0x00000188        0x4 LONG 0x1fff8000 ADDR (.bss_RAM2)
                0x0000018c        0x4 LONG 0x0 SIZEOF (.bss_RAM2)
                0x00000190                __bss_section_table_end = .
                0x00000190                __section_table_end = .
 *(SORT_BY_ALIGNMENT(.after_vectors*))
 .after_vectors.reset
                0x00000190       0x4c ./startup/startup_mkv31f51212.o
                0x00000190                ResetISR
 .after_vectors.init_data
                0x000001dc       0x1e ./startup/startup_mkv31f51212.o
                0x000001dc                data_init
 .after_vectors.init_bss
                0x000001fa       0x12 ./startup/startup_mkv31f51212.o
                0x000001fa                bss_init
 .after_vectors
                0x0000020c       0x14 ./startup/startup_mkv31f51212.o
                0x0000020c                NMI_Handler
                0x00000210                MemManage_Handler
                0x00000212                BusFault_Handler
                0x00000214                UsageFault_Handler
                0x00000218                DebugMon_Handler
                0x0000021e                FTM1_DriverIRQHandler
                0x0000021e                FTM2_DriverIRQHandler
                0x0000021e                PIT2_DriverIRQHandler
                0x0000021e                Reserved82_DriverIRQHandler
                0x0000021e                FTF_DriverIRQHandler
                0x0000021e                LLWU_DriverIRQHandler
                0x0000021e                MCM_DriverIRQHandler
                0x0000021e                MCG_DriverIRQHandler
                0x0000021e                Reserved63_DriverIRQHandler
                0x0000021e                DAC1_DriverIRQHandler
                0x0000021e                Reserved69_DriverIRQHandler
                0x0000021e                DMA_Error_DriverIRQHandler
                0x0000021e                CMP1_DriverIRQHandler
                0x0000021e                FTM0_DriverIRQHandler
                0x0000021e                IntDefaultHandler
                0x0000021e                PORTC_DriverIRQHandler
                0x0000021e                DAC0_DriverIRQHandler
                0x0000021e                UART2_ERR_DriverIRQHandler
                0x0000021e                LVD_LVW_DriverIRQHandler
                0x0000021e                Reserved84_DriverIRQHandler
                0x0000021e                LPTMR0_DriverIRQHandler
                0x0000021e                RNG_DriverIRQHandler
                0x0000021e                Reserved53_DriverIRQHandler
                0x0000021e                Reserved45_DriverIRQHandler
                0x0000021e                UART0_ERR_DriverIRQHandler
                0x0000021e                Reserved71_DriverIRQHandler
                0x0000021e                ADC1_DriverIRQHandler
                0x0000021e                PORTA_DriverIRQHandler
                0x0000021e                PIT3_DriverIRQHandler
                0x0000021e                PIT1_DriverIRQHandler
                0x0000021e                WDOG_EWM_DriverIRQHandler
                0x0000021e                PDB0_DriverIRQHandler
                0x0000021e                Reserved83_DriverIRQHandler
                0x0000021e                Reserved61_DriverIRQHandler
                0x0000021e                Read_Collision_DriverIRQHandler
                0x0000021e                Reserved54_DriverIRQHandler
                0x0000021e                SWI_DriverIRQHandler
                0x0000021e                Reserved62_DriverIRQHandler
                0x0000021e                PORTB_DriverIRQHandler
                0x0000021e                Reserved44_DriverIRQHandler
                0x0000021e                Reserved85_DriverIRQHandler
                0x0000021e                Reserved81_DriverIRQHandler
                0x0000021e                ADC0_DriverIRQHandler
                0x0000021e                CMP0_DriverIRQHandler
                0x0000021e                FTM3_DriverIRQHandler
                0x0000021e                PIT0_DriverIRQHandler
                0x0000021e                UART1_ERR_DriverIRQHandler
                0x0000021e                PORTD_DriverIRQHandler
                0x0000021e                Reserved70_DriverIRQHandler
                0x0000021e                Reserved86_DriverIRQHandler
                0x0000021e                PORTE_DriverIRQHandler
                0x00000400                . = 0x400
 *fill*         0x00000220      0x1e0 ff
                0x00000400                PROVIDE (__FLASH_CONFIG_START__ = .)
 *(SORT_BY_ALIGNMENT(.FlashConfig))
 .FlashConfig   0x00000400       0x10 ./startup/startup_mkv31f51212.o
                0x00000400                Flash_Config
                0x00000410                PROVIDE (__FLASH_CONFIG_END__ = .)
                0x00000001                ASSERT (! ((__FLASH_CONFIG_START__ == __FLASH_CONFIG_END__)), Linker Flash Config Support Enabled, but no .FlashConfig section provided within application)
 *(SORT_BY_ALIGNMENT(.text*))
 .text.SVC_Handler
                0x00000410       0x28 ./amazon-freertos/freertos_kernel/portable/GCC/ARM_CM4F/port.o
                0x00000410                SVC_Handler
 *fill*         0x00000438        0x8 ff
 .text.PendSV_Handler
                0x00000440       0x68 ./amazon-freertos/freertos_kernel/portable/GCC/ARM_CM4F/port.o
                0x00000440                PendSV_Handler
 .text.main     0x000004a8       0x30 ./source/MKV31F512xxx12_Project.o
                0x000004a8                main
 .text.DSPI_CommonIRQHandler
                0x000004d8       0x40 ./drivers/fsl_dspi.o
 .text.SPI0_DriverIRQHandler
                0x00000518       0x30 ./drivers/fsl_dspi.o
                0x00000518                SPI0_DriverIRQHandler
 .text.SPI1_DriverIRQHandler
                0x00000548       0x30 ./drivers/fsl_dspi.o
                0x00000548                SPI1_DriverIRQHandler
 .text.EDMA_HandleIRQ
                0x00000578      0x160 ./drivers/fsl_edma.o
                0x00000578                EDMA_HandleIRQ
 .text.DMA0_DriverIRQHandler
                0x000006d8       0x1c ./drivers/fsl_edma.o
                0x000006d8                DMA0_DriverIRQHandler
 .text.DMA1_DriverIRQHandler
                0x000006f4       0x1c ./drivers/fsl_edma.o
                0x000006f4                DMA1_DriverIRQHandler
 .text.DMA2_DriverIRQHandler
                0x00000710       0x1c ./drivers/fsl_edma.o
                0x00000710                DMA2_DriverIRQHandler
 .text.DMA3_DriverIRQHandler
                0x0000072c       0x1c ./drivers/fsl_edma.o
                0x0000072c                DMA3_DriverIRQHandler
 .text.DMA4_DriverIRQHandler
                0x00000748       0x1c ./drivers/fsl_edma.o
                0x00000748                DMA4_DriverIRQHandler
 .text.DMA5_DriverIRQHandler
                0x00000764       0x1c ./drivers/fsl_edma.o
                0x00000764                DMA5_DriverIRQHandler
 .text.DMA6_DriverIRQHandler
                0x00000780       0x1c ./drivers/fsl_edma.o
                0x00000780                DMA6_DriverIRQHandler
 .text.DMA7_DriverIRQHandler
                0x0000079c       0x1c ./drivers/fsl_edma.o
                0x0000079c                DMA7_DriverIRQHandler
 .text.DMA8_DriverIRQHandler
                0x000007b8       0x1c ./drivers/fsl_edma.o
                0x000007b8                DMA8_DriverIRQHandler
 .text.DMA9_DriverIRQHandler
                0x000007d4       0x1c ./drivers/fsl_edma.o
                0x000007d4                DMA9_DriverIRQHandler
 .text.DMA10_DriverIRQHandler
                0x000007f0       0x1c ./drivers/fsl_edma.o
                0x000007f0                DMA10_DriverIRQHandler
 .text.DMA11_DriverIRQHandler
                0x0000080c       0x1c ./drivers/fsl_edma.o
                0x0000080c                DMA11_DriverIRQHandler
 .text.DMA12_DriverIRQHandler
                0x00000828       0x1c ./drivers/fsl_edma.o
                0x00000828                DMA12_DriverIRQHandler
 .text.DMA13_DriverIRQHandler
                0x00000844       0x1c ./drivers/fsl_edma.o
                0x00000844                DMA13_DriverIRQHandler
 .text.DMA14_DriverIRQHandler
                0x00000860       0x1c ./drivers/fsl_edma.o
                0x00000860                DMA14_DriverIRQHandler
 .text.DMA15_DriverIRQHandler
                0x0000087c       0x1c ./drivers/fsl_edma.o
                0x0000087c                DMA15_DriverIRQHandler
 .text.I2C_TransferCommonIRQHandler
                0x00000898       0x54 ./drivers/fsl_i2c.o
 .text.I2C0_DriverIRQHandler
                0x000008ec       0x1c ./drivers/fsl_i2c.o
                0x000008ec                I2C0_DriverIRQHandler
 .text.I2C1_DriverIRQHandler
                0x00000908       0x1c ./drivers/fsl_i2c.o
                0x00000908                I2C1_DriverIRQHandler
 .text.LPUART0_DriverIRQHandler
                0x00000924       0x28 ./drivers/fsl_lpuart.o
                0x00000924                LPUART0_DriverIRQHandler
 .text.UART0_DriverIRQHandler
                0x0000094c       0x28 ./drivers/fsl_uart.o
                0x0000094c                UART0_DriverIRQHandler
 .text.UART1_DriverIRQHandler
                0x00000974       0x28 ./drivers/fsl_uart.o
                0x00000974                UART1_DriverIRQHandler
 .text.UART2_DriverIRQHandler
                0x0000099c       0x28 ./drivers/fsl_uart.o
                0x0000099c                UART2_DriverIRQHandler
 .text.SystemInit
                0x000009c4       0x3c ./device/system_MKV31F51212.o
                0x000009c4                SystemInit
 .text.SystemCoreClockUpdate
                0x00000a00      0x270 ./device/system_MKV31F51212.o
                0x00000a00                SystemCoreClockUpdate
 .text.SysTick_Handler
                0x00000c70       0x40 ./amazon-freertos/freertos_kernel/portable/GCC/ARM_CM4F/port.o
                0x00000c70                SysTick_Handler
 .text.xTaskIncrementTick
                0x00000cb0      0x150 ./amazon-freertos/freertos_kernel/tasks.o
                0x00000cb0                xTaskIncrementTick
 .text.vTaskSwitchContext
                0x00000e00       0xb4 ./amazon-freertos/freertos_kernel/tasks.o
                0x00000e00                vTaskSwitchContext
 .text.prvResetNextTaskUnblockTime
                0x00000eb4       0x40 ./amazon-freertos/freertos_kernel/tasks.o
 .text.__assertion_failed
                0x00000ef4       0x4c c:/nxp/mcuxpressoide_11.1.1_3241/ide/plugins/com.nxp.mcuxpresso.tools.win32_11.1.0.202001081728/tools/bin/../lib/gcc/arm-none-eabi/8.3.1/../../../../arm-none-eabi/lib/thumb/v7e-m+fp/hard\libcr_semihost_nf.a(_cr_assert.o)
                0x00000ef4                __assertion_failed
 .text.__sys_appexit
                0x00000f40        0xc c:/nxp/mcuxpressoide_11.1.1_3241/ide/plugins/com.nxp.mcuxpresso.tools.win32_11.1.0.202001081728/tools/bin/../lib/gcc/arm-none-eabi/8.3.1/../../../../arm-none-eabi/lib/thumb/v7e-m+fp/hard\libcr_semihost_nf.a(__sys_appexit.o)
                0x00000f40                __sys_appexit
                0x00000f40                __exit
 .text._Cwritebuf
                0x00000f4c       0x6c c:/nxp/mcuxpressoide_11.1.1_3241/ide/plugins/com.nxp.mcuxpresso.tools.win32_11.1.0.202001081728/tools/bin/../lib/gcc/arm-none-eabi/8.3.1/../../../../arm-none-eabi/lib/thumb/v7e-m+fp/hard\libcr_c.a(_writebuf.o)
                0x00000f4c                _Cwritebuf
 .text.malloc   0x00000fb8       0xc8 c:/nxp/mcuxpressoide_11.1.1_3241/ide/plugins/com.nxp.mcuxpresso.tools.win32_11.1.0.202001081728/tools/bin/../lib/gcc/arm-none-eabi/8.3.1/../../../../arm-none-eabi/lib/thumb/v7e-m+fp/hard\libcr_c.a(alloc.o)
                0x00000fb8                malloc
 .text._Csys_alloc
                0x00001080       0x20 c:/nxp/mcuxpressoide_11.1.1_3241/ide/plugins/com.nxp.mcuxpresso.tools.win32_11.1.0.202001081728/tools/bin/../lib/gcc/arm-none-eabi/8.3.1/../../../../arm-none-eabi/lib/thumb/v7e-m+fp/hard\libcr_c.a(alloc.o)
                0x00001080                _Csys_alloc
 .text.fseek    0x000010a0      0x100 c:/nxp/mcuxpressoide_11.1.1_3241/ide/plugins/com.nxp.mcuxpresso.tools.win32_11.1.0.202001081728/tools/bin/../lib/gcc/arm-none-eabi/8.3.1/../../../../arm-none-eabi/lib/thumb/v7e-m+fp/hard\libcr_c.a(fseek.o)
                0x000010a0                fseek
 .text.ftell    0x000011a0       0x48 c:/nxp/mcuxpressoide_11.1.1_3241/ide/plugins/com.nxp.mcuxpresso.tools.win32_11.1.0.202001081728/tools/bin/../lib/gcc/arm-none-eabi/8.3.1/../../../../arm-none-eabi/lib/thumb/v7e-m+fp/hard\libcr_c.a(ftell.o)
                0x000011a0                ftell
 .text._initio  0x000011e8       0x78 c:/nxp/mcuxpressoide_11.1.1_3241/ide/plugins/com.nxp.mcuxpresso.tools.win32_11.1.0.202001081728/tools/bin/../lib/gcc/arm-none-eabi/8.3.1/../../../../arm-none-eabi/lib/thumb/v7e-m+fp/hard\libcr_c.a(initio.o)
                0x000011e8                _initio
 .text.__vfprintf
                0x00001260      0xbe0 c:/nxp/mcuxpressoide_11.1.1_3241/ide/plugins/com.nxp.mcuxpresso.tools.win32_11.1.0.202001081728/tools/bin/../lib/gcc/arm-none-eabi/8.3.1/../../../../arm-none-eabi/lib/thumb/v7e-m+fp/hard\libcr_c.a(printf.o)
                0x00001260                __vfprintf
 .text._vsnprintf
                0x00001e40       0x68 c:/nxp/mcuxpressoide_11.1.1_3241/ide/plugins/com.nxp.mcuxpresso.tools.win32_11.1.0.202001081728/tools/bin/../lib/gcc/arm-none-eabi/8.3.1/../../../../arm-none-eabi/lib/thumb/v7e-m+fp/hard\libcr_c.a(printf.o)
                0x00001e40                _vsnprintf
 .text._printf  0x00001ea8       0x54 c:/nxp/mcuxpressoide_11.1.1_3241/ide/plugins/com.nxp.mcuxpresso.tools.win32_11.1.0.202001081728/tools/bin/../lib/gcc/arm-none-eabi/8.3.1/../../../../arm-none-eabi/lib/thumb/v7e-m+fp/hard\libcr_c.a(printf.o)
                0x00001ea8                _printf
 .text.setvbuf  0x00001efc       0x40 c:/nxp/mcuxpressoide_11.1.1_3241/ide/plugins/com.nxp.mcuxpresso.tools.win32_11.1.0.202001081728/tools/bin/../lib/gcc/arm-none-eabi/8.3.1/../../../../arm-none-eabi/lib/thumb/v7e-m+fp/hard\libcr_c.a(setvbuf.o)
                0x00001efc                setvbuf
 .text._sbrk    0x00001f3c       0x3c c:/nxp/mcuxpressoide_11.1.1_3241/ide/plugins/com.nxp.mcuxpresso.tools.win32_11.1.0.202001081728/tools/bin/../lib/gcc/arm-none-eabi/8.3.1/../../../../arm-none-eabi/lib/thumb/v7e-m+fp/hard\libcr_c.a(_cr_sbrk.o)
                0x00001f3c                _sbrk
 .text.fflush   0x00001f78       0x44 c:/nxp/mcuxpressoide_11.1.1_3241/ide/plugins/com.nxp.mcuxpresso.tools.win32_11.1.0.202001081728/tools/bin/../lib/gcc/arm-none-eabi/8.3.1/../../../../arm-none-eabi/lib/thumb/v7e-m+fp/hard\libcr_c.a(fflush.o)
                0x00001f78                fflush
 .text.__check_heap_overflow
                0x00001fbc       0x18 c:/nxp/mcuxpressoide_11.1.1_3241/ide/plugins/com.nxp.mcuxpresso.tools.win32_11.1.0.202001081728/tools/bin/../lib/gcc/arm-none-eabi/8.3.1/../../../../arm-none-eabi/lib/thumb/v7e-m+fp/hard\libcr_c.a(_cr_check_heap.o)
                0x00001fbc                __check_heap_overflow
 .text.DMA0_IRQHandler
                0x00001fd4        0x8 ./startup/startup_mkv31f51212.o
                0x00001fd4                DMA0_IRQHandler
 .text.DMA1_IRQHandler
                0x00001fdc        0x8 ./startup/startup_mkv31f51212.o
                0x00001fdc                DMA1_IRQHandler
 .text.DMA2_IRQHandler
                0x00001fe4        0x8 ./startup/startup_mkv31f51212.o
                0x00001fe4                DMA2_IRQHandler
 .text.DMA3_IRQHandler
                0x00001fec        0x8 ./startup/startup_mkv31f51212.o
                0x00001fec                DMA3_IRQHandler
 .text.DMA4_IRQHandler
                0x00001ff4        0x8 ./startup/startup_mkv31f51212.o
                0x00001ff4                DMA4_IRQHandler
 .text.DMA5_IRQHandler
                0x00001ffc        0x8 ./startup/startup_mkv31f51212.o
                0x00001ffc                DMA5_IRQHandler
 .text.DMA6_IRQHandler
                0x00002004        0x8 ./startup/startup_mkv31f51212.o
                0x00002004                DMA6_IRQHandler
 .text.DMA7_IRQHandler
                0x0000200c        0x8 ./startup/startup_mkv31f51212.o
                0x0000200c                DMA7_IRQHandler
 .text.DMA8_IRQHandler
                0x00002014        0x8 ./startup/startup_mkv31f51212.o
                0x00002014                DMA8_IRQHandler
 .text.DMA9_IRQHandler
                0x0000201c        0x8 ./startup/startup_mkv31f51212.o
                0x0000201c                DMA9_IRQHandler
 .text.DMA10_IRQHandler
                0x00002024        0x8 ./startup/startup_mkv31f51212.o
                0x00002024                DMA10_IRQHandler
 .text.DMA11_IRQHandler
                0x0000202c        0x8 ./startup/startup_mkv31f51212.o
                0x0000202c                DMA11_IRQHandler
 .text.DMA12_IRQHandler
                0x00002034        0x8 ./startup/startup_mkv31f51212.o
                0x00002034                DMA12_IRQHandler
 .text.DMA13_IRQHandler
                0x0000203c        0x8 ./startup/startup_mkv31f51212.o
                0x0000203c                DMA13_IRQHandler
 .text.DMA14_IRQHandler
                0x00002044        0x8 ./startup/startup_mkv31f51212.o
                0x00002044                DMA14_IRQHandler
 .text.DMA15_IRQHandler
                0x0000204c        0x8 ./startup/startup_mkv31f51212.o
                0x0000204c                DMA15_IRQHandler
 .text.DMA_Error_IRQHandler
                0x00002054        0x8 ./startup/startup_mkv31f51212.o
                0x00002054                DMA_Error_IRQHandler
 .text.MCM_IRQHandler
                0x0000205c        0x8 ./startup/startup_mkv31f51212.o
                0x0000205c                MCM_IRQHandler
 .text.FTF_IRQHandler
                0x00002064        0x8 ./startup/startup_mkv31f51212.o
                0x00002064                FTF_IRQHandler
 .text.Read_Collision_IRQHandler
                0x0000206c        0x8 ./startup/startup_mkv31f51212.o
                0x0000206c                Read_Collision_IRQHandler
 .text.LVD_LVW_IRQHandler
                0x00002074        0x8 ./startup/startup_mkv31f51212.o
                0x00002074                LVD_LVW_IRQHandler
 .text.LLWU_IRQHandler
                0x0000207c        0x8 ./startup/startup_mkv31f51212.o
                0x0000207c                LLWU_IRQHandler
 .text.WDOG_EWM_IRQHandler
                0x00002084        0x8 ./startup/startup_mkv31f51212.o
                0x00002084                WDOG_EWM_IRQHandler
 .text.RNG_IRQHandler
                0x0000208c        0x8 ./startup/startup_mkv31f51212.o
                0x0000208c                RNG_IRQHandler
 .text.I2C0_IRQHandler
                0x00002094        0x8 ./startup/startup_mkv31f51212.o
                0x00002094                I2C0_IRQHandler
 .text.I2C1_IRQHandler
                0x0000209c        0x8 ./startup/startup_mkv31f51212.o
                0x0000209c                I2C1_IRQHandler
 .text.SPI0_IRQHandler
                0x000020a4        0x8 ./startup/startup_mkv31f51212.o
                0x000020a4                SPI0_IRQHandler
 .text.SPI1_IRQHandler
                0x000020ac        0x8 ./startup/startup_mkv31f51212.o
                0x000020ac                SPI1_IRQHandler
 .text.Reserved44_IRQHandler
                0x000020b4        0x8 ./startup/startup_mkv31f51212.o
                0x000020b4                Reserved44_IRQHandler
 .text.Reserved45_IRQHandler
                0x000020bc        0x8 ./startup/startup_mkv31f51212.o
                0x000020bc                Reserved45_IRQHandler
 .text.LPUART0_IRQHandler
                0x000020c4        0x8 ./startup/startup_mkv31f51212.o
                0x000020c4                LPUART0_IRQHandler
 .text.UART0_RX_TX_IRQHandler
                0x000020cc        0x8 ./startup/startup_mkv31f51212.o
                0x000020cc                UART0_RX_TX_IRQHandler
 .text.UART0_ERR_IRQHandler
                0x000020d4        0x8 ./startup/startup_mkv31f51212.o
                0x000020d4                UART0_ERR_IRQHandler
 .text.UART1_RX_TX_IRQHandler
                0x000020dc        0x8 ./startup/startup_mkv31f51212.o
                0x000020dc                UART1_RX_TX_IRQHandler
 .text.UART1_ERR_IRQHandler
                0x000020e4        0x8 ./startup/startup_mkv31f51212.o
                0x000020e4                UART1_ERR_IRQHandler
 .text.UART2_RX_TX_IRQHandler
                0x000020ec        0x8 ./startup/startup_mkv31f51212.o
                0x000020ec                UART2_RX_TX_IRQHandler
 .text.UART2_ERR_IRQHandler
                0x000020f4        0x8 ./startup/startup_mkv31f51212.o
                0x000020f4                UART2_ERR_IRQHandler
 .text.Reserved53_IRQHandler
                0x000020fc        0x8 ./startup/startup_mkv31f51212.o
                0x000020fc                Reserved53_IRQHandler
 .text.Reserved54_IRQHandler
                0x00002104        0x8 ./startup/startup_mkv31f51212.o
                0x00002104                Reserved54_IRQHandler
 .text.ADC0_IRQHandler
                0x0000210c        0x8 ./startup/startup_mkv31f51212.o
                0x0000210c                ADC0_IRQHandler
 .text.CMP0_IRQHandler
                0x00002114        0x8 ./startup/startup_mkv31f51212.o
                0x00002114                CMP0_IRQHandler
 .text.CMP1_IRQHandler
                0x0000211c        0x8 ./startup/startup_mkv31f51212.o
                0x0000211c                CMP1_IRQHandler
 .text.FTM0_IRQHandler
                0x00002124        0x8 ./startup/startup_mkv31f51212.o
                0x00002124                FTM0_IRQHandler
 .text.FTM1_IRQHandler
                0x0000212c        0x8 ./startup/startup_mkv31f51212.o
                0x0000212c                FTM1_IRQHandler
 .text.FTM2_IRQHandler
                0x00002134        0x8 ./startup/startup_mkv31f51212.o
                0x00002134                FTM2_IRQHandler
 .text.Reserved61_IRQHandler
                0x0000213c        0x8 ./startup/startup_mkv31f51212.o
                0x0000213c                Reserved61_IRQHandler
 .text.Reserved62_IRQHandler
                0x00002144        0x8 ./startup/startup_mkv31f51212.o
                0x00002144                Reserved62_IRQHandler
 .text.Reserved63_IRQHandler
                0x0000214c        0x8 ./startup/startup_mkv31f51212.o
                0x0000214c                Reserved63_IRQHandler
 .text.PIT0_IRQHandler
                0x00002154        0x8 ./startup/startup_mkv31f51212.o
                0x00002154                PIT0_IRQHandler
 .text.PIT1_IRQHandler
                0x0000215c        0x8 ./startup/startup_mkv31f51212.o
                0x0000215c                PIT1_IRQHandler
 .text.PIT2_IRQHandler
                0x00002164        0x8 ./startup/startup_mkv31f51212.o
                0x00002164                PIT2_IRQHandler
 .text.PIT3_IRQHandler
                0x0000216c        0x8 ./startup/startup_mkv31f51212.o
                0x0000216c                PIT3_IRQHandler
 .text.PDB0_IRQHandler
                0x00002174        0x8 ./startup/startup_mkv31f51212.o
                0x00002174                PDB0_IRQHandler
 .text.Reserved69_IRQHandler
                0x0000217c        0x8 ./startup/startup_mkv31f51212.o
                0x0000217c                Reserved69_IRQHandler
 .text.Reserved70_IRQHandler
                0x00002184        0x8 ./startup/startup_mkv31f51212.o
                0x00002184                Reserved70_IRQHandler
 .text.Reserved71_IRQHandler
                0x0000218c        0x8 ./startup/startup_mkv31f51212.o
                0x0000218c                Reserved71_IRQHandler
 .text.DAC0_IRQHandler
                0x00002194        0x8 ./startup/startup_mkv31f51212.o
                0x00002194                DAC0_IRQHandler
 .text.MCG_IRQHandler
                0x0000219c        0x8 ./startup/startup_mkv31f51212.o
                0x0000219c                MCG_IRQHandler
 .text.LPTMR0_IRQHandler
                0x000021a4        0x8 ./startup/startup_mkv31f51212.o
                0x000021a4                LPTMR0_IRQHandler
 .text.PORTA_IRQHandler
                0x000021ac        0x8 ./startup/startup_mkv31f51212.o
                0x000021ac                PORTA_IRQHandler
 .text.PORTB_IRQHandler
                0x000021b4        0x8 ./startup/startup_mkv31f51212.o
                0x000021b4                PORTB_IRQHandler
 .text.PORTC_IRQHandler
                0x000021bc        0x8 ./startup/startup_mkv31f51212.o
                0x000021bc                PORTC_IRQHandler
 .text.PORTD_IRQHandler
                0x000021c4        0x8 ./startup/startup_mkv31f51212.o
                0x000021c4                PORTD_IRQHandler
 .text.PORTE_IRQHandler
                0x000021cc        0x8 ./startup/startup_mkv31f51212.o
                0x000021cc                PORTE_IRQHandler
 .text.SWI_IRQHandler
                0x000021d4        0x8 ./startup/startup_mkv31f51212.o
                0x000021d4                SWI_IRQHandler
 .text.Reserved81_IRQHandler
                0x000021dc        0x8 ./startup/startup_mkv31f51212.o
                0x000021dc                Reserved81_IRQHandler
 .text.Reserved82_IRQHandler
                0x000021e4        0x8 ./startup/startup_mkv31f51212.o
                0x000021e4                Reserved82_IRQHandler
 .text.Reserved83_IRQHandler
                0x000021ec        0x8 ./startup/startup_mkv31f51212.o
                0x000021ec                Reserved83_IRQHandler
 .text.Reserved84_IRQHandler
                0x000021f4        0x8 ./startup/startup_mkv31f51212.o
                0x000021f4                Reserved84_IRQHandler
 .text.Reserved85_IRQHandler
                0x000021fc        0x8 ./startup/startup_mkv31f51212.o
                0x000021fc                Reserved85_IRQHandler
 .text.Reserved86_IRQHandler
                0x00002204        0x8 ./startup/startup_mkv31f51212.o
                0x00002204                Reserved86_IRQHandler
 .text.FTM3_IRQHandler
                0x0000220c        0x8 ./startup/startup_mkv31f51212.o
                0x0000220c                FTM3_IRQHandler
 .text.DAC1_IRQHandler
                0x00002214        0x8 ./startup/startup_mkv31f51212.o
                0x00002214                DAC1_IRQHandler
 .text.ADC1_IRQHandler
                0x0000221c        0x8 ./startup/startup_mkv31f51212.o
                0x0000221c                ADC1_IRQHandler
 .text.HardFault_Handler
                0x00002224       0x2c ./source/semihost_hardfault.o
                0x00002224                HardFault_Handler
 .text.DSPI_IsMaster
                0x00002250       0x26 ./drivers/fsl_dspi.o
 .text.UART0_RX_TX_DriverIRQHandler
                0x00002276       0x10 ./drivers/fsl_uart.o
                0x00002276                UART0_RX_TX_DriverIRQHandler
 .text.UART1_RX_TX_DriverIRQHandler
                0x00002286       0x10 ./drivers/fsl_uart.o
                0x00002286                UART1_RX_TX_DriverIRQHandler
 .text.UART2_RX_TX_DriverIRQHandler
                0x00002296       0x10 ./drivers/fsl_uart.o
                0x00002296                UART2_RX_TX_DriverIRQHandler
 .text.SystemInitHook
                0x000022a6        0xe ./device/system_MKV31F51212.o
                0x000022a6                SystemInitHook
 .text.BOARD_InitDebugConsole
                0x000022b4        0xe ./board/board.o
                0x000022b4                BOARD_InitDebugConsole
 .text.BOARD_InitBootClocks
                0x000022c2        0xc ./board/clock_config.o
                0x000022c2                BOARD_InitBootClocks
 .text.BOARD_InitBootPeripherals
                0x000022ce        0xe ./board/peripherals.o
                0x000022ce                BOARD_InitBootPeripherals
 .text.BOARD_InitBootPins
                0x000022dc        0xe ./board/pin_mux.o
                0x000022dc                BOARD_InitBootPins
 .text.vListInsertEnd
                0x000022ea       0x48 ./amazon-freertos/freertos_kernel/list.o
                0x000022ea                vListInsertEnd
 .text.uxListRemove
                0x00002332       0x54 ./amazon-freertos/freertos_kernel/list.o
                0x00002332                uxListRemove
 .text.__main   0x00002386        0xe c:/nxp/mcuxpressoide_11.1.1_3241/ide/plugins/com.nxp.mcuxpresso.tools.win32_11.1.0.202001081728/tools/bin/../lib/gcc/arm-none-eabi/8.3.1/../../../../arm-none-eabi/lib/thumb/v7e-m+fp/hard\libcr_semihost_nf.a(_cr__main.o)
                0x00002386                __CR_SEMIHOST
                0x00002386                __main
 .text.memset   0x00002394        0x4 c:/nxp/mcuxpressoide_11.1.1_3241/ide/plugins/com.nxp.mcuxpresso.tools.win32_11.1.0.202001081728/tools/bin/../lib/gcc/arm-none-eabi/8.3.1/../../../../arm-none-eabi/lib/thumb/v7e-m+fp/hard\libcr_c.a(memset.o)
                0x00002394                memset
 .text._deferredlazyseek
                0x00002398       0x40 c:/nxp/mcuxpressoide_11.1.1_3241/ide/plugins/com.nxp.mcuxpresso.tools.win32_11.1.0.202001081728/tools/bin/../lib/gcc/arm-none-eabi/8.3.1/../../../../arm-none-eabi/lib/thumb/v7e-m+fp/hard\libcr_c.a(_deferredlazyseek.o)
                0x00002398                _deferredlazyseek
 .text.__flsbuf
                0x000023d8      0x140 c:/nxp/mcuxpressoide_11.1.1_3241/ide/plugins/com.nxp.mcuxpresso.tools.win32_11.1.0.202001081728/tools/bin/../lib/gcc/arm-none-eabi/8.3.1/../../../../arm-none-eabi/lib/thumb/v7e-m+fp/hard\libcr_c.a(_deferredlazyseek.o)
                0x000023d8                __flsbuf
 .text._fflush  0x00002518       0x52 c:/nxp/mcuxpressoide_11.1.1_3241/ide/plugins/com.nxp.mcuxpresso.tools.win32_11.1.0.202001081728/tools/bin/../lib/gcc/arm-none-eabi/8.3.1/../../../../arm-none-eabi/lib/thumb/v7e-m+fp/hard\libcr_c.a(_fflush.o)
                0x00002518                _fflush
 .text.free     0x0000256a       0x30 c:/nxp/mcuxpressoide_11.1.1_3241/ide/plugins/com.nxp.mcuxpresso.tools.win32_11.1.0.202001081728/tools/bin/../lib/gcc/arm-none-eabi/8.3.1/../../../../arm-none-eabi/lib/thumb/v7e-m+fp/hard\libcr_c.a(alloc.o)
                0x0000256a                free
 .text.fputs    0x0000259a       0x2c c:/nxp/mcuxpressoide_11.1.1_3241/ide/plugins/com.nxp.mcuxpresso.tools.win32_11.1.0.202001081728/tools/bin/../lib/gcc/arm-none-eabi/8.3.1/../../../../arm-none-eabi/lib/thumb/v7e-m+fp/hard\libcr_c.a(fputs.o)
                0x0000259a                fputs
 .text.no_fp_display
                0x000025c6        0x4 c:/nxp/mcuxpressoide_11.1.1_3241/ide/plugins/com.nxp.mcuxpresso.tools.win32_11.1.0.202001081728/tools/bin/../lib/gcc/arm-none-eabi/8.3.1/../../../../arm-none-eabi/lib/thumb/v7e-m+fp/hard\libcr_c.a(printf.o)
 .text.strlen   0x000025ca       0x4c c:/nxp/mcuxpressoide_11.1.1_3241/ide/plugins/com.nxp.mcuxpresso.tools.win32_11.1.0.202001081728/tools/bin/../lib/gcc/arm-none-eabi/8.3.1/../../../../arm-none-eabi/lib/thumb/v7e-m+fp/hard\libcr_c.a(strlen.o)
                0x000025ca                strlen
 .text._fdopen  0x00002616       0x68 c:/nxp/mcuxpressoide_11.1.1_3241/ide/plugins/com.nxp.mcuxpresso.tools.win32_11.1.0.202001081728/tools/bin/../lib/gcc/arm-none-eabi/8.3.1/../../../../arm-none-eabi/lib/thumb/v7e-m+fp/hard\libcr_c.a(_fdopen.o)
                0x00002616                _fdopen
 .text.fclose   0x0000267e       0x58 c:/nxp/mcuxpressoide_11.1.1_3241/ide/plugins/com.nxp.mcuxpresso.tools.win32_11.1.0.202001081728/tools/bin/../lib/gcc/arm-none-eabi/8.3.1/../../../../arm-none-eabi/lib/thumb/v7e-m+fp/hard\libcr_c.a(fclose.o)
                0x0000267e                fclose
 .text.remove   0x000026d6       0x14 c:/nxp/mcuxpressoide_11.1.1_3241/ide/plugins/com.nxp.mcuxpresso.tools.win32_11.1.0.202001081728/tools/bin/../lib/gcc/arm-none-eabi/8.3.1/../../../../arm-none-eabi/lib/thumb/v7e-m+fp/hard\libcr_c.a(remove.o)
                0x000026d6                remove
 .text._do_fflush
                0x000026ea       0x40 c:/nxp/mcuxpressoide_11.1.1_3241/ide/plugins/com.nxp.mcuxpresso.tools.win32_11.1.0.202001081728/tools/bin/../lib/gcc/arm-none-eabi/8.3.1/../../../../arm-none-eabi/lib/thumb/v7e-m+fp/hard\libcr_c.a(_do_fflush.o)
                0x000026ea                _do_fflush
 .text.__aeabi_memset_lowlevel
                0x0000272a       0x32 c:/nxp/mcuxpressoide_11.1.1_3241/ide/plugins/com.nxp.mcuxpresso.tools.win32_11.1.0.202001081728/tools/bin/../lib/gcc/arm-none-eabi/8.3.1/thumb/v7e-m+fp/hard\libcr_eabihelpers.a(memcpy.o)
                0x0000272a                __aeabi_lowlevel_memset
 .text.__sys_close
                0x0000275c        0xc c:/nxp/mcuxpressoide_11.1.1_3241/ide/plugins/com.nxp.mcuxpresso.tools.win32_11.1.0.202001081728/tools/bin/../lib/gcc/arm-none-eabi/8.3.1/../../../../arm-none-eabi/lib/thumb/v7e-m+fp/hard\libcr_semihost_nf.a(__sys_close.o)
                0x0000275c                __sys_close
 .text.__sys_flen
                0x00002768        0xc c:/nxp/mcuxpressoide_11.1.1_3241/ide/plugins/com.nxp.mcuxpresso.tools.win32_11.1.0.202001081728/tools/bin/../lib/gcc/arm-none-eabi/8.3.1/../../../../arm-none-eabi/lib/thumb/v7e-m+fp/hard\libcr_semihost_nf.a(__sys_flen.o)
                0x00002768                __sys_flen
 .text.__sys_istty
                0x00002774        0xc c:/nxp/mcuxpressoide_11.1.1_3241/ide/plugins/com.nxp.mcuxpresso.tools.win32_11.1.0.202001081728/tools/bin/../lib/gcc/arm-none-eabi/8.3.1/../../../../arm-none-eabi/lib/thumb/v7e-m+fp/hard\libcr_semihost_nf.a(__sys_istty.o)
                0x00002774                __sys_istty
 .text.__sys_remove
                0x00002780        0xc c:/nxp/mcuxpressoide_11.1.1_3241/ide/plugins/com.nxp.mcuxpresso.tools.win32_11.1.0.202001081728/tools/bin/../lib/gcc/arm-none-eabi/8.3.1/../../../../arm-none-eabi/lib/thumb/v7e-m+fp/hard\libcr_semihost_nf.a(__sys_remove.o)
                0x00002780                __sys_remove
 .text.__sys_seek
                0x0000278c        0xc c:/nxp/mcuxpressoide_11.1.1_3241/ide/plugins/com.nxp.mcuxpresso.tools.win32_11.1.0.202001081728/tools/bin/../lib/gcc/arm-none-eabi/8.3.1/../../../../arm-none-eabi/lib/thumb/v7e-m+fp/hard\libcr_semihost_nf.a(__sys_seek.o)
                0x0000278c                __sys_seek
 .text.__sys_tmpnam
                0x00002798        0xc c:/nxp/mcuxpressoide_11.1.1_3241/ide/plugins/com.nxp.mcuxpresso.tools.win32_11.1.0.202001081728/tools/bin/../lib/gcc/arm-none-eabi/8.3.1/../../../../arm-none-eabi/lib/thumb/v7e-m+fp/hard\libcr_semihost_nf.a(__sys_tmpnam.o)
                0x00002798                __sys_tmpnam
 .text.__sys_write
                0x000027a4        0xc c:/nxp/mcuxpressoide_11.1.1_3241/ide/plugins/com.nxp.mcuxpresso.tools.win32_11.1.0.202001081728/tools/bin/../lib/gcc/arm-none-eabi/8.3.1/../../../../arm-none-eabi/lib/thumb/v7e-m+fp/hard\libcr_semihost_nf.a(__sys_write.o)
                0x000027a4                __sys_write
 *freertos*/tasks.o(SORT_BY_ALIGNMENT(.rodata*))
 .rodata.vTaskStartScheduler.str1.4
                0x000027b0        0x8 ./amazon-freertos/freertos_kernel/tasks.o
                                  0x5 (size before relaxing)
 *(SORT_BY_ALIGNMENT(.rodata) SORT_BY_ALIGNMENT(.rodata.*) SORT_BY_ALIGNMENT(.constdata) SORT_BY_ALIGNMENT(.constdata.*))
 .rodata.main.str1.4
                0x000027b8        0xd ./source/MKV31F512xxx12_Project.o
 *fill*         0x000027c5        0x3 ff
 .rodata.SPI0_DriverIRQHandler.str1.4
                0x000027c8       0x2b ./drivers/fsl_dspi.o
 *fill*         0x000027f3        0x1 ff
 .rodata.SPI1_DriverIRQHandler.str1.4
                0x000027f4       0x2b ./drivers/fsl_dspi.o
 *fill*         0x0000281f        0x1 ff
 .rodata.EDMA_HandleIRQ.str1.4
                0x00002820       0x22 ./drivers/fsl_edma.o
 *fill*         0x00002842        0x2 ff
 .rodata.__num_Ciob_streams
                0x00002844        0x4 c:/nxp/mcuxpressoide_11.1.1_3241/ide/plugins/com.nxp.mcuxpresso.tools.win32_11.1.0.202001081728/tools/bin/../lib/gcc/arm-none-eabi/8.3.1/../../../../arm-none-eabi/lib/thumb/v7e-m+fp/hard\libcr_semihost_nf.a(__ciob.o)
                0x00002844                __num_Ciob_streams
 .rodata.__assertion_failed.str1.1
                0x00002848       0x15 c:/nxp/mcuxpressoide_11.1.1_3241/ide/plugins/com.nxp.mcuxpresso.tools.win32_11.1.0.202001081728/tools/bin/../lib/gcc/arm-none-eabi/8.3.1/../../../../arm-none-eabi/lib/thumb/v7e-m+fp/hard\libcr_semihost_nf.a(_cr_assert.o)
 .rodata._Csys_alloc.str1.1
                0x0000285d       0x18 c:/nxp/mcuxpressoide_11.1.1_3241/ide/plugins/com.nxp.mcuxpresso.tools.win32_11.1.0.202001081728/tools/bin/../lib/gcc/arm-none-eabi/8.3.1/../../../../arm-none-eabi/lib/thumb/v7e-m+fp/hard\libcr_c.a(alloc.o)
 .rodata._initio.str1.1
                0x00002875        0x4 c:/nxp/mcuxpressoide_11.1.1_3241/ide/plugins/com.nxp.mcuxpresso.tools.win32_11.1.0.202001081728/tools/bin/../lib/gcc/arm-none-eabi/8.3.1/../../../../arm-none-eabi/lib/thumb/v7e-m+fp/hard\libcr_c.a(initio.o)
 .rodata.__vfprintf.str1.1
                0x00002879       0x35 c:/nxp/mcuxpressoide_11.1.1_3241/ide/plugins/com.nxp.mcuxpresso.tools.win32_11.1.0.202001081728/tools/bin/../lib/gcc/arm-none-eabi/8.3.1/../../../../arm-none-eabi/lib/thumb/v7e-m+fp/hard\libcr_c.a(printf.o)
                                 0x38 (size before relaxing)
                0x000028b0                . = ALIGN (0x4)
 *fill*         0x000028ae        0x2 ff

.glue_7         0x000028b0        0x0
 .glue_7        0x000028b0        0x0 linker stubs

.glue_7t        0x000028b0        0x0
 .glue_7t       0x000028b0        0x0 linker stubs

.vfp11_veneer   0x000028b0        0x0
 .vfp11_veneer  0x000028b0        0x0 linker stubs

.v4_bx          0x000028b0        0x0
 .v4_bx         0x000028b0        0x0 linker stubs

.iplt           0x000028b0        0x0
 .iplt          0x000028b0        0x0 ./startup/startup_mkv31f51212.o

.rel.dyn        0x000028b0        0x0
 .rel.iplt      0x000028b0        0x0 ./startup/startup_mkv31f51212.o

.ARM.extab
 *(SORT_BY_ALIGNMENT(.ARM.extab*) SORT_BY_ALIGNMENT(.gnu.linkonce.armextab.*))

.ARM.exidx      0x000028b0        0x0
                0x000028b0                __exidx_start = .
 *(SORT_BY_ALIGNMENT(.ARM.exidx*) SORT_BY_ALIGNMENT(.gnu.linkonce.armexidx.*))
                0x000028b0                __exidx_end = .
                0x000028b0                _etext = .

.data_RAM2      0x1fff8000        0x0 load address 0x000028b0
 FILL mask 0xff
                [!provide]                PROVIDE (__start_data_RAM2 = .)
                [!provide]                PROVIDE (__start_data_SRAM_LOWER = .)
 *(SORT_BY_ALIGNMENT(.ramfunc.$RAM2))
 *(SORT_BY_ALIGNMENT(.ramfunc.$SRAM_LOWER))
 *(SORT_BY_ALIGNMENT(.data.$RAM2))
 *(SORT_BY_ALIGNMENT(.data.$SRAM_LOWER))
 *(SORT_BY_ALIGNMENT(.data.$RAM2.*))
 *(SORT_BY_ALIGNMENT(.data.$SRAM_LOWER.*))
                0x1fff8000                . = ALIGN (0x4)
                [!provide]                PROVIDE (__end_data_RAM2 = .)
                [!provide]                PROVIDE (__end_data_SRAM_LOWER = .)

.uninit_RESERVED
                0x20000000        0x0
                0x20000000                _start_uninit_RESERVED = .
 *(SORT_BY_ALIGNMENT(.bss.$RESERVED*))
                0x20000000                . = ALIGN (0x4)
                0x20000000                _end_uninit_RESERVED = .

.data           0x20000000        0x4 load address 0x000028b0
 FILL mask 0xff
                0x20000000                _data = .
                [!provide]                PROVIDE (__start_data_RAM = .)
                [!provide]                PROVIDE (__start_data_SRAM_UPPER = .)
 *(SORT_BY_ALIGNMENT(vtable))
 *(SORT_BY_ALIGNMENT(.ramfunc*))
 *(SORT_BY_ALIGNMENT(CodeQuickAccess))
 *(SORT_BY_ALIGNMENT(DataQuickAccess))
 *(SORT_BY_ALIGNMENT(RamFunction))
 *(SORT_BY_ALIGNMENT(.data*))
 .data.SystemCoreClock
                0x20000000        0x4 ./device/system_MKV31F51212.o
                0x20000000                SystemCoreClock
                0x20000004                . = ALIGN (0x4)
                0x20000004                _edata = .
                [!provide]                PROVIDE (__end_data_RAM = .)
                [!provide]                PROVIDE (__end_data_SRAM_UPPER = .)

.igot.plt       0x20000004        0x0 load address 0x000028b4
 .igot.plt      0x20000004        0x0 ./startup/startup_mkv31f51212.o

.bss_RAM2       0x1fff8000        0x0
                [!provide]                PROVIDE (__start_bss_RAM2 = .)
                [!provide]                PROVIDE (__start_bss_SRAM_LOWER = .)
 *(SORT_BY_ALIGNMENT(.bss.$RAM2))
 *(SORT_BY_ALIGNMENT(.bss.$SRAM_LOWER))
 *(SORT_BY_ALIGNMENT(.bss.$RAM2.*))
 *(SORT_BY_ALIGNMENT(.bss.$SRAM_LOWER.*))
                0x1fff8000                . = ALIGN ((. != 0x0)?0x4:0x1)
                [!provide]                PROVIDE (__end_bss_RAM2 = .)
                [!provide]                PROVIDE (__end_bss_SRAM_LOWER = .)

.bss            0x20000004      0x1c8
                0x20000004                _bss = .
                [!provide]                PROVIDE (__start_bss_RAM = .)
                [!provide]                PROVIDE (__start_bss_SRAM_UPPER = .)
 *(SORT_BY_ALIGNMENT(.bss*))
 .bss.i.7754    0x20000004        0x4 ./source/MKV31F512xxx12_Project.o
 .bss.g_dspiHandle
                0x20000008        0x8 ./drivers/fsl_dspi.o
 .bss.s_dspiMasterIsr
                0x20000010        0x4 ./drivers/fsl_dspi.o
 .bss.s_dspiSlaveIsr
                0x20000014        0x4 ./drivers/fsl_dspi.o
 .bss.s_EDMAHandle
                0x20000018       0x40 ./drivers/fsl_edma.o
 .bss.s_i2cHandle
                0x20000058        0x8 ./drivers/fsl_i2c.o
 .bss.s_i2cMasterIsr
                0x20000060        0x4 ./drivers/fsl_i2c.o
 .bss.s_i2cSlaveIsr
                0x20000064        0x4 ./drivers/fsl_i2c.o
 .bss.s_lpuartHandle
                0x20000068        0x4 ./drivers/fsl_lpuart.o
 .bss.s_lpuartIsr
                0x2000006c        0x4 ./drivers/fsl_lpuart.o
 .bss.s_uartHandle
                0x20000070        0xc ./drivers/fsl_uart.o
 .bss.s_uartIsr
                0x2000007c        0x4 ./drivers/fsl_uart.o
 .bss.pxCurrentTCB
                0x20000080        0x4 ./amazon-freertos/freertos_kernel/tasks.o
                0x20000080                pxCurrentTCB
 .bss.pxReadyTasksLists
                0x20000084       0x64 ./amazon-freertos/freertos_kernel/tasks.o
 .bss.pxDelayedTaskList
                0x200000e8        0x4 ./amazon-freertos/freertos_kernel/tasks.o
 .bss.pxOverflowDelayedTaskList
                0x200000ec        0x4 ./amazon-freertos/freertos_kernel/tasks.o
 .bss.xTickCount
                0x200000f0        0x4 ./amazon-freertos/freertos_kernel/tasks.o
 .bss.uxTopReadyPriority
                0x200000f4        0x4 ./amazon-freertos/freertos_kernel/tasks.o
 .bss.uxPendedTicks
                0x200000f8        0x4 ./amazon-freertos/freertos_kernel/tasks.o
 .bss.xYieldPending
                0x200000fc        0x4 ./amazon-freertos/freertos_kernel/tasks.o
 .bss.xNumOfOverflows
                0x20000100        0x4 ./amazon-freertos/freertos_kernel/tasks.o
 .bss.xNextTaskUnblockTime
                0x20000104        0x4 ./amazon-freertos/freertos_kernel/tasks.o
 .bss.uxSchedulerSuspended
                0x20000108        0x4 ./amazon-freertos/freertos_kernel/tasks.o
 .bss.__Ciob    0x2000010c       0xb4 c:/nxp/mcuxpressoide_11.1.1_3241/ide/plugins/com.nxp.mcuxpresso.tools.win32_11.1.0.202001081728/tools/bin/../lib/gcc/arm-none-eabi/8.3.1/../../../../arm-none-eabi/lib/thumb/v7e-m+fp/hard\libcr_semihost_nf.a(__ciob.o)
                0x2000010c                __Ciob
 .bss.__end_of_heap
                0x200001c0        0x4 c:/nxp/mcuxpressoide_11.1.1_3241/ide/plugins/com.nxp.mcuxpresso.tools.win32_11.1.0.202001081728/tools/bin/../lib/gcc/arm-none-eabi/8.3.1/../../../../arm-none-eabi/lib/thumb/v7e-m+fp/hard\libcr_c.a(__init_alloc.o)
                0x200001c0                __end_of_heap
 .bss.__heaps   0x200001c4        0x4 c:/nxp/mcuxpressoide_11.1.1_3241/ide/plugins/com.nxp.mcuxpresso.tools.win32_11.1.0.202001081728/tools/bin/../lib/gcc/arm-none-eabi/8.3.1/../../../../arm-none-eabi/lib/thumb/v7e-m+fp/hard\libcr_c.a(__init_alloc.o)
                0x200001c4                __heaps
 .bss.errno     0x200001c8        0x4 c:/nxp/mcuxpressoide_11.1.1_3241/ide/plugins/com.nxp.mcuxpresso.tools.win32_11.1.0.202001081728/tools/bin/../lib/gcc/arm-none-eabi/8.3.1/../../../../arm-none-eabi/lib/thumb/v7e-m+fp/hard\libcr_c.a(errno.o)
                0x200001c8                errno
 *(SORT_BY_ALIGNMENT(COMMON))
                0x200001cc                . = ALIGN (0x4)
                0x200001cc                _ebss = .
                [!provide]                PROVIDE (__end_bss_RAM = .)
                [!provide]                PROVIDE (__end_bss_SRAM_UPPER = .)
                [!provide]                PROVIDE (end = .)

.noinit_RAM2    0x1fff8000        0x0
                [!provide]                PROVIDE (__start_noinit_RAM2 = .)
                [!provide]                PROVIDE (__start_noinit_SRAM_LOWER = .)
 *(SORT_BY_ALIGNMENT(.noinit.$RAM2))
 *(SORT_BY_ALIGNMENT(.noinit.$SRAM_LOWER))
 *(SORT_BY_ALIGNMENT(.noinit.$RAM2.*))
 *(SORT_BY_ALIGNMENT(.noinit.$SRAM_LOWER.*))
                0x1fff8000                . = ALIGN (0x4)
                [!provide]                PROVIDE (__end_noinit_RAM2 = .)
                [!provide]                PROVIDE (__end_noinit_SRAM_LOWER = .)

.noinit         0x200001cc        0x0
                0x200001cc                _noinit = .
                [!provide]                PROVIDE (__start_noinit_RAM = .)
                [!provide]                PROVIDE (__start_noinit_SRAM_UPPER = .)
 *(SORT_BY_ALIGNMENT(.noinit*))
                0x200001cc                . = ALIGN (0x4)
                0x200001cc                _end_noinit = .
                [!provide]                PROVIDE (__end_noinit_RAM = .)
                [!provide]                PROVIDE (__end_noinit_SRAM_UPPER = .)
                0x00001000                _HeapSize = 0x1000

.heap           0x200001cc     0x1000
                0x200001cc                _pvHeapStart = .
                0x200011cc                . = (. + _HeapSize)
 *fill*         0x200001cc     0x1000 
                0x200011cc                . = ALIGN (0x4)
                0x200011cc                _pvHeapLimit = .
                0x00001000                _StackSize = 0x1000

.heap2stackfill
                0x200011cc     0x1000
                0x200021cc                . = (. + _StackSize)
 *fill*         0x200011cc     0x1000 

.stack          0x2000f000        0x0
                0x2000f000                _vStackBase = .
                0x2000f000                . = ALIGN (0x4)
                0x20010000                _vStackTop = (. + _StackSize)
                0x00000000                _image_start = LOADADDR (.text)
                0x000028b4                _image_end = (LOADADDR (.data) + SIZEOF (.data))
                0x000028b4                _image_size = (_image_end - _image_start)
OUTPUT(MKV31F512xxx12_Project.axf elf32-littlearm)

.debug_info     0x00000000     0xd95c
 .debug_info    0x00000000      0x84a ./startup/startup_mkv31f51212.o
 .debug_info    0x0000084a      0x252 ./source/MKV31F512xxx12_Project.o
 .debug_info    0x00000a9c       0x3c ./source/semihost_hardfault.o
 .debug_info    0x00000ad8     0x251f ./drivers/fsl_dspi.o
 .debug_info    0x00002ff7     0x2283 ./drivers/fsl_edma.o
 .debug_info    0x0000527a     0x1e63 ./drivers/fsl_i2c.o
 .debug_info    0x000070dd     0x1a3b ./drivers/fsl_lpuart.o
 .debug_info    0x00008b18     0x1b9e ./drivers/fsl_uart.o
 .debug_info    0x0000a6b6      0x690 ./device/system_MKV31F51212.o
 .debug_info    0x0000ad46       0xba ./board/board.o
 .debug_info    0x0000ae00       0xf0 ./board/clock_config.o
 .debug_info    0x0000aef0       0x3c ./board/peripherals.o
 .debug_info    0x0000af2c       0x3c ./board/pin_mux.o
 .debug_info    0x0000af68      0x589 ./amazon-freertos/freertos_kernel/portable/GCC/ARM_CM4F/port.o
 .debug_info    0x0000b4f1      0x302 ./amazon-freertos/freertos_kernel/list.o
 .debug_info    0x0000b7f3     0x2169 ./amazon-freertos/freertos_kernel/tasks.o

.debug_abbrev   0x00000000     0x1de6
 .debug_abbrev  0x00000000      0x17a ./startup/startup_mkv31f51212.o
 .debug_abbrev  0x0000017a       0xe6 ./source/MKV31F512xxx12_Project.o
 .debug_abbrev  0x00000260       0x31 ./source/semihost_hardfault.o
 .debug_abbrev  0x00000291      0x399 ./drivers/fsl_dspi.o
 .debug_abbrev  0x0000062a      0x3fd ./drivers/fsl_edma.o
 .debug_abbrev  0x00000a27      0x3a6 ./drivers/fsl_i2c.o
 .debug_abbrev  0x00000dcd      0x329 ./drivers/fsl_lpuart.o
 .debug_abbrev  0x000010f6      0x358 ./drivers/fsl_uart.o
 .debug_abbrev  0x0000144e      0x170 ./device/system_MKV31F51212.o
 .debug_abbrev  0x000015be       0x8b ./board/board.o
 .debug_abbrev  0x00001649       0xa1 ./board/clock_config.o
 .debug_abbrev  0x000016ea       0x31 ./board/peripherals.o
 .debug_abbrev  0x0000171b       0x31 ./board/pin_mux.o
 .debug_abbrev  0x0000174c      0x262 ./amazon-freertos/freertos_kernel/portable/GCC/ARM_CM4F/port.o
 .debug_abbrev  0x000019ae      0x12d ./amazon-freertos/freertos_kernel/list.o
 .debug_abbrev  0x00001adb      0x30b ./amazon-freertos/freertos_kernel/tasks.o

.debug_aranges  0x00000000      0xe08
 .debug_aranges
                0x00000000      0x2d0 ./startup/startup_mkv31f51212.o
 .debug_aranges
                0x000002d0       0x20 ./source/MKV31F512xxx12_Project.o
 .debug_aranges
                0x000002f0       0x20 ./source/semihost_hardfault.o
 .debug_aranges
                0x00000310      0x1d0 ./drivers/fsl_dspi.o
 .debug_aranges
                0x000004e0      0x1e0 ./drivers/fsl_edma.o
 .debug_aranges
                0x000006c0      0x178 ./drivers/fsl_i2c.o
 .debug_aranges
                0x00000838      0x118 ./drivers/fsl_lpuart.o
 .debug_aranges
                0x00000950      0x150 ./drivers/fsl_uart.o
 .debug_aranges
                0x00000aa0       0x30 ./device/system_MKV31F51212.o
 .debug_aranges
                0x00000ad0       0x20 ./board/board.o
 .debug_aranges
                0x00000af0       0x20 ./board/clock_config.o
 .debug_aranges
                0x00000b10       0x20 ./board/peripherals.o
 .debug_aranges
                0x00000b30       0x20 ./board/pin_mux.o
 .debug_aranges
                0x00000b50       0x80 ./amazon-freertos/freertos_kernel/portable/GCC/ARM_CM4F/port.o
 .debug_aranges
                0x00000bd0       0x40 ./amazon-freertos/freertos_kernel/list.o
 .debug_aranges
                0x00000c10      0x1f8 ./amazon-freertos/freertos_kernel/tasks.o

.debug_ranges   0x00000000      0xd08
 .debug_ranges  0x00000000      0x2c0 ./startup/startup_mkv31f51212.o
 .debug_ranges  0x000002c0       0x10 ./source/MKV31F512xxx12_Project.o
 .debug_ranges  0x000002d0       0x10 ./source/semihost_hardfault.o
 .debug_ranges  0x000002e0      0x1c0 ./drivers/fsl_dspi.o
 .debug_ranges  0x000004a0      0x1d0 ./drivers/fsl_edma.o
 .debug_ranges  0x00000670      0x168 ./drivers/fsl_i2c.o
 .debug_ranges  0x000007d8      0x108 ./drivers/fsl_lpuart.o
 .debug_ranges  0x000008e0      0x140 ./drivers/fsl_uart.o
 .debug_ranges  0x00000a20       0x20 ./device/system_MKV31F51212.o
 .debug_ranges  0x00000a40       0x10 ./board/board.o
 .debug_ranges  0x00000a50       0x10 ./board/clock_config.o
 .debug_ranges  0x00000a60       0x10 ./board/peripherals.o
 .debug_ranges  0x00000a70       0x10 ./board/pin_mux.o
 .debug_ranges  0x00000a80       0x70 ./amazon-freertos/freertos_kernel/portable/GCC/ARM_CM4F/port.o
 .debug_ranges  0x00000af0       0x30 ./amazon-freertos/freertos_kernel/list.o
 .debug_ranges  0x00000b20      0x1e8 ./amazon-freertos/freertos_kernel/tasks.o

.debug_macro    0x00000000      0xf7f
 .debug_macro   0x00000000       0x29 ./startup/startup_mkv31f51212.o
 .debug_macro   0x00000029      0x1c8 ./source/MKV31F512xxx12_Project.o
 .debug_macro   0x000001f1       0xd8 ./source/MKV31F512xxx12_Project.o
 .debug_macro   0x000002c9       0x10 ./source/MKV31F512xxx12_Project.o
 .debug_macro   0x000002d9       0x22 ./source/MKV31F512xxx12_Project.o
 .debug_macro   0x000002fb      0x18a ./source/MKV31F512xxx12_Project.o
 .debug_macro   0x00000485       0x22 ./source/MKV31F512xxx12_Project.o
 .debug_macro   0x000004a7       0x2e ./source/MKV31F512xxx12_Project.o
 .debug_macro   0x000004d5       0x11 ./source/semihost_hardfault.o
 .debug_macro   0x000004e6      0x103 ./drivers/fsl_dspi.o
 .debug_macro   0x000005e9      0x109 ./drivers/fsl_edma.o
 .debug_macro   0x000006f2       0x10 ./drivers/fsl_edma.o
 .debug_macro   0x00000702      0x103 ./drivers/fsl_i2c.o
 .debug_macro   0x00000805      0x104 ./drivers/fsl_lpuart.o
 .debug_macro   0x00000909      0x10a ./drivers/fsl_uart.o
 .debug_macro   0x00000a13       0x98 ./device/system_MKV31F51212.o
 .debug_macro   0x00000aab       0x45 ./board/board.o
 .debug_macro   0x00000af0       0x90 ./board/clock_config.o
 .debug_macro   0x00000b80       0x1b ./board/peripherals.o
 .debug_macro   0x00000b9b       0x1b ./board/pin_mux.o
 .debug_macro   0x00000bb6      0x179 ./amazon-freertos/freertos_kernel/portable/GCC/ARM_CM4F/port.o
 .debug_macro   0x00000d2f       0xb8 ./amazon-freertos/freertos_kernel/list.o
 .debug_macro   0x00000de7      0x188 ./amazon-freertos/freertos_kernel/tasks.o
 .debug_macro   0x00000f6f       0x10 ./amazon-freertos/freertos_kernel/tasks.o

.debug_line     0x00000000     0x969d
 .debug_line    0x00000000      0x7f2 ./startup/startup_mkv31f51212.o
 .debug_line    0x000007f2      0x5ef ./source/MKV31F512xxx12_Project.o
 .debug_line    0x00000de1       0x5a ./source/semihost_hardfault.o
 .debug_line    0x00000e3b     0x174f ./drivers/fsl_dspi.o
 .debug_line    0x0000258a     0x1276 ./drivers/fsl_edma.o
 .debug_line    0x00003800     0x13a0 ./drivers/fsl_i2c.o
 .debug_line    0x00004ba0      0xe28 ./drivers/fsl_lpuart.o
 .debug_line    0x000059c8     0x11be ./drivers/fsl_uart.o
 .debug_line    0x00006b86      0x3d0 ./device/system_MKV31F51212.o
 .debug_line    0x00006f56      0x180 ./board/board.o
 .debug_line    0x000070d6      0x25b ./board/clock_config.o
 .debug_line    0x00007331       0x5c ./board/peripherals.o
 .debug_line    0x0000738d       0x54 ./board/pin_mux.o
 .debug_line    0x000073e1      0x62a ./amazon-freertos/freertos_kernel/portable/GCC/ARM_CM4F/port.o
 .debug_line    0x00007a0b      0x40b ./amazon-freertos/freertos_kernel/list.o
 .debug_line    0x00007e16     0x1887 ./amazon-freertos/freertos_kernel/tasks.o

.debug_str      0x00000000    0x5512c
 .debug_str     0x00000000     0x35d6 ./startup/startup_mkv31f51212.o
                               0x364a (size before relaxing)
 .debug_str     0x000035d6    0x48c1d ./source/MKV31F512xxx12_Project.o
                              0x4bb71 (size before relaxing)
 .debug_str     0x0004c1f3       0x1f ./source/semihost_hardfault.o
                               0x2ed3 (size before relaxing)
 .debug_str     0x0004c212     0x23de ./drivers/fsl_dspi.o
                              0x4a7c1 (size before relaxing)
 .debug_str     0x0004e5f0     0x10c5 ./drivers/fsl_edma.o
                              0x4a431 (size before relaxing)
 .debug_str     0x0004f6b5      0xc65 ./drivers/fsl_i2c.o
                              0x4a039 (size before relaxing)
 .debug_str     0x0005031a      0xe8b ./drivers/fsl_lpuart.o
                              0x4a230 (size before relaxing)
 .debug_str     0x000511a5      0x8e8 ./drivers/fsl_uart.o
                              0x4a0fa (size before relaxing)
 .debug_str     0x00051a8d      0x1ad ./device/system_MKV31F51212.o
                              0x475ee (size before relaxing)
 .debug_str     0x00051c3a       0x28 ./board/board.o
                               0x45e0 (size before relaxing)
 .debug_str     0x00051c62       0x2d ./board/clock_config.o
                              0x40d6c (size before relaxing)
 .debug_str     0x00051c8f       0x31 ./board/peripherals.o
                               0x2ee4 (size before relaxing)
 .debug_str     0x00051cc0       0x26 ./board/pin_mux.o
                               0x2ed5 (size before relaxing)
 .debug_str     0x00051ce6     0x1690 ./amazon-freertos/freertos_kernel/portable/GCC/ARM_CM4F/port.o
                               0x8d2c (size before relaxing)
 .debug_str     0x00053376      0x134 ./amazon-freertos/freertos_kernel/list.o
                               0x7fac (size before relaxing)
 .debug_str     0x000534aa     0x1c82 ./amazon-freertos/freertos_kernel/tasks.o
                               0xa35e (size before relaxing)

.comment        0x00000000       0x76
 .comment       0x00000000       0x76 ./startup/startup_mkv31f51212.o
                                 0x77 (size before relaxing)
 .comment       0x00000076       0x77 ./source/MKV31F512xxx12_Project.o
 .comment       0x00000076       0x77 ./source/semihost_hardfault.o
 .comment       0x00000076       0x77 ./drivers/fsl_dspi.o
 .comment       0x00000076       0x77 ./drivers/fsl_edma.o
 .comment       0x00000076       0x77 ./drivers/fsl_i2c.o
 .comment       0x00000076       0x77 ./drivers/fsl_lpuart.o
 .comment       0x00000076       0x77 ./drivers/fsl_uart.o
 .comment       0x00000076       0x77 ./device/system_MKV31F51212.o
 .comment       0x00000076       0x77 ./board/board.o
 .comment       0x00000076       0x77 ./board/clock_config.o
 .comment       0x00000076       0x77 ./board/peripherals.o
 .comment       0x00000076       0x77 ./board/pin_mux.o
 .comment       0x00000076       0x77 ./amazon-freertos/freertos_kernel/portable/GCC/ARM_CM4F/port.o
 .comment       0x00000076       0x77 ./amazon-freertos/freertos_kernel/list.o
 .comment       0x00000076       0x77 ./amazon-freertos/freertos_kernel/tasks.o
 .comment       0x00000076       0x77 c:/nxp/mcuxpressoide_11.1.1_3241/ide/plugins/com.nxp.mcuxpresso.tools.win32_11.1.0.202001081728/tools/bin/../lib/gcc/arm-none-eabi/8.3.1/../../../../arm-none-eabi/lib/thumb/v7e-m+fp/hard\libcr_semihost_nf.a(_cr__main.o)
 .comment       0x00000076       0x77 c:/nxp/mcuxpressoide_11.1.1_3241/ide/plugins/com.nxp.mcuxpresso.tools.win32_11.1.0.202001081728/tools/bin/../lib/gcc/arm-none-eabi/8.3.1/../../../../arm-none-eabi/lib/thumb/v7e-m+fp/hard\libcr_semihost_nf.a(_cr_assert.o)
 .comment       0x00000076       0x77 c:/nxp/mcuxpressoide_11.1.1_3241/ide/plugins/com.nxp.mcuxpresso.tools.win32_11.1.0.202001081728/tools/bin/../lib/gcc/arm-none-eabi/8.3.1/../../../../arm-none-eabi/lib/thumb/v7e-m+fp/hard\libcr_semihost_nf.a(__ciob.o)
 .comment       0x00000076       0x77 c:/nxp/mcuxpressoide_11.1.1_3241/ide/plugins/com.nxp.mcuxpresso.tools.win32_11.1.0.202001081728/tools/bin/../lib/gcc/arm-none-eabi/8.3.1/../../../../arm-none-eabi/lib/thumb/v7e-m+fp/hard\libcr_c.a(memset.o)
 .comment       0x00000076       0x77 c:/nxp/mcuxpressoide_11.1.1_3241/ide/plugins/com.nxp.mcuxpresso.tools.win32_11.1.0.202001081728/tools/bin/../lib/gcc/arm-none-eabi/8.3.1/../../../../arm-none-eabi/lib/thumb/v7e-m+fp/hard\libcr_c.a(_deferredlazyseek.o)
 .comment       0x00000076       0x77 c:/nxp/mcuxpressoide_11.1.1_3241/ide/plugins/com.nxp.mcuxpresso.tools.win32_11.1.0.202001081728/tools/bin/../lib/gcc/arm-none-eabi/8.3.1/../../../../arm-none-eabi/lib/thumb/v7e-m+fp/hard\libcr_c.a(_fflush.o)
 .comment       0x00000076       0x77 c:/nxp/mcuxpressoide_11.1.1_3241/ide/plugins/com.nxp.mcuxpresso.tools.win32_11.1.0.202001081728/tools/bin/../lib/gcc/arm-none-eabi/8.3.1/../../../../arm-none-eabi/lib/thumb/v7e-m+fp/hard\libcr_c.a(_writebuf.o)
 .comment       0x00000076       0x77 c:/nxp/mcuxpressoide_11.1.1_3241/ide/plugins/com.nxp.mcuxpresso.tools.win32_11.1.0.202001081728/tools/bin/../lib/gcc/arm-none-eabi/8.3.1/../../../../arm-none-eabi/lib/thumb/v7e-m+fp/hard\libcr_c.a(alloc.o)
 .comment       0x00000076       0x77 c:/nxp/mcuxpressoide_11.1.1_3241/ide/plugins/com.nxp.mcuxpresso.tools.win32_11.1.0.202001081728/tools/bin/../lib/gcc/arm-none-eabi/8.3.1/../../../../arm-none-eabi/lib/thumb/v7e-m+fp/hard\libcr_c.a(fputs.o)
 .comment       0x00000076       0x77 c:/nxp/mcuxpressoide_11.1.1_3241/ide/plugins/com.nxp.mcuxpresso.tools.win32_11.1.0.202001081728/tools/bin/../lib/gcc/arm-none-eabi/8.3.1/../../../../arm-none-eabi/lib/thumb/v7e-m+fp/hard\libcr_c.a(fseek.o)
 .comment       0x00000076       0x77 c:/nxp/mcuxpressoide_11.1.1_3241/ide/plugins/com.nxp.mcuxpresso.tools.win32_11.1.0.202001081728/tools/bin/../lib/gcc/arm-none-eabi/8.3.1/../../../../arm-none-eabi/lib/thumb/v7e-m+fp/hard\libcr_c.a(ftell.o)
 .comment       0x00000076       0x77 c:/nxp/mcuxpressoide_11.1.1_3241/ide/plugins/com.nxp.mcuxpresso.tools.win32_11.1.0.202001081728/tools/bin/../lib/gcc/arm-none-eabi/8.3.1/../../../../arm-none-eabi/lib/thumb/v7e-m+fp/hard\libcr_c.a(initio.o)
 .comment       0x00000076       0x77 c:/nxp/mcuxpressoide_11.1.1_3241/ide/plugins/com.nxp.mcuxpresso.tools.win32_11.1.0.202001081728/tools/bin/../lib/gcc/arm-none-eabi/8.3.1/../../../../arm-none-eabi/lib/thumb/v7e-m+fp/hard\libcr_c.a(printf.o)
 .comment       0x00000076       0x77 c:/nxp/mcuxpressoide_11.1.1_3241/ide/plugins/com.nxp.mcuxpresso.tools.win32_11.1.0.202001081728/tools/bin/../lib/gcc/arm-none-eabi/8.3.1/../../../../arm-none-eabi/lib/thumb/v7e-m+fp/hard\libcr_c.a(setvbuf.o)
 .comment       0x00000076       0x77 c:/nxp/mcuxpressoide_11.1.1_3241/ide/plugins/com.nxp.mcuxpresso.tools.win32_11.1.0.202001081728/tools/bin/../lib/gcc/arm-none-eabi/8.3.1/../../../../arm-none-eabi/lib/thumb/v7e-m+fp/hard\libcr_c.a(strlen.o)
 .comment       0x00000076       0x77 c:/nxp/mcuxpressoide_11.1.1_3241/ide/plugins/com.nxp.mcuxpresso.tools.win32_11.1.0.202001081728/tools/bin/../lib/gcc/arm-none-eabi/8.3.1/../../../../arm-none-eabi/lib/thumb/v7e-m+fp/hard\libcr_c.a(__init_alloc.o)
 .comment       0x00000076       0x77 c:/nxp/mcuxpressoide_11.1.1_3241/ide/plugins/com.nxp.mcuxpresso.tools.win32_11.1.0.202001081728/tools/bin/../lib/gcc/arm-none-eabi/8.3.1/../../../../arm-none-eabi/lib/thumb/v7e-m+fp/hard\libcr_c.a(_cr_sbrk.o)
 .comment       0x00000076       0x77 c:/nxp/mcuxpressoide_11.1.1_3241/ide/plugins/com.nxp.mcuxpresso.tools.win32_11.1.0.202001081728/tools/bin/../lib/gcc/arm-none-eabi/8.3.1/../../../../arm-none-eabi/lib/thumb/v7e-m+fp/hard\libcr_c.a(_fdopen.o)
 .comment       0x00000076       0x77 c:/nxp/mcuxpressoide_11.1.1_3241/ide/plugins/com.nxp.mcuxpresso.tools.win32_11.1.0.202001081728/tools/bin/../lib/gcc/arm-none-eabi/8.3.1/../../../../arm-none-eabi/lib/thumb/v7e-m+fp/hard\libcr_c.a(errno.o)
 .comment       0x00000076       0x77 c:/nxp/mcuxpressoide_11.1.1_3241/ide/plugins/com.nxp.mcuxpresso.tools.win32_11.1.0.202001081728/tools/bin/../lib/gcc/arm-none-eabi/8.3.1/../../../../arm-none-eabi/lib/thumb/v7e-m+fp/hard\libcr_c.a(fclose.o)
 .comment       0x00000076       0x77 c:/nxp/mcuxpressoide_11.1.1_3241/ide/plugins/com.nxp.mcuxpresso.tools.win32_11.1.0.202001081728/tools/bin/../lib/gcc/arm-none-eabi/8.3.1/../../../../arm-none-eabi/lib/thumb/v7e-m+fp/hard\libcr_c.a(fflush.o)
 .comment       0x00000076       0x77 c:/nxp/mcuxpressoide_11.1.1_3241/ide/plugins/com.nxp.mcuxpresso.tools.win32_11.1.0.202001081728/tools/bin/../lib/gcc/arm-none-eabi/8.3.1/../../../../arm-none-eabi/lib/thumb/v7e-m+fp/hard\libcr_c.a(remove.o)
 .comment       0x00000076       0x77 c:/nxp/mcuxpressoide_11.1.1_3241/ide/plugins/com.nxp.mcuxpresso.tools.win32_11.1.0.202001081728/tools/bin/../lib/gcc/arm-none-eabi/8.3.1/../../../../arm-none-eabi/lib/thumb/v7e-m+fp/hard\libcr_c.a(_cr_check_heap.o)
 .comment       0x00000076       0x77 c:/nxp/mcuxpressoide_11.1.1_3241/ide/plugins/com.nxp.mcuxpresso.tools.win32_11.1.0.202001081728/tools/bin/../lib/gcc/arm-none-eabi/8.3.1/../../../../arm-none-eabi/lib/thumb/v7e-m+fp/hard\libcr_c.a(_do_fflush.o)

.ARM.attributes
                0x00000000       0x32
 .ARM.attributes
                0x00000000       0x34 ./startup/startup_mkv31f51212.o
 .ARM.attributes
                0x00000034       0x34 ./source/MKV31F512xxx12_Project.o
 .ARM.attributes
                0x00000068       0x34 ./source/semihost_hardfault.o
 .ARM.attributes
                0x0000009c       0x34 ./drivers/fsl_dspi.o
 .ARM.attributes
                0x000000d0       0x34 ./drivers/fsl_edma.o
 .ARM.attributes
                0x00000104       0x34 ./drivers/fsl_i2c.o
 .ARM.attributes
                0x00000138       0x34 ./drivers/fsl_lpuart.o
 .ARM.attributes
                0x0000016c       0x34 ./drivers/fsl_uart.o
 .ARM.attributes
                0x000001a0       0x34 ./device/system_MKV31F51212.o
 .ARM.attributes
                0x000001d4       0x34 ./board/board.o
 .ARM.attributes
                0x00000208       0x34 ./board/clock_config.o
 .ARM.attributes
                0x0000023c       0x34 ./board/peripherals.o
 .ARM.attributes
                0x00000270       0x34 ./board/pin_mux.o
 .ARM.attributes
                0x000002a4       0x34 ./amazon-freertos/freertos_kernel/portable/GCC/ARM_CM4F/port.o
 .ARM.attributes
                0x000002d8       0x34 ./amazon-freertos/freertos_kernel/list.o
 .ARM.attributes
                0x0000030c       0x34 ./amazon-freertos/freertos_kernel/tasks.o
 .ARM.attributes
                0x00000340       0x34 c:/nxp/mcuxpressoide_11.1.1_3241/ide/plugins/com.nxp.mcuxpresso.tools.win32_11.1.0.202001081728/tools/bin/../lib/gcc/arm-none-eabi/8.3.1/../../../../arm-none-eabi/lib/thumb/v7e-m+fp/hard\libcr_semihost_nf.a(_cr__main.o)
 .ARM.attributes
                0x00000374       0x34 c:/nxp/mcuxpressoide_11.1.1_3241/ide/plugins/com.nxp.mcuxpresso.tools.win32_11.1.0.202001081728/tools/bin/../lib/gcc/arm-none-eabi/8.3.1/../../../../arm-none-eabi/lib/thumb/v7e-m+fp/hard\libcr_semihost_nf.a(_cr_assert.o)
 .ARM.attributes
                0x000003a8       0x39 c:/nxp/mcuxpressoide_11.1.1_3241/ide/plugins/com.nxp.mcuxpresso.tools.win32_11.1.0.202001081728/tools/bin/../lib/gcc/arm-none-eabi/8.3.1/../../../../arm-none-eabi/lib/thumb/v7e-m+fp/hard\libcr_semihost_nf.a(__ciob.o)
 .ARM.attributes
                0x000003e1       0x20 c:/nxp/mcuxpressoide_11.1.1_3241/ide/plugins/com.nxp.mcuxpresso.tools.win32_11.1.0.202001081728/tools/bin/../lib/gcc/arm-none-eabi/8.3.1/../../../../arm-none-eabi/lib/thumb/v7e-m+fp/hard\libcr_semihost_nf.a(__sys_appexit.o)
 .ARM.attributes
                0x00000401       0x34 c:/nxp/mcuxpressoide_11.1.1_3241/ide/plugins/com.nxp.mcuxpresso.tools.win32_11.1.0.202001081728/tools/bin/../lib/gcc/arm-none-eabi/8.3.1/../../../../arm-none-eabi/lib/thumb/v7e-m+fp/hard\libcr_c.a(memset.o)
 .ARM.attributes
                0x00000435       0x34 c:/nxp/mcuxpressoide_11.1.1_3241/ide/plugins/com.nxp.mcuxpresso.tools.win32_11.1.0.202001081728/tools/bin/../lib/gcc/arm-none-eabi/8.3.1/../../../../arm-none-eabi/lib/thumb/v7e-m+fp/hard\libcr_c.a(_deferredlazyseek.o)
 .ARM.attributes
                0x00000469       0x34 c:/nxp/mcuxpressoide_11.1.1_3241/ide/plugins/com.nxp.mcuxpresso.tools.win32_11.1.0.202001081728/tools/bin/../lib/gcc/arm-none-eabi/8.3.1/../../../../arm-none-eabi/lib/thumb/v7e-m+fp/hard\libcr_c.a(_fflush.o)
 .ARM.attributes
                0x0000049d       0x34 c:/nxp/mcuxpressoide_11.1.1_3241/ide/plugins/com.nxp.mcuxpresso.tools.win32_11.1.0.202001081728/tools/bin/../lib/gcc/arm-none-eabi/8.3.1/../../../../arm-none-eabi/lib/thumb/v7e-m+fp/hard\libcr_c.a(_writebuf.o)
 .ARM.attributes
                0x000004d1       0x34 c:/nxp/mcuxpressoide_11.1.1_3241/ide/plugins/com.nxp.mcuxpresso.tools.win32_11.1.0.202001081728/tools/bin/../lib/gcc/arm-none-eabi/8.3.1/../../../../arm-none-eabi/lib/thumb/v7e-m+fp/hard\libcr_c.a(alloc.o)
 .ARM.attributes
                0x00000505       0x34 c:/nxp/mcuxpressoide_11.1.1_3241/ide/plugins/com.nxp.mcuxpresso.tools.win32_11.1.0.202001081728/tools/bin/../lib/gcc/arm-none-eabi/8.3.1/../../../../arm-none-eabi/lib/thumb/v7e-m+fp/hard\libcr_c.a(fputs.o)
 .ARM.attributes
                0x00000539       0x34 c:/nxp/mcuxpressoide_11.1.1_3241/ide/plugins/com.nxp.mcuxpresso.tools.win32_11.1.0.202001081728/tools/bin/../lib/gcc/arm-none-eabi/8.3.1/../../../../arm-none-eabi/lib/thumb/v7e-m+fp/hard\libcr_c.a(fseek.o)
 .ARM.attributes
                0x0000056d       0x34 c:/nxp/mcuxpressoide_11.1.1_3241/ide/plugins/com.nxp.mcuxpresso.tools.win32_11.1.0.202001081728/tools/bin/../lib/gcc/arm-none-eabi/8.3.1/../../../../arm-none-eabi/lib/thumb/v7e-m+fp/hard\libcr_c.a(ftell.o)
 .ARM.attributes
                0x000005a1       0x34 c:/nxp/mcuxpressoide_11.1.1_3241/ide/plugins/com.nxp.mcuxpresso.tools.win32_11.1.0.202001081728/tools/bin/../lib/gcc/arm-none-eabi/8.3.1/../../../../arm-none-eabi/lib/thumb/v7e-m+fp/hard\libcr_c.a(initio.o)
 .ARM.attributes
                0x000005d5       0x34 c:/nxp/mcuxpressoide_11.1.1_3241/ide/plugins/com.nxp.mcuxpresso.tools.win32_11.1.0.202001081728/tools/bin/../lib/gcc/arm-none-eabi/8.3.1/../../../../arm-none-eabi/lib/thumb/v7e-m+fp/hard\libcr_c.a(printf.o)
 .ARM.attributes
                0x00000609       0x34 c:/nxp/mcuxpressoide_11.1.1_3241/ide/plugins/com.nxp.mcuxpresso.tools.win32_11.1.0.202001081728/tools/bin/../lib/gcc/arm-none-eabi/8.3.1/../../../../arm-none-eabi/lib/thumb/v7e-m+fp/hard\libcr_c.a(setvbuf.o)
 .ARM.attributes
                0x0000063d       0x34 c:/nxp/mcuxpressoide_11.1.1_3241/ide/plugins/com.nxp.mcuxpresso.tools.win32_11.1.0.202001081728/tools/bin/../lib/gcc/arm-none-eabi/8.3.1/../../../../arm-none-eabi/lib/thumb/v7e-m+fp/hard\libcr_c.a(strlen.o)
 .ARM.attributes
                0x00000671       0x34 c:/nxp/mcuxpressoide_11.1.1_3241/ide/plugins/com.nxp.mcuxpresso.tools.win32_11.1.0.202001081728/tools/bin/../lib/gcc/arm-none-eabi/8.3.1/../../../../arm-none-eabi/lib/thumb/v7e-m+fp/hard\libcr_c.a(__init_alloc.o)
 .ARM.attributes
                0x000006a5       0x34 c:/nxp/mcuxpressoide_11.1.1_3241/ide/plugins/com.nxp.mcuxpresso.tools.win32_11.1.0.202001081728/tools/bin/../lib/gcc/arm-none-eabi/8.3.1/../../../../arm-none-eabi/lib/thumb/v7e-m+fp/hard\libcr_c.a(_cr_sbrk.o)
 .ARM.attributes
                0x000006d9       0x34 c:/nxp/mcuxpressoide_11.1.1_3241/ide/plugins/com.nxp.mcuxpresso.tools.win32_11.1.0.202001081728/tools/bin/../lib/gcc/arm-none-eabi/8.3.1/../../../../arm-none-eabi/lib/thumb/v7e-m+fp/hard\libcr_c.a(_fdopen.o)
 .ARM.attributes
                0x0000070d       0x39 c:/nxp/mcuxpressoide_11.1.1_3241/ide/plugins/com.nxp.mcuxpresso.tools.win32_11.1.0.202001081728/tools/bin/../lib/gcc/arm-none-eabi/8.3.1/../../../../arm-none-eabi/lib/thumb/v7e-m+fp/hard\libcr_c.a(errno.o)
 .ARM.attributes
                0x00000746       0x34 c:/nxp/mcuxpressoide_11.1.1_3241/ide/plugins/com.nxp.mcuxpresso.tools.win32_11.1.0.202001081728/tools/bin/../lib/gcc/arm-none-eabi/8.3.1/../../../../arm-none-eabi/lib/thumb/v7e-m+fp/hard\libcr_c.a(fclose.o)
 .ARM.attributes
                0x0000077a       0x34 c:/nxp/mcuxpressoide_11.1.1_3241/ide/plugins/com.nxp.mcuxpresso.tools.win32_11.1.0.202001081728/tools/bin/../lib/gcc/arm-none-eabi/8.3.1/../../../../arm-none-eabi/lib/thumb/v7e-m+fp/hard\libcr_c.a(fflush.o)
 .ARM.attributes
                0x000007ae       0x34 c:/nxp/mcuxpressoide_11.1.1_3241/ide/plugins/com.nxp.mcuxpresso.tools.win32_11.1.0.202001081728/tools/bin/../lib/gcc/arm-none-eabi/8.3.1/../../../../arm-none-eabi/lib/thumb/v7e-m+fp/hard\libcr_c.a(remove.o)
 .ARM.attributes
                0x000007e2       0x34 c:/nxp/mcuxpressoide_11.1.1_3241/ide/plugins/com.nxp.mcuxpresso.tools.win32_11.1.0.202001081728/tools/bin/../lib/gcc/arm-none-eabi/8.3.1/../../../../arm-none-eabi/lib/thumb/v7e-m+fp/hard\libcr_c.a(_cr_check_heap.o)
 .ARM.attributes
                0x00000816       0x34 c:/nxp/mcuxpressoide_11.1.1_3241/ide/plugins/com.nxp.mcuxpresso.tools.win32_11.1.0.202001081728/tools/bin/../lib/gcc/arm-none-eabi/8.3.1/../../../../arm-none-eabi/lib/thumb/v7e-m+fp/hard\libcr_c.a(_do_fflush.o)
 .ARM.attributes
                0x0000084a       0x20 c:/nxp/mcuxpressoide_11.1.1_3241/ide/plugins/com.nxp.mcuxpresso.tools.win32_11.1.0.202001081728/tools/bin/../lib/gcc/arm-none-eabi/8.3.1/thumb/v7e-m+fp/hard\libcr_eabihelpers.a(memcpy.o)
 .ARM.attributes
                0x0000086a       0x20 c:/nxp/mcuxpressoide_11.1.1_3241/ide/plugins/com.nxp.mcuxpresso.tools.win32_11.1.0.202001081728/tools/bin/../lib/gcc/arm-none-eabi/8.3.1/../../../../arm-none-eabi/lib/thumb/v7e-m+fp/hard\libcr_semihost_nf.a(__sys_close.o)
 .ARM.attributes
                0x0000088a       0x20 c:/nxp/mcuxpressoide_11.1.1_3241/ide/plugins/com.nxp.mcuxpresso.tools.win32_11.1.0.202001081728/tools/bin/../lib/gcc/arm-none-eabi/8.3.1/../../../../arm-none-eabi/lib/thumb/v7e-m+fp/hard\libcr_semihost_nf.a(__sys_flen.o)
 .ARM.attributes
                0x000008aa       0x20 c:/nxp/mcuxpressoide_11.1.1_3241/ide/plugins/com.nxp.mcuxpresso.tools.win32_11.1.0.202001081728/tools/bin/../lib/gcc/arm-none-eabi/8.3.1/../../../../arm-none-eabi/lib/thumb/v7e-m+fp/hard\libcr_semihost_nf.a(__sys_istty.o)
 .ARM.attributes
                0x000008ca       0x20 c:/nxp/mcuxpressoide_11.1.1_3241/ide/plugins/com.nxp.mcuxpresso.tools.win32_11.1.0.202001081728/tools/bin/../lib/gcc/arm-none-eabi/8.3.1/../../../../arm-none-eabi/lib/thumb/v7e-m+fp/hard\libcr_semihost_nf.a(__sys_remove.o)
 .ARM.attributes
                0x000008ea       0x20 c:/nxp/mcuxpressoide_11.1.1_3241/ide/plugins/com.nxp.mcuxpresso.tools.win32_11.1.0.202001081728/tools/bin/../lib/gcc/arm-none-eabi/8.3.1/../../../../arm-none-eabi/lib/thumb/v7e-m+fp/hard\libcr_semihost_nf.a(__sys_seek.o)
 .ARM.attributes
                0x0000090a       0x20 c:/nxp/mcuxpressoide_11.1.1_3241/ide/plugins/com.nxp.mcuxpresso.tools.win32_11.1.0.202001081728/tools/bin/../lib/gcc/arm-none-eabi/8.3.1/../../../../arm-none-eabi/lib/thumb/v7e-m+fp/hard\libcr_semihost_nf.a(__sys_tmpnam.o)
 .ARM.attributes
                0x0000092a       0x20 c:/nxp/mcuxpressoide_11.1.1_3241/ide/plugins/com.nxp.mcuxpresso.tools.win32_11.1.0.202001081728/tools/bin/../lib/gcc/arm-none-eabi/8.3.1/../../../../arm-none-eabi/lib/thumb/v7e-m+fp/hard\libcr_semihost_nf.a(__sys_write.o)

.debug_frame    0x00000000     0x3518
 .debug_frame   0x00000000      0x7e4 ./startup/startup_mkv31f51212.o
 .debug_frame   0x000007e4       0x2c ./source/MKV31F512xxx12_Project.o
 .debug_frame   0x00000810       0x20 ./source/semihost_hardfault.o
 .debug_frame   0x00000830      0x818 ./drivers/fsl_dspi.o
 .debug_frame   0x00001048      0x7bc ./drivers/fsl_edma.o
 .debug_frame   0x00001804      0x678 ./drivers/fsl_i2c.o
 .debug_frame   0x00001e7c      0x4b4 ./drivers/fsl_lpuart.o
 .debug_frame   0x00002330      0x594 ./drivers/fsl_uart.o
 .debug_frame   0x000028c4       0x74 ./device/system_MKV31F51212.o
 .debug_frame   0x00002938       0x30 ./board/board.o
 .debug_frame   0x00002968       0x2c ./board/clock_config.o
 .debug_frame   0x00002994       0x30 ./board/peripherals.o
 .debug_frame   0x000029c4       0x30 ./board/pin_mux.o
 .debug_frame   0x000029f4      0x1a8 ./amazon-freertos/freertos_kernel/portable/GCC/ARM_CM4F/port.o
 .debug_frame   0x00002b9c       0xd8 ./amazon-freertos/freertos_kernel/list.o
 .debug_frame   0x00002c74      0x8a4 ./amazon-freertos/freertos_kernel/tasks.o

Cross Reference Table

Symbol                                            File
ADC0_DriverIRQHandler                             ./startup/startup_mkv31f51212.o
ADC0_IRQHandler                                   ./startup/startup_mkv31f51212.o
ADC16_ClearStatusFlags                            ./drivers/fsl_adc16.o
ADC16_Deinit                                      ./drivers/fsl_adc16.o
ADC16_DoAutoCalibration                           ./drivers/fsl_adc16.o
ADC16_GetChannelStatusFlags                       ./drivers/fsl_adc16.o
ADC16_GetDefaultConfig                            ./drivers/fsl_adc16.o
ADC16_GetStatusFlags                              ./drivers/fsl_adc16.o
ADC16_Init                                        ./drivers/fsl_adc16.o
ADC16_SetChannelConfig                            ./drivers/fsl_adc16.o
ADC16_SetChannelMuxMode                           ./drivers/fsl_adc16.o
ADC16_SetHardwareAverage                          ./drivers/fsl_adc16.o
ADC16_SetHardwareCompareConfig                    ./drivers/fsl_adc16.o
ADC1_DriverIRQHandler                             ./startup/startup_mkv31f51212.o
ADC1_IRQHandler                                   ./startup/startup_mkv31f51212.o
BOARD_InitBootClocks                              ./board/clock_config.o
                                                  ./source/MKV31F512xxx12_Project.o
BOARD_InitBootPeripherals                         ./board/peripherals.o
                                                  ./source/MKV31F512xxx12_Project.o
BOARD_InitBootPins                                ./board/pin_mux.o
                                                  ./source/MKV31F512xxx12_Project.o
BOARD_InitDebugConsole                            ./board/board.o
                                                  ./source/MKV31F512xxx12_Project.o
BusFault_Handler                                  ./startup/startup_mkv31f51212.o
CLOCK_BootToBlpeMode                              ./drivers/fsl_clock.o
CLOCK_BootToBlpiMode                              ./drivers/fsl_clock.o
CLOCK_BootToFeeMode                               ./drivers/fsl_clock.o
CLOCK_BootToFeiMode                               ./drivers/fsl_clock.o
CLOCK_BootToPeeMode                               ./drivers/fsl_clock.o
CLOCK_CalcPllDiv                                  ./drivers/fsl_clock.o
CLOCK_ClearStatusFlags                            ./drivers/fsl_clock.o
CLOCK_DeinitOsc0                                  ./drivers/fsl_clock.o
CLOCK_EnablePll0                                  ./drivers/fsl_clock.o
CLOCK_ExternalModeToFbeModeQuick                  ./drivers/fsl_clock.o
CLOCK_GetBusClkFreq                               ./drivers/fsl_clock.o
CLOCK_GetCoreSysClkFreq                           ./drivers/fsl_clock.o
CLOCK_GetEr32kClkFreq                             ./drivers/fsl_clock.o
CLOCK_GetFixedFreqClkFreq                         ./drivers/fsl_clock.o
CLOCK_GetFlashClkFreq                             ./drivers/fsl_clock.o
CLOCK_GetFlexBusClkFreq                           ./drivers/fsl_clock.o
CLOCK_GetFllFreq                                  ./drivers/fsl_clock.o
CLOCK_GetFreq                                     ./drivers/fsl_clock.o
CLOCK_GetInternalRefClkFreq                       ./drivers/fsl_clock.o
CLOCK_GetMode                                     ./drivers/fsl_clock.o
CLOCK_GetOsc0ErClkDivFreq                         ./drivers/fsl_clock.o
CLOCK_GetOsc0ErClkFreq                            ./drivers/fsl_clock.o
CLOCK_GetOsc0ErClkUndivFreq                       ./drivers/fsl_clock.o
CLOCK_GetOutClkFreq                               ./drivers/fsl_clock.o
CLOCK_GetPlatClkFreq                              ./drivers/fsl_clock.o
CLOCK_GetPll0Freq                                 ./drivers/fsl_clock.o
CLOCK_GetPllFllSelClkFreq                         ./drivers/fsl_clock.o
CLOCK_GetStatusFlags                              ./drivers/fsl_clock.o
CLOCK_InitOsc0                                    ./drivers/fsl_clock.o
CLOCK_InternalModeToFbiModeQuick                  ./drivers/fsl_clock.o
CLOCK_SetBlpeMode                                 ./drivers/fsl_clock.o
CLOCK_SetBlpiMode                                 ./drivers/fsl_clock.o
CLOCK_SetExternalRefClkConfig                     ./drivers/fsl_clock.o
CLOCK_SetFastIrcFreq                              ./drivers/fsl_clock.o
CLOCK_SetFbeMode                                  ./drivers/fsl_clock.o
CLOCK_SetFbiMode                                  ./drivers/fsl_clock.o
CLOCK_SetFeeMode                                  ./drivers/fsl_clock.o
CLOCK_SetFeiMode                                  ./drivers/fsl_clock.o
CLOCK_SetInternalRefClkConfig                     ./drivers/fsl_clock.o
CLOCK_SetMcgConfig                                ./drivers/fsl_clock.o
CLOCK_SetOsc0MonitorMode                          ./drivers/fsl_clock.o
CLOCK_SetPbeMode                                  ./drivers/fsl_clock.o
CLOCK_SetPeeMode                                  ./drivers/fsl_clock.o
CLOCK_SetPll0MonitorMode                          ./drivers/fsl_clock.o
CLOCK_SetSimConfig                                ./drivers/fsl_clock.o
CLOCK_SetSlowIrcFreq                              ./drivers/fsl_clock.o
CLOCK_TrimInternalRefClk                          ./drivers/fsl_clock.o
CMP0_DriverIRQHandler                             ./startup/startup_mkv31f51212.o
CMP0_IRQHandler                                   ./startup/startup_mkv31f51212.o
CMP1_DriverIRQHandler                             ./startup/startup_mkv31f51212.o
CMP1_IRQHandler                                   ./startup/startup_mkv31f51212.o
CMP_ClearStatusFlags                              ./drivers/fsl_cmp.o
CMP_Deinit                                        ./drivers/fsl_cmp.o
CMP_DisableInterrupts                             ./drivers/fsl_cmp.o
CMP_EnableDMA                                     ./drivers/fsl_cmp.o
CMP_EnableInterrupts                              ./drivers/fsl_cmp.o
CMP_GetDefaultConfig                              ./drivers/fsl_cmp.o
CMP_GetStatusFlags                                ./drivers/fsl_cmp.o
CMP_Init                                          ./drivers/fsl_cmp.o
CMP_SetDACConfig                                  ./drivers/fsl_cmp.o
CMP_SetFilterConfig                               ./drivers/fsl_cmp.o
CMP_SetInputChannels                              ./drivers/fsl_cmp.o
CRC_Get16bitResult                                ./drivers/fsl_crc.o
CRC_Get32bitResult                                ./drivers/fsl_crc.o
CRC_GetDefaultConfig                              ./drivers/fsl_crc.o
CRC_Init                                          ./drivers/fsl_crc.o
CRC_WriteData                                     ./drivers/fsl_crc.o
DAC0_DriverIRQHandler                             ./startup/startup_mkv31f51212.o
DAC0_IRQHandler                                   ./startup/startup_mkv31f51212.o
DAC1_DriverIRQHandler                             ./startup/startup_mkv31f51212.o
DAC1_IRQHandler                                   ./startup/startup_mkv31f51212.o
DAC_ClearBufferStatusFlags                        ./drivers/fsl_dac.o
DAC_Deinit                                        ./drivers/fsl_dac.o
DAC_DisableBufferInterrupts                       ./drivers/fsl_dac.o
DAC_EnableBufferInterrupts                        ./drivers/fsl_dac.o
DAC_GetBufferStatusFlags                          ./drivers/fsl_dac.o
DAC_GetDefaultBufferConfig                        ./drivers/fsl_dac.o
DAC_GetDefaultConfig                              ./drivers/fsl_dac.o
DAC_Init                                          ./drivers/fsl_dac.o
DAC_SetBufferConfig                               ./drivers/fsl_dac.o
DAC_SetBufferReadPointer                          ./drivers/fsl_dac.o
DAC_SetBufferValue                                ./drivers/fsl_dac.o
DMA0_DriverIRQHandler                             ./drivers/fsl_edma.o
                                                  ./startup/startup_mkv31f51212.o
DMA0_IRQHandler                                   ./startup/startup_mkv31f51212.o
DMA10_DriverIRQHandler                            ./drivers/fsl_edma.o
                                                  ./startup/startup_mkv31f51212.o
DMA10_IRQHandler                                  ./startup/startup_mkv31f51212.o
DMA11_DriverIRQHandler                            ./drivers/fsl_edma.o
                                                  ./startup/startup_mkv31f51212.o
DMA11_IRQHandler                                  ./startup/startup_mkv31f51212.o
DMA12_DriverIRQHandler                            ./drivers/fsl_edma.o
                                                  ./startup/startup_mkv31f51212.o
DMA12_IRQHandler                                  ./startup/startup_mkv31f51212.o
DMA13_DriverIRQHandler                            ./drivers/fsl_edma.o
                                                  ./startup/startup_mkv31f51212.o
DMA13_IRQHandler                                  ./startup/startup_mkv31f51212.o
DMA14_DriverIRQHandler                            ./drivers/fsl_edma.o
                                                  ./startup/startup_mkv31f51212.o
DMA14_IRQHandler                                  ./startup/startup_mkv31f51212.o
DMA15_DriverIRQHandler                            ./drivers/fsl_edma.o
                                                  ./startup/startup_mkv31f51212.o
DMA15_IRQHandler                                  ./startup/startup_mkv31f51212.o
DMA1_DriverIRQHandler                             ./drivers/fsl_edma.o
                                                  ./startup/startup_mkv31f51212.o
DMA1_IRQHandler                                   ./startup/startup_mkv31f51212.o
DMA2_DriverIRQHandler                             ./drivers/fsl_edma.o
                                                  ./startup/startup_mkv31f51212.o
DMA2_IRQHandler                                   ./startup/startup_mkv31f51212.o
DMA3_DriverIRQHandler                             ./drivers/fsl_edma.o
                                                  ./startup/startup_mkv31f51212.o
DMA3_IRQHandler                                   ./startup/startup_mkv31f51212.o
DMA4_DriverIRQHandler                             ./drivers/fsl_edma.o
                                                  ./startup/startup_mkv31f51212.o
DMA4_IRQHandler                                   ./startup/startup_mkv31f51212.o
DMA5_DriverIRQHandler                             ./drivers/fsl_edma.o
                                                  ./startup/startup_mkv31f51212.o
DMA5_IRQHandler                                   ./startup/startup_mkv31f51212.o
DMA6_DriverIRQHandler                             ./drivers/fsl_edma.o
                                                  ./startup/startup_mkv31f51212.o
DMA6_IRQHandler                                   ./startup/startup_mkv31f51212.o
DMA7_DriverIRQHandler                             ./drivers/fsl_edma.o
                                                  ./startup/startup_mkv31f51212.o
DMA7_IRQHandler                                   ./startup/startup_mkv31f51212.o
DMA8_DriverIRQHandler                             ./drivers/fsl_edma.o
                                                  ./startup/startup_mkv31f51212.o
DMA8_IRQHandler                                   ./startup/startup_mkv31f51212.o
DMA9_DriverIRQHandler                             ./drivers/fsl_edma.o
                                                  ./startup/startup_mkv31f51212.o
DMA9_IRQHandler                                   ./startup/startup_mkv31f51212.o
DMAMUX_Deinit                                     ./drivers/fsl_dmamux.o
DMAMUX_Init                                       ./drivers/fsl_dmamux.o
DMA_Error_DriverIRQHandler                        ./startup/startup_mkv31f51212.o
DMA_Error_IRQHandler                              ./startup/startup_mkv31f51212.o
DSPI_Deinit                                       ./drivers/fsl_dspi.o
                                                  ./drivers/freertos/fsl_dspi_freertos.o
DSPI_EnableInterrupts                             ./drivers/fsl_dspi.o
DSPI_GetDefaultDataCommandConfig                  ./drivers/fsl_dspi.o
DSPI_GetDummyDataInstance                         ./drivers/fsl_dspi.o
                                                  ./drivers/fsl_dspi_edma.o
DSPI_GetInstance                                  ./drivers/fsl_dspi.o
                                                  ./drivers/fsl_dspi_edma.o
DSPI_MasterGetDefaultConfig                       ./drivers/fsl_dspi.o
DSPI_MasterHalfDuplexTransferBlocking             ./drivers/fsl_dspi.o
DSPI_MasterHalfDuplexTransferEDMA                 ./drivers/fsl_dspi_edma.o
DSPI_MasterHalfDuplexTransferNonBlocking          ./drivers/fsl_dspi.o
DSPI_MasterInit                                   ./drivers/fsl_dspi.o
                                                  ./drivers/freertos/fsl_dspi_freertos.o
DSPI_MasterSetBaudRate                            ./drivers/fsl_dspi.o
DSPI_MasterSetDelayScaler                         ./drivers/fsl_dspi.o
DSPI_MasterSetDelayTimes                          ./drivers/fsl_dspi.o
DSPI_MasterTransferAbort                          ./drivers/fsl_dspi.o
DSPI_MasterTransferAbortEDMA                      ./drivers/fsl_dspi_edma.o
DSPI_MasterTransferBlocking                       ./drivers/fsl_dspi.o
                                                  ./drivers/fsl_dspi_edma.o
DSPI_MasterTransferCreateHandle                   ./drivers/fsl_dspi.o
                                                  ./drivers/freertos/fsl_dspi_freertos.o
DSPI_MasterTransferCreateHandleEDMA               ./drivers/fsl_dspi_edma.o
DSPI_MasterTransferEDMA                           ./drivers/fsl_dspi_edma.o
DSPI_MasterTransferGetCount                       ./drivers/fsl_dspi.o
DSPI_MasterTransferGetCountEDMA                   ./drivers/fsl_dspi_edma.o
DSPI_MasterTransferHandleIRQ                      ./drivers/fsl_dspi.o
DSPI_MasterTransferNonBlocking                    ./drivers/fsl_dspi.o