Archive member included to satisfy reference by file (symbol)

c:/tools/mcuxpressoide_11.4.1_6260/ide/plugins/com.nxp.mcuxpresso.tools.win32_11.4.0.202103011116/tools/bin/../lib/gcc/arm-none-eabi/10.2.1/../../../../arm-none-eabi/lib/thumb/v7e-m+fp/hard\libcr_semihost_nf.a(_cr__main.o)
                              ./startup/startup_mkv31f51212.o (__main)
c:/tools/mcuxpressoide_11.4.1_6260/ide/plugins/com.nxp.mcuxpresso.tools.win32_11.4.0.202103011116/tools/bin/../lib/gcc/arm-none-eabi/10.2.1/../../../../arm-none-eabi/lib/thumb/v7e-m+fp/hard\libcr_c.a(acosf.o)
                              ./sensor_fusion/orientation.o (acosf)
c:/tools/mcuxpressoide_11.4.1_6260/ide/plugins/com.nxp.mcuxpresso.tools.win32_11.4.0.202103011116/tools/bin/../lib/gcc/arm-none-eabi/10.2.1/../../../../arm-none-eabi/lib/thumb/v7e-m+fp/hard\libcr_c.a(fabsf.o)
                              ./sensor_fusion/fusion.o (fabsf)
c:/tools/mcuxpressoide_11.4.1_6260/ide/plugins/com.nxp.mcuxpresso.tools.win32_11.4.0.202103011116/tools/bin/../lib/gcc/arm-none-eabi/10.2.1/../../../../arm-none-eabi/lib/thumb/v7e-m+fp/hard\libcr_c.a(powf.o)
                              ./sensor_fusion/magnetic.o (powf)
c:/tools/mcuxpressoide_11.4.1_6260/ide/plugins/com.nxp.mcuxpresso.tools.win32_11.4.0.202103011116/tools/bin/../lib/gcc/arm-none-eabi/10.2.1/../../../../arm-none-eabi/lib/thumb/v7e-m+fp/hard\libcr_c.a(sinf.o)
                              ./sensor_fusion/orientation.o (sinf)
c:/tools/mcuxpressoide_11.4.1_6260/ide/plugins/com.nxp.mcuxpresso.tools.win32_11.4.0.202103011116/tools/bin/../lib/gcc/arm-none-eabi/10.2.1/../../../../arm-none-eabi/lib/thumb/v7e-m+fp/hard\libcr_c.a(sqrtf_m4_hardfp.o)
                              ./sensor_fusion/approximations.o (sqrtf)
c:/tools/mcuxpressoide_11.4.1_6260/ide/plugins/com.nxp.mcuxpresso.tools.win32_11.4.0.202103011116/tools/bin/../lib/gcc/arm-none-eabi/10.2.1/../../../../arm-none-eabi/lib/thumb/v7e-m+fp/hard\libcr_c.a(tanf.o)
                              ./sensor_fusion/magnetic.o (tanf)
c:/tools/mcuxpressoide_11.4.1_6260/ide/plugins/com.nxp.mcuxpresso.tools.win32_11.4.0.202103011116/tools/bin/../lib/gcc/arm-none-eabi/10.2.1/../../../../arm-none-eabi/lib/thumb/v7e-m+fp/hard\libcr_c.a(memcpy.o)
                              ./sensors/fxas21002_drv.o (memcpy)
c:/tools/mcuxpressoide_11.4.1_6260/ide/plugins/com.nxp.mcuxpresso.tools.win32_11.4.0.202103011116/tools/bin/../lib/gcc/arm-none-eabi/10.2.1/../../../../arm-none-eabi/lib/thumb/v7e-m+fp/hard\libcr_c.a(memset.o)
                              ./sensor_fusion/driver_KSDK_NVM.o (memset)
c:/tools/mcuxpressoide_11.4.1_6260/ide/plugins/com.nxp.mcuxpresso.tools.win32_11.4.0.202103011116/tools/bin/../lib/gcc/arm-none-eabi/10.2.1/../../../../arm-none-eabi/lib/thumb/v7e-m+fp/hard\libcr_c.a(acos.o)
                              ./sensor_fusion/debug.o (acos)
c:/tools/mcuxpressoide_11.4.1_6260/ide/plugins/com.nxp.mcuxpresso.tools.win32_11.4.0.202103011116/tools/bin/../lib/gcc/arm-none-eabi/10.2.1/../../../../arm-none-eabi/lib/thumb/v7e-m+fp/hard\libcr_c.a(alloc.o)
                              ./drivers/fsl_common.o (malloc)
c:/tools/mcuxpressoide_11.4.1_6260/ide/plugins/com.nxp.mcuxpresso.tools.win32_11.4.0.202103011116/tools/bin/../lib/gcc/arm-none-eabi/10.2.1/../../../../arm-none-eabi/lib/thumb/v7e-m+fp/hard\libcr_c.a(errno.o)
                              c:/tools/mcuxpressoide_11.4.1_6260/ide/plugins/com.nxp.mcuxpresso.tools.win32_11.4.0.202103011116/tools/bin/../lib/gcc/arm-none-eabi/10.2.1/../../../../arm-none-eabi/lib/thumb/v7e-m+fp/hard\libcr_c.a(powf.o) (errno)
c:/tools/mcuxpressoide_11.4.1_6260/ide/plugins/com.nxp.mcuxpresso.tools.win32_11.4.0.202103011116/tools/bin/../lib/gcc/arm-none-eabi/10.2.1/../../../../arm-none-eabi/lib/thumb/v7e-m+fp/hard\libcr_c.a(fabs.o)
                              ./sensor_fusion/debug.o (fabs)
c:/tools/mcuxpressoide_11.4.1_6260/ide/plugins/com.nxp.mcuxpresso.tools.win32_11.4.0.202103011116/tools/bin/../lib/gcc/arm-none-eabi/10.2.1/../../../../arm-none-eabi/lib/thumb/v7e-m+fp/hard\libcr_c.a(fmod.o)
                              ./sensor_fusion/debug.o (fmod)
c:/tools/mcuxpressoide_11.4.1_6260/ide/plugins/com.nxp.mcuxpresso.tools.win32_11.4.0.202103011116/tools/bin/../lib/gcc/arm-none-eabi/10.2.1/../../../../arm-none-eabi/lib/thumb/v7e-m+fp/hard\libcr_c.a(initio.o)
                              c:/tools/mcuxpressoide_11.4.1_6260/ide/plugins/com.nxp.mcuxpresso.tools.win32_11.4.0.202103011116/tools/bin/../lib/gcc/arm-none-eabi/10.2.1/../../../../arm-none-eabi/lib/thumb/v7e-m+fp/hard\libcr_semihost_nf.a(_cr__main.o) (_initio)
c:/tools/mcuxpressoide_11.4.1_6260/ide/plugins/com.nxp.mcuxpresso.tools.win32_11.4.0.202103011116/tools/bin/../lib/gcc/arm-none-eabi/10.2.1/../../../../arm-none-eabi/lib/thumb/v7e-m+fp/hard\libcr_c.a(modf.o)
[...]
Memory Configuration

Name             Origin             Length             Attributes
PROGRAM_FLASH    0x00000000         0x00080000         xr
SRAM_UPPER       0x20000000         0x00010000         xrw
SRAM_LOWER       0x1fff8000         0x00008000         xrw
*default*        0x00000000         0xffffffff

Linker script and memory map

LOAD ./utilities/fsl_assert.o
LOAD ./utilities/fsl_debug_console.o
LOAD ./utilities/fsl_str.o
LOAD ./utilities/systick_utils.o
LOAD ./startup/startup_mkv31f51212.o
LOAD ./source/CalPosition.o
LOAD ./source/com.o
LOAD ./source/filter.o
LOAD ./source/hdlc.o
LOAD ./source/lpuart.o
LOAD ./source/main_freertos_two_tasks.o
LOAD ./source/motors.o
LOAD ./source/semihost_hardfault.o
LOAD ./source/uart.o
LOAD ./sensors/fxas21002_drv.o
LOAD ./sensors/fxos8700_drv.o
LOAD ./sensors/mpl3115_drv.o
LOAD ./sensor_fusion/DecodeCommandBytes.o
LOAD ./sensor_fusion/approximations.o
LOAD ./sensor_fusion/calibration_storage.o
LOAD ./sensor_fusion/control.o
LOAD ./sensor_fusion/debug.o
LOAD ./sensor_fusion/driver_FXAS21002.o
LOAD ./sensor_fusion/driver_FXOS8700.o
LOAD ./sensor_fusion/driver_KSDK_NVM.o
LOAD ./sensor_fusion/driver_MPL3115.o
LOAD ./sensor_fusion/driver_pit.o
LOAD ./sensor_fusion/driver_systick.o
LOAD ./sensor_fusion/fusion.o
LOAD ./sensor_fusion/hal_frdm_fxs_mult2_b.o
LOAD ./sensor_fusion/magnetic.o
LOAD ./sensor_fusion/matrix.o
LOAD ./sensor_fusion/orientation.o
LOAD ./sensor_fusion/output_stream.o
LOAD ./sensor_fusion/precisionAccelerometer.o
LOAD ./sensor_fusion/sensor_fusion.o
LOAD ./sensor_fusion/status.o
LOAD ./interfaces/register_io_i2c.o
LOAD ./interfaces/register_io_spi.o
LOAD ./interfaces/sensor_io_i2c.o
LOAD ./interfaces/sensor_io_spi.o
LOAD ./gpio_driver/gpio_driver.o
LOAD ./gpio_driver/gpio_driver_irq.o
LOAD ./freertos/freertos_kernel/portable/MemMang/heap_4.o
LOAD ./freertos/freertos_kernel/portable/GCC/ARM_CM4F/port.o
LOAD ./freertos/freertos_kernel/croutine.o
LOAD ./freertos/freertos_kernel/event_groups.o
LOAD ./freertos/freertos_kernel/list.o
LOAD ./freertos/freertos_kernel/queue.o
LOAD ./freertos/freertos_kernel/stream_buffer.o
LOAD ./freertos/freertos_kernel/tasks.o
LOAD ./freertos/freertos_kernel/timers.o
LOAD ./drivers/freertos/fsl_dspi_freertos.o
LOAD ./drivers/freertos/fsl_i2c_freertos.o
LOAD ./drivers/freertos/fsl_lpuart_freertos.o
LOAD ./drivers/freertos/fsl_uart_freertos.o
LOAD ./drivers/fsl_adc16.o
LOAD ./drivers/fsl_clock.o
LOAD ./drivers/fsl_cmp.o
LOAD ./drivers/fsl_common.o
LOAD ./drivers/fsl_crc.o
LOAD ./drivers/fsl_dac.o
LOAD ./drivers/fsl_dmamux.o
LOAD ./drivers/fsl_dspi.o
LOAD ./drivers/fsl_dspi_cmsis.o
LOAD ./drivers/fsl_dspi_edma.o
LOAD ./drivers/fsl_edma.o
LOAD ./drivers/fsl_ewm.o
LOAD ./drivers/fsl_flexbus.o
LOAD ./drivers/fsl_ftfx_cache.o
LOAD ./drivers/fsl_ftfx_controller.o
LOAD ./drivers/fsl_ftfx_flash.o
LOAD ./drivers/fsl_ftfx_flexnvm.o
LOAD ./drivers/fsl_ftm.o
LOAD ./drivers/fsl_gpio.o
LOAD ./drivers/fsl_i2c.o
LOAD ./drivers/fsl_i2c_cmsis.o
LOAD ./drivers/fsl_i2c_edma.o
LOAD ./drivers/fsl_llwu.o
LOAD ./drivers/fsl_lptmr.o
LOAD ./drivers/fsl_lpuart.o
LOAD ./drivers/fsl_lpuart_edma.o
LOAD ./drivers/fsl_pdb.o
LOAD ./drivers/fsl_pit.o
LOAD ./drivers/fsl_pmc.o
LOAD ./drivers/fsl_rcm.o
LOAD ./drivers/fsl_rnga.o
LOAD ./drivers/fsl_sim.o
LOAD ./drivers/fsl_smc.o
LOAD ./drivers/fsl_uart.o
LOAD ./drivers/fsl_uart_cmsis.o
LOAD ./drivers/fsl_uart_edma.o
LOAD ./drivers/fsl_vref.o
LOAD ./drivers/fsl_wdog.o
LOAD ./device/system_MKV31F51212.o
LOAD ./component/uart/uart_adapter.o
LOAD ./component/serial_manager/serial_manager.o
LOAD ./component/serial_manager/serial_port_uart.o
LOAD ./component/lists/generic_list.o
LOAD ./board/board.o
LOAD ./board/clock_config.o
LOAD ./board/frdm_kv31f.o
LOAD ./board/peripherals.o
LOAD ./board/pin_mux.o
LOAD D:\THIERRY\workspace\ROBOT_FRDM_KV31F\libs\libarm_cortexM7l_math.a
LOAD D:\THIERRY\workspace\ROBOT_FRDM_KV31F\libs\libarm_cortexM4lf_math.a
START GROUP
LOAD c:/tools/mcuxpressoide_11.4.1_6260/ide/plugins/com.nxp.mcuxpresso.tools.win32_11.4.0.202103011116/tools/bin/../lib/gcc/arm-none-eabi/10.2.1/../../../../arm-none-eabi/lib/thumb/v7e-m+fp/hard\libcr_semihost_nf.a
LOAD c:/tools/mcuxpressoide_11.4.1_6260/ide/plugins/com.nxp.mcuxpresso.tools.win32_11.4.0.202103011116/tools/bin/../lib/gcc/arm-none-eabi/10.2.1/../../../../arm-none-eabi/lib/thumb/v7e-m+fp/hard\libcr_c.a
LOAD c:/tools/mcuxpressoide_11.4.1_6260/ide/plugins/com.nxp.mcuxpresso.tools.win32_11.4.0.202103011116/tools/bin/../lib/gcc/arm-none-eabi/10.2.1/thumb/v7e-m+fp/hard\libcr_eabihelpers.a
LOAD c:/tools/mcuxpressoide_11.4.1_6260/ide/plugins/com.nxp.mcuxpresso.tools.win32_11.4.0.202103011116/tools/bin/../lib/gcc/arm-none-eabi/10.2.1/thumb/v7e-m+fp/hard\libgcc.a
END GROUP
                0x00000000                __base_PROGRAM_FLASH = 0x0
                0x00000000                __base_Flash = 0x0
                0x00080000                __top_PROGRAM_FLASH = 0x80000
                0x00080000                __top_Flash = 0x80000
                0x20000000                __base_SRAM_UPPER = 0x20000000
                0x20000000                __base_RAM = 0x20000000
                0x20010000                __top_SRAM_UPPER = 0x20010000
                0x20010000                __top_RAM = 0x20010000
                0x1fff8000                __base_SRAM_LOWER = 0x1fff8000
                0x1fff8000                __base_RAM2 = 0x1fff8000
                0x20000000                __top_SRAM_LOWER = 0x20000000
                0x20000000                __top_RAM2 = 0x20000000

.text           0x00000000    0x1b9cc
 FILL mask 0xff
                0x00000000                __vectors_start__ = ABSOLUTE (.)
 *(SORT_BY_ALIGNMENT(.isr_vector))
 .isr_vector    0x00000000      0x168 ./startup/startup_mkv31f51212.o
                0x00000000                g_pfnVectors
                0x00000000                __Vectors
                0x00000168                . = ALIGN (0x4)
                0x00000168                __section_table_start = .
                0x00000168                __data_section_table = .
                0x00000168        0x4 LONG 0x1b9cc LOADADDR (.data)
                0x0000016c        0x4 LONG 0x20000000 ADDR (.data)
                0x00000170        0x4 LONG 0xc8 SIZEOF (.data)
                0x00000174        0x4 LONG 0x1b9cc LOADADDR (.data_RAM2)
                0x00000178        0x4 LONG 0x1fff8000 ADDR (.data_RAM2)
                0x0000017c        0x4 LONG 0x0 SIZEOF (.data_RAM2)
                0x00000180                __data_section_table_end = .
                0x00000180                __bss_section_table = .
                0x00000180        0x4 LONG 0x200000c8 ADDR (.bss)
                0x00000184        0x4 LONG 0x8ed4 SIZEOF (.bss)
                0x00000188        0x4 LONG 0x1fff8000 ADDR (.bss_RAM2)
                0x0000018c        0x4 LONG 0x0 SIZEOF (.bss_RAM2)
                0x00000190                __bss_section_table_end = .
                0x00000190                __section_table_end = .
 *(SORT_BY_ALIGNMENT(.after_vectors*))
 .after_vectors.reset
                0x00000190       0x4c ./startup/startup_mkv31f51212.o
                0x00000190                ResetISR
 .after_vectors.init_data
                0x000001dc       0x1e ./startup/startup_mkv31f51212.o
                0x000001dc                data_init
 .after_vectors.init_bss
                0x000001fa       0x12 ./startup/startup_mkv31f51212.o
                0x000001fa                bss_init
 .after_vectors
                0x0000020c       0x14 ./startup/startup_mkv31f51212.o
                0x0000020c                NMI_Handler
                0x00000210                MemManage_Handler
                0x00000212                BusFault_Handler
                0x00000214                UsageFault_Handler
                0x00000218                DebugMon_Handler
                0x0000021e                FTM1_DriverIRQHandler
                0x0000021e                FTM2_DriverIRQHandler
                0x0000021e                PIT2_DriverIRQHandler
                0x0000021e                Reserved82_DriverIRQHandler
                0x0000021e                FTF_DriverIRQHandler
                0x0000021e                LLWU_DriverIRQHandler
                0x0000021e                MCM_DriverIRQHandler
                0x0000021e                MCG_DriverIRQHandler
                0x0000021e                Reserved63_DriverIRQHandler
                0x0000021e                DAC1_DriverIRQHandler
                0x0000021e                Reserved69_DriverIRQHandler
                0x0000021e                DMA_Error_DriverIRQHandler
                0x0000021e                CMP1_DriverIRQHandler
                0x0000021e                FTM0_DriverIRQHandler
                0x0000021e                IntDefaultHandler
                0x0000021e                PORTC_DriverIRQHandler
                0x0000021e                DAC0_DriverIRQHandler
                0x0000021e                UART2_ERR_DriverIRQHandler
                0x0000021e                LVD_LVW_DriverIRQHandler
                0x0000021e                Reserved84_DriverIRQHandler
                0x0000021e                LPTMR0_DriverIRQHandler
                0x0000021e                RNG_DriverIRQHandler
                0x0000021e                Reserved53_DriverIRQHandler
                0x0000021e                Reserved45_DriverIRQHandler
                0x0000021e                UART0_ERR_DriverIRQHandler
                0x0000021e                Reserved71_DriverIRQHandler
                0x0000021e                ADC1_DriverIRQHandler
                0x0000021e                PORTA_DriverIRQHandler
                0x0000021e                PIT3_DriverIRQHandler
                0x0000021e                PIT1_DriverIRQHandler
                0x0000021e                WDOG_EWM_DriverIRQHandler
                0x0000021e                PDB0_DriverIRQHandler
                0x0000021e                Reserved83_DriverIRQHandler
                0x0000021e                Reserved61_DriverIRQHandler
                0x0000021e                Read_Collision_DriverIRQHandler
                0x0000021e                Reserved54_DriverIRQHandler
                0x0000021e                SWI_DriverIRQHandler
                0x0000021e                Reserved62_DriverIRQHandler
                0x0000021e                PORTB_DriverIRQHandler
                0x0000021e                Reserved44_DriverIRQHandler
                0x0000021e                Reserved85_DriverIRQHandler
                0x0000021e                Reserved81_DriverIRQHandler
                0x0000021e                ADC0_DriverIRQHandler
                0x0000021e                CMP0_DriverIRQHandler
                0x0000021e                FTM3_DriverIRQHandler
                0x0000021e                PIT0_DriverIRQHandler
                0x0000021e                UART1_ERR_DriverIRQHandler
                0x0000021e                PORTD_DriverIRQHandler
                0x0000021e                Reserved70_DriverIRQHandler
                0x0000021e                Reserved86_DriverIRQHandler
                0x0000021e                PORTE_DriverIRQHandler
                0x00000400                . = 0x400
 *fill*         0x00000220      0x1e0 ff
                0x00000400                PROVIDE (__FLASH_CONFIG_START__ = .)
 *(SORT_BY_ALIGNMENT(.FlashConfig))
 .FlashConfig   0x00000400       0x10 ./startup/startup_mkv31f51212.o
                0x00000400                Flash_Config
                0x00000410                PROVIDE (__FLASH_CONFIG_END__ = .)
                0x00000001                ASSERT (! ((__FLASH_CONFIG_START__ == __FLASH_CONFIG_END__)), Linker Flash Config Support Enabled, but no .FlashConfig section provided within application)
 *(SORT_BY_ALIGNMENT(.text*))
 .text.SVC_Handler
                0x00000410       0x28 ./freertos/freertos_kernel/portable/GCC/ARM_CM4F/port.o
                0x00000410                SVC_Handler
 *fill*         0x00000438        0x8 ff
 .text.PendSV_Handler
                0x00000440       0x68 ./freertos/freertos_kernel/portable/GCC/ARM_CM4F/port.o
                0x00000440                PendSV_Handler
 .text.ApplyPerturbation
                0x000004a8      0x468 ./sensor_fusion/debug.o
                0x000004a8                ApplyPerturbation
 .text.fInit_6DOF_GY_KALMAN
                0x00000910      0x244 ./sensor_fusion/fusion.o
                0x00000910                fInit_6DOF_GY_KALMAN
 *fill*         0x00000b54        0x4 ff
 .text.fInit_9DOF_GBY_KALMAN
                0x00000b58      0x2ec ./sensor_fusion/fusion.o
                0x00000b58                fInit_9DOF_GBY_KALMAN
 *fill*         0x00000e44        0x4 ff
 .text.fRun_6DOF_GY_KALMAN
                0x00000e48     0x10bc ./sensor_fusion/fusion.o
                0x00000e48                fRun_6DOF_GY_KALMAN
 *fill*         0x00001f04        0x4 ff
 .text.fRun_9DOF_GBY_KALMAN
                0x00001f08     0x1e9c ./sensor_fusion/fusion.o
                0x00001f08                fRun_9DOF_GBY_KALMAN
 *fill*         0x00003da4        0x4 ff
 .text.powf     0x00003da8      0x2d4 c:/tools/mcuxpressoide_11.4.1_6260/ide/plugins/com.nxp.mcuxpresso.tools.win32_11.4.0.202103011116/tools/bin/../lib/gcc/arm-none-eabi/10.2.1/../../../../arm-none-eabi/lib/thumb/v7e-m+fp/hard\libcr_c.a(powf.o)
                0x00003da8                powf
 *fill*         0x0000407c        0x4 ff
 .text.sqrt     0x00004080      0x11c c:/tools/mcuxpressoide_11.4.1_6260/ide/plugins/com.nxp.mcuxpresso.tools.win32_11.4.0.202103011116/tools/bin/../lib/gcc/arm-none-eabi/10.2.1/../../../../arm-none-eabi/lib/thumb/v7e-m+fp/hard\libcr_c.a(sqrt.o)
                0x00004080                sqrt
 *fill*         0x0000419c        0x4 ff
 .text._sincosf
                0x000041a0      0x138 c:/tools/mcuxpressoide_11.4.1_6260/ide/plugins/com.nxp.mcuxpresso.tools.win32_11.4.0.202103011116/tools/bin/../lib/gcc/arm-none-eabi/10.2.1/../../../../arm-none-eabi/lib/thumb/v7e-m+fp/hard\libcr_c.a(_sincosf.o)
                0x000041a0                _sincosf
 .text._tancotf
                0x000042d8      0x14c c:/tools/mcuxpressoide_11.4.1_6260/ide/plugins/com.nxp.mcuxpresso.tools.win32_11.4.0.202103011116/tools/bin/../lib/gcc/arm-none-eabi/10.2.1/../../../../arm-none-eabi/lib/thumb/v7e-m+fp/hard\libcr_c.a(_tancotf.o)
                0x000042d8                _tancotf
 *fill*         0x00004424        0x4 ff
 .text._asinacos
                0x00004428      0x290 c:/tools/mcuxpressoide_11.4.1_6260/ide/plugins/com.nxp.mcuxpresso.tools.win32_11.4.0.202103011116/tools/bin/../lib/gcc/arm-none-eabi/10.2.1/../../../../arm-none-eabi/lib/thumb/v7e-m+fp/hard\libcr_c.a(_asinacos.o)
                0x00004428                _asinacos
 .text.__assertion_failed
                0x000046b8       0x18 ./utilities/fsl_assert.o
                0x000046b8                __assertion_failed
 .text.CalculateNewMotorCommand
                0x000046d0      0x19c ./source/com.o
 .text.com_TxTask
                0x0000486c      0x21c ./source/com.o
 .text.com_RxTask
                0x00004a88      0x11c ./source/com.o
 .text.COM_InitializeTask
                0x00004ba4       0x8c ./source/com.o
                0x00004ba4                COM_InitializeTask
 .text.COM_WakeUp
                0x00004c30       0x18 ./source/com.o
                0x00004c30                COM_WakeUp
 .text.UpdateDLLRxFrameErrorCounter
                0x00004c48       0x2c ./source/hdlc.o
 .text.UpdateDLLRxFrameOKCounter
                0x00004c74       0x2c ./source/hdlc.o
 .text.HDLC_StateWaitFirstDLE
                0x00004ca0       0x28 ./source/hdlc.o
 .text.HDLC_StateWaitSTX
                0x00004cc8       0x3c ./source/hdlc.o
 .text.HDLC_StateWaitFrame
                0x00004d04       0x64 ./source/hdlc.o
 .text.HDLC_StateAlgoDLE
                0x00004d68       0x9c ./source/hdlc.o
 .text.HDLC_StateWaitChecksum
                0x00004e04       0x58 ./source/hdlc.o
 .text.HDLC_ControlRxCharacter
                0x00004e5c       0x8c ./source/hdlc.o
 .text.HDLC_bInitialize
                0x00004ee8       0x54 ./source/hdlc.o
                0x00004ee8                HDLC_bInitialize
 .text.HDLC_bGetFrame
                0x00004f3c       0x78 ./source/hdlc.o
                0x00004f3c                HDLC_bGetFrame
 .text.HDLC_bPutFrame
                0x00004fb4       0xe0 ./source/hdlc.o
                0x00004fb4                HDLC_bPutFrame
 .text.__NVIC_SetPriority
                0x00005094       0x54 ./source/lpuart.o
 .text.CLOCK_SetLpuartClock
                0x000050e8       0x40 ./source/lpuart.o
 .text.LPUART_bOpenDevice
                0x00005128       0x58 ./source/lpuart.o
                0x00005128                LPUART_bOpenDevice
 .text.LPUART_bGetRxChar
                0x00005180       0x3c ./source/lpuart.o
                0x00005180                LPUART_bGetRxChar
 .text.LPUART_bPutTxBuffer
                0x000051bc       0x38 ./source/lpuart.o
                0x000051bc                LPUART_bPutTxBuffer
 .text.LPUART_bCloseDevice
                0x000051f4       0x14 ./source/lpuart.o
                0x000051f4                LPUART_bCloseDevice
 .text.main     0x00005208      0x19c ./source/main_freertos_two_tasks.o
                0x00005208                main
 .text.read_task
                0x000053a4       0x60 ./source/main_freertos_two_tasks.o
 .text.fusion_task
                0x00005404       0x90 ./source/main_freertos_two_tasks.o
 .text.MOTORS_Initialization
                0x00005494       0xb0 ./source/motors.o
                0x00005494                MOTORS_Initialization
 .text.MOTORS_UpdateCommand
                0x00005544      0x1d0 ./source/motors.o
                0x00005544                MOTORS_UpdateCommand
 .text.MOTORS_u16GetMaxPWMLevel
                0x00005714       0x20 ./source/motors.o
                0x00005714                MOTORS_u16GetMaxPWMLevel
 .text.fasin_deg
                0x00005734       0x7c ./sensor_fusion/approximations.o
                0x00005734                fasin_deg
 .text.facos_deg
                0x000057b0       0xdc ./sensor_fusion/approximations.o
                0x000057b0                facos_deg
 .text.fatan_deg
                0x0000588c      0x104 ./sensor_fusion/approximations.o
                0x0000588c                fatan_deg
 .text.fatan2_deg
                0x00005990       0xec ./sensor_fusion/approximations.o
                0x00005990                fatan2_deg
 .text.fatan_15deg
                0x00005a7c       0x60 ./sensor_fusion/approximations.o
                0x00005a7c                fatan_15deg
 .text.FXAS21002_Init
                0x00005adc      0x104 ./sensor_fusion/driver_FXAS21002.o
                0x00005adc                FXAS21002_Init
 .text.FXAS21002_Read
                0x00005be0      0x24c ./sensor_fusion/driver_FXAS21002.o
                0x00005be0                FXAS21002_Read
 .text.FXOS8700_Init
                0x00005e2c       0xbc ./sensor_fusion/driver_FXOS8700.o
                0x00005e2c                FXOS8700_Init
 .text.FXOS8700_ReadAccData
                0x00005ee8      0x198 ./sensor_fusion/driver_FXOS8700.o
                0x00005ee8                FXOS8700_ReadAccData
 .text.FXOS8700_ReadMagData
                0x00006080       0xa0 ./sensor_fusion/driver_FXOS8700.o
                0x00006080                FXOS8700_ReadMagData
 .text.MPL3115_Init
                0x00006120       0x84 ./sensor_fusion/driver_MPL3115.o
                0x00006120                MPL3115_Init
 .text.MPL3115_Read
                0x000061a4       0xbc ./sensor_fusion/driver_MPL3115.o
                0x000061a4                MPL3115_Read
 .text.PIT_GetDefaultConfig
                0x00006260       0x28 ./sensor_fusion/driver_pit.o
 .text.PIT0_IRQHandler
                0x00006288       0x20 ./sensor_fusion/driver_pit.o
                0x00006288                PIT0_IRQHandler
 .text.pit_init1
                0x000062a8       0x98 ./sensor_fusion/driver_pit.o
                0x000062a8                pit_init1
 .text.pit_GetChannel1
                0x00006340       0x18 ./sensor_fusion/driver_pit.o
                0x00006340                pit_GetChannel1
 .text.ARM_systick_enable
                0x00006358       0x20 ./sensor_fusion/driver_systick.o
                0x00006358                ARM_systick_enable
 .text.ARM_systick_start_ticks
                0x00006378       0x24 ./sensor_fusion/driver_systick.o
                0x00006378                ARM_systick_start_ticks
 .text.ARM_systick_elapsed_ticks
                0x0000639c       0x38 ./sensor_fusion/driver_systick.o
                0x0000639c                ARM_systick_elapsed_ticks
 .text.ARM_systick_delay_ms
                0x000063d4       0x58 ./sensor_fusion/driver_systick.o
                0x000063d4                ARM_systick_delay_ms
 .text.fInit_1DOF_P_BASIC
                0x0000642c       0x6c ./sensor_fusion/fusion.o
                0x0000642c                fInit_1DOF_P_BASIC
 .text.fInit_3DOF_G_BASIC
                0x00006498       0x84 ./sensor_fusion/fusion.o
                0x00006498                fInit_3DOF_G_BASIC
 .text.fInit_3DOF_B_BASIC
                0x0000651c       0x84 ./sensor_fusion/fusion.o
                0x0000651c                fInit_3DOF_B_BASIC
 .text.fInit_3DOF_Y_BASIC
                0x000065a0       0x38 ./sensor_fusion/fusion.o
                0x000065a0                fInit_3DOF_Y_BASIC
 .text.fInit_6DOF_GB_BASIC
                0x000065d8       0xa8 ./sensor_fusion/fusion.o
                0x000065d8                fInit_6DOF_GB_BASIC
 .text.fInitializeMagCalibration
                0x00006680      0x22c ./sensor_fusion/magnetic.o
                0x00006680                fInitializeMagCalibration
 .text.fRunMagCalibration
                0x000068ac      0x380 ./sensor_fusion/magnetic.o
                0x000068ac                fRunMagCalibration
 .text.fUpdateMagCalibration4Slice
                0x00006c2c      0xaf0 ./sensor_fusion/magnetic.o
                0x00006c2c                fUpdateMagCalibration4Slice
 .text.fUpdateMagCalibration7Slice
                0x0000771c      0xbdc ./sensor_fusion/magnetic.o
                0x0000771c                fUpdateMagCalibration7Slice
 .text.fUpdateMagCalibration10Slice
                0x000082f8     0x11e4 ./sensor_fusion/magnetic.o
                0x000082f8                fUpdateMagCalibration10Slice
 .text.f3DOFTiltNED
                0x000094dc      0x1ec ./sensor_fusion/orientation.o
                0x000094dc                f3DOFTiltNED
 .text.fNEDAnglesDegFromRotationMatrix
                0x000096c8      0x19c ./sensor_fusion/orientation.o
                0x000096c8                fNEDAnglesDegFromRotationMatrix
 .text.fQuaternionFromRotationVectorDeg
                0x00009864      0x230 ./sensor_fusion/orientation.o
                0x00009864                fQuaternionFromRotationVectorDeg
 .text.fQuaternionFromRotationMatrix
                0x00009a94      0x234 ./sensor_fusion/orientation.o
                0x00009a94                fQuaternionFromRotationMatrix
 .text.fRotationVectorDegFromQuaternion
                0x00009cc8      0x148 ./sensor_fusion/orientation.o
                0x00009cc8                fRotationVectorDegFromQuaternion
 .text.fqAeqNormqA
                0x00009e10      0x154 ./sensor_fusion/orientation.o
                0x00009e10                fqAeqNormqA
 .text.fveqconjgquq
                0x00009f64      0x288 ./sensor_fusion/orientation.o
                0x00009f64                fveqconjgquq
 .text.fInitializeAccelCalibration
                0x0000a1ec      0x15c ./sensor_fusion/precisionAccelerometer.o
                0x0000a1ec                fInitializeAccelCalibration
 .text.fUpdateAccelBuffer
                0x0000a348      0x160 ./sensor_fusion/precisionAccelerometer.o
                0x0000a348                fUpdateAccelBuffer
 .text.fComputeAccelCalibration7
                0x0000a4a8      0x544 ./sensor_fusion/precisionAccelerometer.o
                0x0000a4a8                fComputeAccelCalibration7
 .text.initSensorFusionGlobals
                0x0000a9ec      0x134 ./sensor_fusion/sensor_fusion.o
                0x0000a9ec                initSensorFusionGlobals
 .text.initializeFusionEngine
                0x0000ab20      0x114 ./sensor_fusion/sensor_fusion.o
                0x0000ab20                initializeFusionEngine
 .text.ssSetLeds
                0x0000ac34       0x74 ./sensor_fusion/status.o
                0x0000ac34                ssSetLeds
 .text.ssSetStatusNow
                0x0000aca8       0xe4 ./sensor_fusion/status.o
                0x0000aca8                ssSetStatusNow
 .text.ssTest   0x0000ad8c       0x90 ./sensor_fusion/status.o
                0x0000ad8c                ssTest
 .text.initializeStatusSubsystem
                0x0000ae1c       0xbc ./sensor_fusion/status.o
                0x0000ae1c                initializeStatusSubsystem
 .text.I2C0_SignalEvent_t
                0x0000aed8       0x30 ./interfaces/register_io_i2c.o
                0x0000aed8                I2C0_SignalEvent_t
 .text.I2C1_SignalEvent_t
                0x0000af08       0x30 ./interfaces/register_io_i2c.o
                0x0000af08                I2C1_SignalEvent_t
 .text.Register_I2C_Write
                0x0000af38      0x220 ./interfaces/register_io_i2c.o
                0x0000af38                Register_I2C_Write
 .text.Register_I2C_Read
                0x0000b158      0x150 ./interfaces/register_io_i2c.o
                0x0000b158                Register_I2C_Read
 .text.ksdk_gpio_handle_interrupt
                0x0000b2a8       0x88 ./gpio_driver/gpio_driver.o
                0x0000b2a8                ksdk_gpio_handle_interrupt
 .text.PORTA_IRQHandler
                0x0000b330       0x14 ./gpio_driver/gpio_driver_irq.o
                0x0000b330                PORTA_IRQHandler
 .text.PORTB_IRQHandler
                0x0000b344       0x14 ./gpio_driver/gpio_driver_irq.o
                0x0000b344                PORTB_IRQHandler
 .text.PORTC_IRQHandler
                0x0000b358       0x14 ./gpio_driver/gpio_driver_irq.o
                0x0000b358                PORTC_IRQHandler
 .text.PORTD_IRQHandler
                0x0000b36c       0x14 ./gpio_driver/gpio_driver_irq.o
                0x0000b36c                PORTD_IRQHandler
 .text.PORTE_IRQHandler
                0x0000b380       0x14 ./gpio_driver/gpio_driver_irq.o
                0x0000b380                PORTE_IRQHandler
 .text.pvPortMalloc
                0x0000b394      0x1c0 ./freertos/freertos_kernel/portable/MemMang/heap_4.o
                0x0000b394                pvPortMalloc
 .text.vPortFree
                0x0000b554       0xc4 ./freertos/freertos_kernel/portable/MemMang/heap_4.o
                0x0000b554                vPortFree
 .text.prvHeapInit
                0x0000b618       0xc4 ./freertos/freertos_kernel/portable/MemMang/heap_4.o
 .text.prvInsertBlockIntoFreeList
                0x0000b6dc       0xb4 ./freertos/freertos_kernel/portable/MemMang/heap_4.o
 .text.pxPortInitialiseStack
                0x0000b790       0x68 ./freertos/freertos_kernel/portable/GCC/ARM_CM4F/port.o
                0x0000b790                pxPortInitialiseStack
 .text.prvTaskExitError
                0x0000b7f8       0x58 ./freertos/freertos_kernel/portable/GCC/ARM_CM4F/port.o
 .text.prvPortStartFirstTask
                0x0000b850       0x2c ./freertos/freertos_kernel/portable/GCC/ARM_CM4F/port.o
 .text.xPortStartScheduler
                0x0000b87c      0x144 ./freertos/freertos_kernel/portable/GCC/ARM_CM4F/port.o
                0x0000b87c                xPortStartScheduler
 .text.vPortEnterCritical
                0x0000b9c0       0x60 ./freertos/freertos_kernel/portable/GCC/ARM_CM4F/port.o
                0x0000b9c0                vPortEnterCritical
 .text.vPortExitCritical
                0x0000ba20       0x54 ./freertos/freertos_kernel/portable/GCC/ARM_CM4F/port.o
                0x0000ba20                vPortExitCritical
 .text.SysTick_Handler
                0x0000ba74       0x44 ./freertos/freertos_kernel/portable/GCC/ARM_CM4F/port.o
                0x0000ba74                SysTick_Handler
 .text.vPortSetupTimerInterrupt
                0x0000bab8       0x48 ./freertos/freertos_kernel/portable/GCC/ARM_CM4F/port.o
                0x0000bab8                vPortSetupTimerInterrupt
 .text.vPortEnableVFP
                0x0000bb00       0x18 ./freertos/freertos_kernel/portable/GCC/ARM_CM4F/port.o
 .text.vPortValidateInterruptPriority
                0x0000bb18       0x80 ./freertos/freertos_kernel/portable/GCC/ARM_CM4F/port.o
                0x0000bb18                vPortValidateInterruptPriority
 .text.xEventGroupWaitBits
                0x0000bb98      0x19c ./freertos/freertos_kernel/event_groups.o
                0x0000bb98                xEventGroupWaitBits
 .text.xEventGroupSetBitsFromISR
                0x0000bd34       0x28 ./freertos/freertos_kernel/event_groups.o
                0x0000bd34                xEventGroupSetBitsFromISR
 .text.xQueueGenericReset
                0x0000bd5c       0xd0 ./freertos/freertos_kernel/queue.o
                0x0000bd5c                xQueueGenericReset
 .text.xQueueGenericSend
                0x0000be2c      0x1fc ./freertos/freertos_kernel/queue.o
                0x0000be2c                xQueueGenericSend
 .text.xQueueReceive
                0x0000c028      0x1c0 ./freertos/freertos_kernel/queue.o
                0x0000c028                xQueueReceive
 .text.xQueueSemaphoreTake
                0x0000c1e8      0x21c ./freertos/freertos_kernel/queue.o
                0x0000c1e8                xQueueSemaphoreTake
 .text.vQueueAddToRegistry
                0x0000c404       0x54 ./freertos/freertos_kernel/queue.o
                0x0000c404                vQueueAddToRegistry
 .text.vQueueUnregisterQueue
                0x0000c458       0x54 ./freertos/freertos_kernel/queue.o
                0x0000c458                vQueueUnregisterQueue
 .text.prvAddNewTaskToReadyList
                0x0000c4ac       0xdc ./freertos/freertos_kernel/tasks.o
 .text.xTaskDelayUntil
                0x0000c588       0xfc ./freertos/freertos_kernel/tasks.o
                0x0000c588                xTaskDelayUntil
 .text.vTaskStartScheduler
                0x0000c684       0xa4 ./freertos/freertos_kernel/tasks.o
                0x0000c684                vTaskStartScheduler
 .text.vTaskSuspendAll
                0x0000c728       0x1c ./freertos/freertos_kernel/tasks.o
                0x0000c728                vTaskSuspendAll
 .text.xTaskResumeAll
                0x0000c744      0x138 ./freertos/freertos_kernel/tasks.o
                0x0000c744                xTaskResumeAll
 .text.xTaskGetTickCount
                0x0000c87c       0x20 ./freertos/freertos_kernel/tasks.o
                0x0000c87c                xTaskGetTickCount
 .text.xTaskIncrementTick
                0x0000c89c      0x154 ./freertos/freertos_kernel/tasks.o
                0x0000c89c                xTaskIncrementTick
 .text.vTaskSwitchContext
                0x0000c9f0       0xb8 ./freertos/freertos_kernel/tasks.o
                0x0000c9f0                vTaskSwitchContext
 .text.vTaskPlaceOnEventList
                0x0000caa8       0x48 ./freertos/freertos_kernel/tasks.o
                0x0000caa8                vTaskPlaceOnEventList
 .text.vTaskPlaceOnUnorderedEventList
                0x0000caf0       0x78 ./freertos/freertos_kernel/tasks.o
                0x0000caf0                vTaskPlaceOnUnorderedEventList
 .text.vTaskPlaceOnEventListRestricted
                0x0000cb68       0x58 ./freertos/freertos_kernel/tasks.o
                0x0000cb68                vTaskPlaceOnEventListRestricted
 .text.xTaskRemoveFromEventList
                0x0000cbc0       0xc4 ./freertos/freertos_kernel/tasks.o
                0x0000cbc0                xTaskRemoveFromEventList
 .text.vTaskRemoveFromUnorderedEventList
                0x0000cc84       0xc4 ./freertos/freertos_kernel/tasks.o
                0x0000cc84                vTaskRemoveFromUnorderedEventList
 .text.vTaskInternalSetTimeOutState
                0x0000cd48       0x2c ./freertos/freertos_kernel/tasks.o
                0x0000cd48                vTaskInternalSetTimeOutState
 .text.xTaskCheckForTimeOut
                0x0000cd74       0xcc ./freertos/freertos_kernel/tasks.o
                0x0000cd74                xTaskCheckForTimeOut
 .text.vTaskMissedYield
                0x0000ce40       0x18 ./freertos/freertos_kernel/tasks.o
                0x0000ce40                vTaskMissedYield
 .text.prvIdleTask
                0x0000ce58       0x30 ./freertos/freertos_kernel/tasks.o
 .text.prvInitialiseTaskLists
                0x0000ce88       0x80 ./freertos/freertos_kernel/tasks.o
 .text.prvCheckTasksWaitingTermination
                0x0000cf08       0x5c ./freertos/freertos_kernel/tasks.o
 .text.prvResetNextTaskUnblockTime
                0x0000cf64       0x38 ./freertos/freertos_kernel/tasks.o
 .text.xTaskGetSchedulerState
                0x0000cf9c       0x3c ./freertos/freertos_kernel/tasks.o
                0x0000cf9c                xTaskGetSchedulerState
 .text.xTaskPriorityInherit
                0x0000cfd8       0xec ./freertos/freertos_kernel/tasks.o
                0x0000cfd8                xTaskPriorityInherit
 .text.xTaskPriorityDisinherit
                0x0000d0c4       0xf4 ./freertos/freertos_kernel/tasks.o
                0x0000d0c4                xTaskPriorityDisinherit
 .text.vTaskPriorityDisinheritAfterTimeout
                0x0000d1b8      0x11c ./freertos/freertos_kernel/tasks.o
                0x0000d1b8                vTaskPriorityDisinheritAfterTimeout
 .text.uxTaskResetEventItemValue
                0x0000d2d4       0x30 ./freertos/freertos_kernel/tasks.o
                0x0000d2d4                uxTaskResetEventItemValue
 .text.pvTaskIncrementMutexHeldCount
                0x0000d304       0x28 ./freertos/freertos_kernel/tasks.o
                0x0000d304                pvTaskIncrementMutexHeldCount
 .text.prvAddCurrentTaskToDelayedList
                0x0000d32c       0xcc ./freertos/freertos_kernel/tasks.o
 .text.xTimerCreateTimerTask
                0x0000d3f8       0x64 ./freertos/freertos_kernel/timers.o
                0x0000d3f8                xTimerCreateTimerTask
 .text.xTimerGenericCommand
                0x0000d45c       0x9c ./freertos/freertos_kernel/timers.o
                0x0000d45c                xTimerGenericCommand
 .text.prvProcessExpiredTimer
                0x0000d4f8       0x98 ./freertos/freertos_kernel/timers.o
 .text.prvProcessTimerOrBlockTask
                0x0000d590       0x9c ./freertos/freertos_kernel/timers.o
 .text.prvGetNextExpireTime
                0x0000d62c       0x48 ./freertos/freertos_kernel/timers.o
 .text.prvSampleTimeNow
                0x0000d674       0x40 ./freertos/freertos_kernel/timers.o
 .text.prvInsertTimerInActiveList
                0x0000d6b4       0x84 ./freertos/freertos_kernel/timers.o
 .text.prvProcessReceivedCommands
                0x0000d738      0x1c4 ./freertos/freertos_kernel/timers.o
 .text.prvSwitchTimerLists
                0x0000d8fc       0xc8 ./freertos/freertos_kernel/timers.o
 .text.prvCheckForValidListAndQueue
                0x0000d9c4       0x6c ./freertos/freertos_kernel/timers.o
 .text.xTimerPendFunctionCallFromISR
                0x0000da30       0x40 ./freertos/freertos_kernel/timers.o
                0x0000da30                xTimerPendFunctionCallFromISR
 .text.LPUART_RTOS_Callback
                0x0000da70       0xc4 ./drivers/freertos/fsl_lpuart_freertos.o
 .text.LPUART_RTOS_Init
                0x0000db34      0x184 ./drivers/freertos/fsl_lpuart_freertos.o
                0x0000db34                LPUART_RTOS_Init
 .text.CLOCK_SetEr32kClock
                0x0000dcb8       0x30 ./drivers/fsl_clock.o
 .text.CLOCK_SetPllFllSelClock
                0x0000dce8       0x38 ./drivers/fsl_clock.o
 .text.CLOCK_GetMcgExtClkFreq
                0x0000dd20       0x7c ./drivers/fsl_clock.o
 .text.CLOCK_GetFllExtRefClkFreq
                0x0000dd9c       0xb0 ./drivers/fsl_clock.o
 .text.CLOCK_GetInternalRefClkSelectFreq
                0x0000de4c       0x4c ./drivers/fsl_clock.o
 .text.CLOCK_GetFllRefClkFreq
                0x0000de98       0x34 ./drivers/fsl_clock.o
 .text.CLOCK_GetOscRangeFromFreq
                0x0000decc       0x3c ./drivers/fsl_clock.o
 .text.CLOCK_GetOsc0ErClkUndivFreq
                0x0000df08       0x44 ./drivers/fsl_clock.o
                0x0000df08                CLOCK_GetOsc0ErClkUndivFreq
 .text.CLOCK_GetOsc0ErClkDivFreq
                0x0000df4c       0x58 ./drivers/fsl_clock.o
                0x0000df4c                CLOCK_GetOsc0ErClkDivFreq
 .text.CLOCK_GetEr32kClkFreq
                0x0000dfa4       0x74 ./drivers/fsl_clock.o
                0x0000dfa4                CLOCK_GetEr32kClkFreq
 .text.CLOCK_GetPllFllSelClkFreq
                0x0000e018       0x54 ./drivers/fsl_clock.o
                0x0000e018                CLOCK_GetPllFllSelClkFreq
 .text.CLOCK_GetCoreSysClkFreq
                0x0000e06c       0x28 ./drivers/fsl_clock.o
                0x0000e06c                CLOCK_GetCoreSysClkFreq
 .text.CLOCK_GetFreq
                0x0000e094      0x148 ./drivers/fsl_clock.o
                0x0000e094                CLOCK_GetFreq
 .text.CLOCK_SetSimConfig
                0x0000e1dc       0x34 ./drivers/fsl_clock.o
                0x0000e1dc                CLOCK_SetSimConfig
 .text.CLOCK_GetOutClkFreq
                0x0000e210       0x64 ./drivers/fsl_clock.o
                0x0000e210                CLOCK_GetOutClkFreq
 .text.CLOCK_GetFllFreq
                0x0000e274       0x84 ./drivers/fsl_clock.o
                0x0000e274                CLOCK_GetFllFreq
 .text.CLOCK_GetInternalRefClkFreq
                0x0000e2f8       0x30 ./drivers/fsl_clock.o
                0x0000e2f8                CLOCK_GetInternalRefClkFreq
 .text.CLOCK_GetPll0Freq
                0x0000e328       0x78 ./drivers/fsl_clock.o
                0x0000e328                CLOCK_GetPll0Freq
 .text.CLOCK_SetExternalRefClkConfig
                0x0000e3a0       0x6c ./drivers/fsl_clock.o
                0x0000e3a0                CLOCK_SetExternalRefClkConfig
 .text.CLOCK_SetInternalRefClkConfig
                0x0000e40c      0x104 ./drivers/fsl_clock.o
                0x0000e40c                CLOCK_SetInternalRefClkConfig
 .text.CLOCK_EnablePll0
                0x0000e510       0x88 ./drivers/fsl_clock.o
                0x0000e510                CLOCK_EnablePll0
 .text.CLOCK_InitOsc0
                0x0000e598       0x8c ./drivers/fsl_clock.o
                0x0000e598                CLOCK_InitOsc0
 .text.CLOCK_SetPbeMode
                0x0000e624       0xa8 ./drivers/fsl_clock.o
                0x0000e624                CLOCK_SetPbeMode
 .text.CLOCK_BootToPeeMode
                0x0000e6cc       0x64 ./drivers/fsl_clock.o
                0x0000e6cc                CLOCK_BootToPeeMode
 .text.DSPI_CommonIRQHandler
                0x0000e730       0x44 ./drivers/fsl_dspi.o
 .text.SPI0_DriverIRQHandler
                0x0000e774       0x30 ./drivers/fsl_dspi.o
                0x0000e774                SPI0_DriverIRQHandler
 .text.SPI1_DriverIRQHandler
                0x0000e7a4       0x30 ./drivers/fsl_dspi.o
                0x0000e7a4                SPI1_DriverIRQHandler
 .text.EDMA_HandleIRQ
                0x0000e7d4      0x160 ./drivers/fsl_edma.o
                0x0000e7d4                EDMA_HandleIRQ
 .text.DMA0_DriverIRQHandler
                0x0000e934       0x1c ./drivers/fsl_edma.o
                0x0000e934                DMA0_DriverIRQHandler
 .text.DMA1_DriverIRQHandler
                0x0000e950       0x1c ./drivers/fsl_edma.o
                0x0000e950                DMA1_DriverIRQHandler
 .text.DMA2_DriverIRQHandler
                0x0000e96c       0x1c ./drivers/fsl_edma.o
                0x0000e96c                DMA2_DriverIRQHandler
 .text.DMA3_DriverIRQHandler
                0x0000e988       0x1c ./drivers/fsl_edma.o
                0x0000e988                DMA3_DriverIRQHandler
 .text.DMA4_DriverIRQHandler
                0x0000e9a4       0x1c ./drivers/fsl_edma.o
                0x0000e9a4                DMA4_DriverIRQHandler
 .text.DMA5_DriverIRQHandler
                0x0000e9c0       0x1c ./drivers/fsl_edma.o
                0x0000e9c0                DMA5_DriverIRQHandler
 .text.DMA6_DriverIRQHandler
                0x0000e9dc       0x1c ./drivers/fsl_edma.o
                0x0000e9dc                DMA6_DriverIRQHandler
 .text.DMA7_DriverIRQHandler
                0x0000e9f8       0x1c ./drivers/fsl_edma.o
                0x0000e9f8                DMA7_DriverIRQHandler
 .text.DMA8_DriverIRQHandler
                0x0000ea14       0x1c ./drivers/fsl_edma.o
                0x0000ea14                DMA8_DriverIRQHandler
 .text.DMA9_DriverIRQHandler
                0x0000ea30       0x1c ./drivers/fsl_edma.o
                0x0000ea30                DMA9_DriverIRQHandler
 .text.DMA10_DriverIRQHandler
                0x0000ea4c       0x1c ./drivers/fsl_edma.o
                0x0000ea4c                DMA10_DriverIRQHandler
 .text.DMA11_DriverIRQHandler
                0x0000ea68       0x1c ./drivers/fsl_edma.o
                0x0000ea68                DMA11_DriverIRQHandler
 .text.DMA12_DriverIRQHandler
                0x0000ea84       0x1c ./drivers/fsl_edma.o
                0x0000ea84                DMA12_DriverIRQHandler
 .text.DMA13_DriverIRQHandler
                0x0000eaa0       0x1c ./drivers/fsl_edma.o
                0x0000eaa0                DMA13_DriverIRQHandler
 .text.DMA14_DriverIRQHandler
                0x0000eabc       0x1c ./drivers/fsl_edma.o
                0x0000eabc                DMA14_DriverIRQHandler
 .text.DMA15_DriverIRQHandler
                0x0000ead8       0x1c ./drivers/fsl_edma.o
                0x0000ead8                DMA15_DriverIRQHandler
 .text.FTM_GetInstance
                0x0000eaf4       0x54 ./drivers/fsl_ftm.o
 .text.FTM_SetPwmSync
                0x0000eb48      0x140 ./drivers/fsl_ftm.o
 .text.FTM_SetReloadPoints
                0x0000ec88      0x138 ./drivers/fsl_ftm.o
 .text.FTM_Init
                0x0000edc0       0xf4 ./drivers/fsl_ftm.o
                0x0000edc0                FTM_Init
 .text.FTM_GetDefaultConfig
                0x0000eeb4       0x74 ./drivers/fsl_ftm.o
                0x0000eeb4                FTM_GetDefaultConfig
 .text.FTM_SetupPwm
                0x0000ef28      0x310 ./drivers/fsl_ftm.o
                0x0000ef28                FTM_SetupPwm
 .text.FTM_UpdatePwmDutycycle
                0x0000f238      0x108 ./drivers/fsl_ftm.o
                0x0000f238                FTM_UpdatePwmDutycycle
 .text.GPIO_GetInstance
                0x0000f340       0x4c ./drivers/fsl_gpio.o
 .text.GPIO_PinInit
                0x0000f38c       0x68 ./drivers/fsl_gpio.o
                0x0000f38c                GPIO_PinInit
 .text.GPIO_PortGetInterruptFlags
                0x0000f3f4       0x30 ./drivers/fsl_gpio.o
                0x0000f3f4                GPIO_PortGetInterruptFlags
 .text.GPIO_PortClearInterruptFlags
                0x0000f424       0x34 ./drivers/fsl_gpio.o
                0x0000f424                GPIO_PortClearInterruptFlags
 .text.__NVIC_EnableIRQ
                0x0000f458       0x3c ./drivers/fsl_i2c.o
 .text.I2C_GetInstance
                0x0000f494       0x4c ./drivers/fsl_i2c.o
                0x0000f494                I2C_GetInstance
 .text.I2C_MasterTransferRunStateMachine
                0x0000f4e0      0x25c ./drivers/fsl_i2c.o
 .text.I2C_TransferCommonIRQHandler
                0x0000f73c       0x58 ./drivers/fsl_i2c.o
 .text.I2C_MasterDeinit
                0x0000f794       0x30 ./drivers/fsl_i2c.o
                0x0000f794                I2C_MasterDeinit
 .text.I2C_MasterSetBaudRate
                0x0000f7c4       0xe8 ./drivers/fsl_i2c.o
                0x0000f7c4                I2C_MasterSetBaudRate
 .text.I2C_MasterTransferCreateHandle
                0x0000f8ac       0x74 ./drivers/fsl_i2c.o
                0x0000f8ac                I2C_MasterTransferCreateHandle
 .text.I2C_MasterTransferNonBlocking
                0x0000f920       0x64 ./drivers/fsl_i2c.o
                0x0000f920                I2C_MasterTransferNonBlocking
 .text.I2C_MasterTransferAbort
                0x0000f984       0xc4 ./drivers/fsl_i2c.o
                0x0000f984                I2C_MasterTransferAbort
 .text.I2C_MasterTransferHandleIRQ
                0x0000fa48       0xb4 ./drivers/fsl_i2c.o
                0x0000fa48                I2C_MasterTransferHandleIRQ
 .text.I2C_SlaveTransferCreateHandle
                0x0000fafc       0x74 ./drivers/fsl_i2c.o
                0x0000fafc                I2C_SlaveTransferCreateHandle
 .text.I2C_SlaveTransferNonBlocking
                0x0000fb70       0x70 ./drivers/fsl_i2c.o
                0x0000fb70                I2C_SlaveTransferNonBlocking
 .text.I2C_SlaveTransferAbort
                0x0000fbe0       0x48 ./drivers/fsl_i2c.o
                0x0000fbe0                I2C_SlaveTransferAbort
 .text.I2C_SlaveTransferHandleIRQ
                0x0000fc28      0x30c ./drivers/fsl_i2c.o
                0x0000fc28                I2C_SlaveTransferHandleIRQ
 .text.I2C0_DriverIRQHandler
                0x0000ff34       0x1c ./drivers/fsl_i2c.o
                0x0000ff34                I2C0_DriverIRQHandler
 .text.I2C1_DriverIRQHandler
                0x0000ff50       0x1c ./drivers/fsl_i2c.o
                0x0000ff50                I2C1_DriverIRQHandler
 .text.I2Cx_GetVersion
                0x0000ff6c       0x2c ./drivers/fsl_i2c_cmsis.o
 .text.I2C_Master_InterruptTransmit
                0x0000ff98       0xe0 ./drivers/fsl_i2c_cmsis.o
                0x0000ff98                I2C_Master_InterruptTransmit
 .text.I2C_Master_InterruptReceive
                0x00010078       0xe0 ./drivers/fsl_i2c_cmsis.o
                0x00010078                I2C_Master_InterruptReceive
 .text.I2C_Slave_InterruptTransmit
                0x00010158       0x84 ./drivers/fsl_i2c_cmsis.o
                0x00010158                I2C_Slave_InterruptTransmit
 .text.I2C_Slave_InterruptReceive
                0x000101dc       0x90 ./drivers/fsl_i2c_cmsis.o
                0x000101dc                I2C_Slave_InterruptReceive
 .text.I2C_InterruptControl
                0x0001026c      0x148 ./drivers/fsl_i2c_cmsis.o
                0x0001026c                I2C_InterruptControl
 .text.I2C_InterruptPowerControl
                0x000103b4       0xb8 ./drivers/fsl_i2c_cmsis.o
 .text.I2C0_InterruptInitialize
                0x0001046c       0x24 ./drivers/fsl_i2c_cmsis.o
 .text.I2C0_InterruptUninitialize
                0x00010490       0x18 ./drivers/fsl_i2c_cmsis.o
 .text.I2C0_InterruptPowerControl
                0x000104a8       0x24 ./drivers/fsl_i2c_cmsis.o
 .text.I2C0_Master_InterruptTransmit
                0x000104cc       0x2c ./drivers/fsl_i2c_cmsis.o
                0x000104cc                I2C0_Master_InterruptTransmit
 .text.I2C0_Master_InterruptReceive
                0x000104f8       0x2c ./drivers/fsl_i2c_cmsis.o
                0x000104f8                I2C0_Master_InterruptReceive
 .text.I2C0_Slave_InterruptTransmit
                0x00010524       0x24 ./drivers/fsl_i2c_cmsis.o
                0x00010524                I2C0_Slave_InterruptTransmit
 .text.I2C0_Slave_InterruptReceive
                0x00010548       0x24 ./drivers/fsl_i2c_cmsis.o
                0x00010548                I2C0_Slave_InterruptReceive
 .text.I2C0_InterruptGetDataCount
                0x0001056c       0x14 ./drivers/fsl_i2c_cmsis.o
                0x0001056c                I2C0_InterruptGetDataCount
 .text.I2C0_InterruptControl
                0x00010580       0x24 ./drivers/fsl_i2c_cmsis.o
                0x00010580                I2C0_InterruptControl
 .text.I2C0_InterruptGetStatus
                0x000105a4       0x14 ./drivers/fsl_i2c_cmsis.o
                0x000105a4                I2C0_InterruptGetStatus
 .text.I2C1_InterruptInitialize
                0x000105b8       0x24 ./drivers/fsl_i2c_cmsis.o
 .text.I2C1_InterruptUninitialize
                0x000105dc       0x18 ./drivers/fsl_i2c_cmsis.o
 .text.I2C1_InterruptPowerControl
                0x000105f4       0x24 ./drivers/fsl_i2c_cmsis.o
 .text.I2C1_Master_InterruptTransmit
                0x00010618       0x2c ./drivers/fsl_i2c_cmsis.o
                0x00010618                I2C1_Master_InterruptTransmit
 .text.I2C1_Master_InterruptReceive
                0x00010644       0x2c ./drivers/fsl_i2c_cmsis.o
                0x00010644                I2C1_Master_InterruptReceive
 .text.I2C1_Slave_InterruptTransmit
                0x00010670       0x24 ./drivers/fsl_i2c_cmsis.o
                0x00010670                I2C1_Slave_InterruptTransmit
 .text.I2C1_Slave_InterruptReceive
                0x00010694       0x24 ./drivers/fsl_i2c_cmsis.o
                0x00010694                I2C1_Slave_InterruptReceive
 .text.I2C1_InterruptGetDataCount
                0x000106b8       0x14 ./drivers/fsl_i2c_cmsis.o
                0x000106b8                I2C1_InterruptGetDataCount
 .text.I2C1_InterruptControl
                0x000106cc       0x24 ./drivers/fsl_i2c_cmsis.o
                0x000106cc                I2C1_InterruptControl
 .text.I2C1_InterruptGetStatus
                0x000106f0       0x14 ./drivers/fsl_i2c_cmsis.o
                0x000106f0                I2C1_InterruptGetStatus
 .text.__NVIC_EnableIRQ
                0x00010704       0x3c ./drivers/fsl_lpuart.o
 .text.LPUART_GetInstance
                0x00010740       0x44 ./drivers/fsl_lpuart.o
                0x00010740                LPUART_GetInstance
 .text.LPUART_TransferGetRxRingBufferLength
                0x00010784       0x54 ./drivers/fsl_lpuart.o
                0x00010784                LPUART_TransferGetRxRingBufferLength
 .text.LPUART_TransferIsRxRingBufferFull
                0x000107d8       0x44 ./drivers/fsl_lpuart.o
 .text.LPUART_WriteNonBlocking
                0x0001081c       0x48 ./drivers/fsl_lpuart.o
 .text.LPUART_ReadNonBlocking
                0x00010864       0x48 ./drivers/fsl_lpuart.o
 .text.LPUART_Init
                0x000108ac      0x29c ./drivers/fsl_lpuart.o
                0x000108ac                LPUART_Init
 .text.LPUART_Deinit
                0x00010b48       0x5c ./drivers/fsl_lpuart.o
                0x00010b48                LPUART_Deinit
 .text.LPUART_GetDefaultConfig
                0x00010ba4       0x7c ./drivers/fsl_lpuart.o
                0x00010ba4                LPUART_GetDefaultConfig
 .text.LPUART_GetEnabledInterrupts
                0x00010c20       0x34 ./drivers/fsl_lpuart.o
                0x00010c20                LPUART_GetEnabledInterrupts
 .text.LPUART_ClearStatusFlags
                0x00010c54       0x80 ./drivers/fsl_lpuart.o
                0x00010c54                LPUART_ClearStatusFlags
 .text.LPUART_TransferCreateHandle
                0x00010cd4       0x78 ./drivers/fsl_lpuart.o
                0x00010cd4                LPUART_TransferCreateHandle
 .text.LPUART_TransferStartRingBuffer
                0x00010d4c       0x58 ./drivers/fsl_lpuart.o
                0x00010d4c                LPUART_TransferStartRingBuffer
 .text.LPUART_TransferSendNonBlocking
                0x00010da4       0x9c ./drivers/fsl_lpuart.o
                0x00010da4                LPUART_TransferSendNonBlocking
 .text.LPUART_TransferReceiveNonBlocking
                0x00010e40      0x198 ./drivers/fsl_lpuart.o
                0x00010e40                LPUART_TransferReceiveNonBlocking
 .text.LPUART_TransferAbortReceive
                0x00010fd8       0x44 ./drivers/fsl_lpuart.o
                0x00010fd8                LPUART_TransferAbortReceive
 .text.LPUART_TransferHandleIRQ
                0x0001101c      0x2d0 ./drivers/fsl_lpuart.o
                0x0001101c                LPUART_TransferHandleIRQ
 .text.LPUART0_DriverIRQHandler
                0x000112ec       0x28 ./drivers/fsl_lpuart.o
                0x000112ec                LPUART0_DriverIRQHandler
 .text.PIT_GetInstance
                0x00011314       0x44 ./drivers/fsl_pit.o
 .text.PIT_Init
                0x00011358       0x94 ./drivers/fsl_pit.o
                0x00011358                PIT_Init
 .text.SMC_SetPowerModeWait
                0x000113ec       0x34 ./drivers/fsl_smc.o
                0x000113ec                SMC_SetPowerModeWait
 .text.UART0_DriverIRQHandler
                0x00011420       0x28 ./drivers/fsl_uart.o
                0x00011420                UART0_DriverIRQHandler
 .text.UART1_DriverIRQHandler
                0x00011448       0x28 ./drivers/fsl_uart.o
                0x00011448                UART1_DriverIRQHandler
 .text.UART2_DriverIRQHandler
                0x00011470       0x28 ./drivers/fsl_uart.o
                0x00011470                UART2_DriverIRQHandler
 .text.SystemInit
                0x00011498       0x3c ./device/system_MKV31F51212.o
                0x00011498                SystemInit
 .text.CLOCK_SetTraceClock
                0x000114d4       0x38 ./board/clock_config.o
 .text.CLOCK_SetClkOutClock
                0x0001150c       0x34 ./board/clock_config.o
 .text.CLOCK_SetSimSafeDivs
                0x00011540       0x24 ./board/clock_config.o
 .text.CLOCK_SetXtal0Freq
                0x00011564       0x20 ./board/clock_config.o
 .text.CLOCK_CONFIG_SetFllExtRefDiv
                0x00011584       0x3c ./board/clock_config.o
 .text.BOARD_BootClockHSRUN
                0x000115c0       0x8c ./board/clock_config.o
                0x000115c0                BOARD_BootClockHSRUN
 .text.PORT_SetPinConfig
                0x0001164c       0x38 ./board/pin_mux.o
 .text.BOARD_InitPins
                0x00011684       0x64 ./board/pin_mux.o
                0x00011684                BOARD_InitPins
 .text.BOARD_InitDEBUG_UARTPins
                0x000116e8       0x68 ./board/pin_mux.o
                0x000116e8                BOARD_InitDEBUG_UARTPins
 .text.I2C0_InitPins
                0x00011750       0x6c ./board/pin_mux.o
                0x00011750                I2C0_InitPins
 .text.I2C1_InitPins
                0x000117bc       0x54 ./board/pin_mux.o
                0x000117bc                I2C1_InitPins
 .text.BOARD_InitBluetooth
                0x00011810       0xd0 ./board/pin_mux.o
                0x00011810                BOARD_InitBluetooth
 .text.BOARD_InitMotorDriverShield
                0x000118e0       0xc8 ./board/pin_mux.o
                0x000118e0                BOARD_InitMotorDriverShield
 .text.BOARD_InitSPI0
                0x000119a8       0x4c ./board/pin_mux.o
                0x000119a8                BOARD_InitSPI0
 .text.malloc   0x000119f4       0xc8 c:/tools/mcuxpressoide_11.4.1_6260/ide/plugins/com.nxp.mcuxpresso.tools.win32_11.4.0.202103011116/tools/bin/../lib/gcc/arm-none-eabi/10.2.1/../../../../arm-none-eabi/lib/thumb/v7e-m+fp/hard\libcr_c.a(alloc.o)
                0x000119f4                malloc
 .text._Csys_alloc
                0x00011abc       0x20 c:/tools/mcuxpressoide_11.4.1_6260/ide/plugins/com.nxp.mcuxpresso.tools.win32_11.4.0.202103011116/tools/bin/../lib/gcc/arm-none-eabi/10.2.1/../../../../arm-none-eabi/lib/thumb/v7e-m+fp/hard\libcr_c.a(alloc.o)
                0x00011abc                _Csys_alloc
 .text.fmod     0x00011adc      0x13c c:/tools/mcuxpressoide_11.4.1_6260/ide/plugins/com.nxp.mcuxpresso.tools.win32_11.4.0.202103011116/tools/bin/../lib/gcc/arm-none-eabi/10.2.1/../../../../arm-none-eabi/lib/thumb/v7e-m+fp/hard\libcr_c.a(fmod.o)
                0x00011adc                fmod
 .text._initio  0x00011c18       0x78 c:/tools/mcuxpressoide_11.4.1_6260/ide/plugins/com.nxp.mcuxpresso.tools.win32_11.4.0.202103011116/tools/bin/../lib/gcc/arm-none-eabi/10.2.1/../../../../arm-none-eabi/lib/thumb/v7e-m+fp/hard\libcr_c.a(initio.o)
                0x00011c18                _initio
 .text.modf     0x00011c90       0x8c c:/tools/mcuxpressoide_11.4.1_6260/ide/plugins/com.nxp.mcuxpresso.tools.win32_11.4.0.202103011116/tools/bin/../lib/gcc/arm-none-eabi/10.2.1/../../../../arm-none-eabi/lib/thumb/v7e-m+fp/hard\libcr_c.a(modf.o)
                0x00011c90                modf
 .text.__vfprintf
                0x00011d1c      0xbf4 c:/tools/mcuxpressoide_11.4.1_6260/ide/plugins/com.nxp.mcuxpresso.tools.win32_11.4.0.202103011116/tools/bin/../lib/gcc/arm-none-eabi/10.2.1/../../../../arm-none-eabi/lib/thumb/v7e-m+fp/hard\libcr_c.a(printf.o)
                0x00011d1c                __vfprintf
 .text._vsnprintf
                0x00012910       0x68 c:/tools/mcuxpressoide_11.4.1_6260/ide/plugins/com.nxp.mcuxpresso.tools.win32_11.4.0.202103011116/tools/bin/../lib/gcc/arm-none-eabi/10.2.1/../../../../arm-none-eabi/lib/thumb/v7e-m+fp/hard\libcr_c.a(printf.o)
                0x00012910                _vsnprintf
 .text._printf  0x00012978       0x54 c:/tools/mcuxpressoide_11.4.1_6260/ide/plugins/com.nxp.mcuxpresso.tools.win32_11.4.0.202103011116/tools/bin/../lib/gcc/arm-none-eabi/10.2.1/../../../../arm-none-eabi/lib/thumb/v7e-m+fp/hard\libcr_c.a(printf.o)
                0x00012978                _printf
 .text._asinacosf
                0x000129cc      0x158 c:/tools/mcuxpressoide_11.4.1_6260/ide/plugins/com.nxp.mcuxpresso.tools.win32_11.4.0.202103011116/tools/bin/../lib/gcc/arm-none-eabi/10.2.1/../../../../arm-none-eabi/lib/thumb/v7e-m+fp/hard\libcr_c.a(_asinacosf.o)
                0x000129cc                _asinacosf
 .text.frexpf   0x00012b24       0x54 c:/tools/mcuxpressoide_11.4.1_6260/ide/plugins/com.nxp.mcuxpresso.tools.win32_11.4.0.202103011116/tools/bin/../lib/gcc/arm-none-eabi/10.2.1/../../../../arm-none-eabi/lib/thumb/v7e-m+fp/hard\libcr_c.a(frexpf.o)
                0x00012b24                frexpf
 .text.ldexpf   0x00012b78       0x40 c:/tools/mcuxpressoide_11.4.1_6260/ide/plugins/com.nxp.mcuxpresso.tools.win32_11.4.0.202103011116/tools/bin/../lib/gcc/arm-none-eabi/10.2.1/../../../../arm-none-eabi/lib/thumb/v7e-m+fp/hard\libcr_c.a(ldexpf.o)
                0x00012b78                ldexpf
 .text._sbrk    0x00012bb8       0x3c c:/tools/mcuxpressoide_11.4.1_6260/ide/plugins/com.nxp.mcuxpresso.tools.win32_11.4.0.202103011116/tools/bin/../lib/gcc/arm-none-eabi/10.2.1/../../../../arm-none-eabi/lib/thumb/v7e-m+fp/hard\libcr_c.a(_cr_sbrk.o)
                0x00012bb8                _sbrk
 .text._Cwritebuf
                0x00012bf4       0x6c c:/tools/mcuxpressoide_11.4.1_6260/ide/plugins/com.nxp.mcuxpresso.tools.win32_11.4.0.202103011116/tools/bin/../lib/gcc/arm-none-eabi/10.2.1/../../../../arm-none-eabi/lib/thumb/v7e-m+fp/hard\libcr_c.a(_writebuf.o)
                0x00012bf4                _Cwritebuf
 .text.fflush   0x00012c60       0x3c c:/tools/mcuxpressoide_11.4.1_6260/ide/plugins/com.nxp.mcuxpresso.tools.win32_11.4.0.202103011116/tools/bin/../lib/gcc/arm-none-eabi/10.2.1/../../../../arm-none-eabi/lib/thumb/v7e-m+fp/hard\libcr_c.a(fflush.o)
                0x00012c60                fflush
 .text.fseek    0x00012c9c      0x100 c:/tools/mcuxpressoide_11.4.1_6260/ide/plugins/com.nxp.mcuxpresso.tools.win32_11.4.0.202103011116/tools/bin/../lib/gcc/arm-none-eabi/10.2.1/../../../../arm-none-eabi/lib/thumb/v7e-m+fp/hard\libcr_c.a(fseek.o)
                0x00012c9c                fseek
 .text.ftell    0x00012d9c       0x44 c:/tools/mcuxpressoide_11.4.1_6260/ide/plugins/com.nxp.mcuxpresso.tools.win32_11.4.0.202103011116/tools/bin/../lib/gcc/arm-none-eabi/10.2.1/../../../../arm-none-eabi/lib/thumb/v7e-m+fp/hard\libcr_c.a(ftell.o)
                0x00012d9c                ftell
 .text.__check_heap_overflow
                0x00012de0       0x18 c:/tools/mcuxpressoide_11.4.1_6260/ide/plugins/com.nxp.mcuxpresso.tools.win32_11.4.0.202103011116/tools/bin/../lib/gcc/arm-none-eabi/10.2.1/../../../../arm-none-eabi/lib/thumb/v7e-m+fp/hard\libcr_c.a(_cr_check_heap.o)
                0x00012de0                __check_heap_overflow
 .text.__aeabi_dmul
                0x00012df8       0xfc c:/tools/mcuxpressoide_11.4.1_6260/ide/plugins/com.nxp.mcuxpresso.tools.win32_11.4.0.202103011116/tools/bin/../lib/gcc/arm-none-eabi/10.2.1/thumb/v7e-m+fp/hard\libcr_eabihelpers.a(double.o)
                0x00012df8                __aeabi_dmul
 .text.__aeabi_ddiv
                0x00012ef4      0x138 c:/tools/mcuxpressoide_11.4.1_6260/ide/plugins/com.nxp.mcuxpresso.tools.win32_11.4.0.202103011116/tools/bin/../lib/gcc/arm-none-eabi/10.2.1/thumb/v7e-m+fp/hard\libcr_eabihelpers.a(double.o)
                0x00012ef4                __aeabi_ddiv
 .text.__aeabi_dsub
                0x0001302c      0x1ac c:/tools/mcuxpressoide_11.4.1_6260/ide/plugins/com.nxp.mcuxpresso.tools.win32_11.4.0.202103011116/tools/bin/../lib/gcc/arm-none-eabi/10.2.1/thumb/v7e-m+fp/hard\libcr_eabihelpers.a(double.o)
                0x0001302c                __aeabi_dsub
 .text.__aeabi_dadd
                0x000131d8      0x114 c:/tools/mcuxpressoide_11.4.1_6260/ide/plugins/com.nxp.mcuxpresso.tools.win32_11.4.0.202103011116/tools/bin/../lib/gcc/arm-none-eabi/10.2.1/thumb/v7e-m+fp/hard\libcr_eabihelpers.a(double.o)
                0x000131d8                __aeabi_dadd
 .text.__aeabi_d2f
                0x000132ec       0x58 c:/tools/mcuxpressoide_11.4.1_6260/ide/plugins/com.nxp.mcuxpresso.tools.win32_11.4.0.202103011116/tools/bin/../lib/gcc/arm-none-eabi/10.2.1/thumb/v7e-m+fp/hard\libcr_eabihelpers.a(double.o)
                0x000132ec                __aeabi_d2f
 .text.__aeabi_f2d
                0x00013344       0x38 c:/tools/mcuxpressoide_11.4.1_6260/ide/plugins/com.nxp.mcuxpresso.tools.win32_11.4.0.202103011116/tools/bin/../lib/gcc/arm-none-eabi/10.2.1/thumb/v7e-m+fp/hard\libcr_eabihelpers.a(float.o)
                0x00013344                __aeabi_f2d
 .text.__sys_appexit
                0x0001337c        0xc c:/tools/mcuxpressoide_11.4.1_6260/ide/plugins/com.nxp.mcuxpresso.tools.win32_11.4.0.202103011116/tools/bin/../lib/gcc/arm-none-eabi/10.2.1/../../../../arm-none-eabi/lib/thumb/v7e-m+fp/hard\libcr_semihost_nf.a(__sys_appexit.o)
                0x0001337c                __sys_appexit
                0x0001337c                __exit
 .text.DMA0_IRQHandler
                0x00013388        0x8 ./startup/startup_mkv31f51212.o
                0x00013388                DMA0_IRQHandler
 .text.DMA1_IRQHandler
                0x00013390        0x8 ./startup/startup_mkv31f51212.o
                0x00013390                DMA1_IRQHandler
 .text.DMA2_IRQHandler
                0x00013398        0x8 ./startup/startup_mkv31f51212.o
                0x00013398                DMA2_IRQHandler
 .text.DMA3_IRQHandler
                0x000133a0        0x8 ./startup/startup_mkv31f51212.o
                0x000133a0                DMA3_IRQHandler
 .text.DMA4_IRQHandler
                0x000133a8        0x8 ./startup/startup_mkv31f51212.o
                0x000133a8                DMA4_IRQHandler
 .text.DMA5_IRQHandler
                0x000133b0        0x8 ./startup/startup_mkv31f51212.o
                0x000133b0                DMA5_IRQHandler
 .text.DMA6_IRQHandler
                0x000133b8        0x8 ./startup/startup_mkv31f51212.o
                0x000133b8                DMA6_IRQHandler
 .text.DMA7_IRQHandler
                0x000133c0        0x8 ./startup/startup_mkv31f51212.o
                0x000133c0                DMA7_IRQHandler
 .text.DMA8_IRQHandler
                0x000133c8        0x8 ./startup/startup_mkv31f51212.o
                0x000133c8                DMA8_IRQHandler
 .text.DMA9_IRQHandler
                0x000133d0        0x8 ./startup/startup_mkv31f51212.o
                0x000133d0                DMA9_IRQHandler
 .text.DMA10_IRQHandler
                0x000133d8        0x8 ./startup/startup_mkv31f51212.o
                0x000133d8                DMA10_IRQHandler
 .text.DMA11_IRQHandler
                0x000133e0        0x8 ./startup/startup_mkv31f51212.o
                0x000133e0                DMA11_IRQHandler
 .text.DMA12_IRQHandler
                0x000133e8        0x8 ./startup/startup_mkv31f51212.o
                0x000133e8                DMA12_IRQHandler
 .text.DMA13_IRQHandler
                0x000133f0        0x8 ./startup/startup_mkv31f51212.o
                0x000133f0                DMA13_IRQHandler
 .text.DMA14_IRQHandler
                0x000133f8        0x8 ./startup/startup_mkv31f51212.o
                0x000133f8                DMA14_IRQHandler
 .text.DMA15_IRQHandler
                0x00013400        0x8 ./startup/startup_mkv31f51212.o
                0x00013400                DMA15_IRQHandler
 .text.DMA_Error_IRQHandler
                0x00013408        0x8 ./startup/startup_mkv31f51212.o
                0x00013408                DMA_Error_IRQHandler
 .text.MCM_IRQHandler
                0x00013410        0x8 ./startup/startup_mkv31f51212.o
                0x00013410                MCM_IRQHandler
 .text.FTF_IRQHandler
                0x00013418        0x8 ./startup/startup_mkv31f51212.o
                0x00013418                FTF_IRQHandler
 .text.Read_Collision_IRQHandler
                0x00013420        0x8 ./startup/startup_mkv31f51212.o
                0x00013420                Read_Collision_IRQHandler
 .text.LVD_LVW_IRQHandler
                0x00013428        0x8 ./startup/startup_mkv31f51212.o
                0x00013428                LVD_LVW_IRQHandler
 .text.LLWU_IRQHandler
                0x00013430        0x8 ./startup/startup_mkv31f51212.o
                0x00013430                LLWU_IRQHandler
 .text.WDOG_EWM_IRQHandler
                0x00013438        0x8 ./startup/startup_mkv31f51212.o
                0x00013438                WDOG_EWM_IRQHandler
 .text.RNG_IRQHandler
                0x00013440        0x8 ./startup/startup_mkv31f51212.o
                0x00013440                RNG_IRQHandler
 .text.I2C0_IRQHandler
                0x00013448        0x8 ./startup/startup_mkv31f51212.o
                0x00013448                I2C0_IRQHandler
 .text.I2C1_IRQHandler
                0x00013450        0x8 ./startup/startup_mkv31f51212.o
                0x00013450                I2C1_IRQHandler
 .text.SPI0_IRQHandler
                0x00013458        0x8 ./startup/startup_mkv31f51212.o
                0x00013458                SPI0_IRQHandler
 .text.SPI1_IRQHandler
                0x00013460        0x8 ./startup/startup_mkv31f51212.o
                0x00013460                SPI1_IRQHandler
 .text.Reserved44_IRQHandler
                0x00013468        0x8 ./startup/startup_mkv31f51212.o
                0x00013468                Reserved44_IRQHandler
 .text.Reserved45_IRQHandler
                0x00013470        0x8 ./startup/startup_mkv31f51212.o
                0x00013470                Reserved45_IRQHandler
 .text.LPUART0_IRQHandler
                0x00013478        0x8 ./startup/startup_mkv31f51212.o
                0x00013478                LPUART0_IRQHandler
 .text.UART0_RX_TX_IRQHandler
                0x00013480        0x8 ./startup/startup_mkv31f51212.o
                0x00013480                UART0_RX_TX_IRQHandler
 .text.UART0_ERR_IRQHandler
                0x00013488        0x8 ./startup/startup_mkv31f51212.o
                0x00013488                UART0_ERR_IRQHandler
 .text.UART1_RX_TX_IRQHandler
                0x00013490        0x8 ./startup/startup_mkv31f51212.o
                0x00013490                UART1_RX_TX_IRQHandler
 .text.UART1_ERR_IRQHandler
                0x00013498        0x8 ./startup/startup_mkv31f51212.o
                0x00013498                UART1_ERR_IRQHandler
 .text.UART2_RX_TX_IRQHandler
                0x000134a0        0x8 ./startup/startup_mkv31f51212.o
                0x000134a0                UART2_RX_TX_IRQHandler
 .text.UART2_ERR_IRQHandler
                0x000134a8        0x8 ./startup/startup_mkv31f51212.o
                0x000134a8                UART2_ERR_IRQHandler
 .text.Reserved53_IRQHandler
                0x000134b0        0x8 ./startup/startup_mkv31f51212.o
                0x000134b0                Reserved53_IRQHandler
 .text.Reserved54_IRQHandler
                0x000134b8        0x8 ./startup/startup_mkv31f51212.o
                0x000134b8                Reserved54_IRQHandler
 .text.ADC0_IRQHandler
                0x000134c0        0x8 ./startup/startup_mkv31f51212.o
                0x000134c0                ADC0_IRQHandler
 .text.CMP0_IRQHandler
                0x000134c8        0x8 ./startup/startup_mkv31f51212.o
                0x000134c8                CMP0_IRQHandler
 .text.CMP1_IRQHandler
                0x000134d0        0x8 ./startup/startup_mkv31f51212.o
                0x000134d0                CMP1_IRQHandler
 .text.FTM0_IRQHandler
                0x000134d8        0x8 ./startup/startup_mkv31f51212.o
                0x000134d8                FTM0_IRQHandler
 .text.FTM1_IRQHandler
                0x000134e0        0x8 ./startup/startup_mkv31f51212.o
                0x000134e0                FTM1_IRQHandler
 .text.FTM2_IRQHandler
                0x000134e8        0x8 ./startup/startup_mkv31f51212.o
                0x000134e8                FTM2_IRQHandler
 .text.Reserved61_IRQHandler
                0x000134f0        0x8 ./startup/startup_mkv31f51212.o
                0x000134f0                Reserved61_IRQHandler
 .text.Reserved62_IRQHandler
                0x000134f8        0x8 ./startup/startup_mkv31f51212.o
                0x000134f8                Reserved62_IRQHandler
 .text.Reserved63_IRQHandler
                0x00013500        0x8 ./startup/startup_mkv31f51212.o
                0x00013500                Reserved63_IRQHandler
 .text.PIT1_IRQHandler
                0x00013508        0x8 ./startup/startup_mkv31f51212.o
                0x00013508                PIT1_IRQHandler
 .text.PIT2_IRQHandler
                0x00013510        0x8 ./startup/startup_mkv31f51212.o
                0x00013510                PIT2_IRQHandler
 .text.PIT3_IRQHandler
                0x00013518        0x8 ./startup/startup_mkv31f51212.o
                0x00013518                PIT3_IRQHandler
 .text.PDB0_IRQHandler
                0x00013520        0x8 ./startup/startup_mkv31f51212.o
                0x00013520                PDB0_IRQHandler
 .text.Reserved69_IRQHandler
                0x00013528        0x8 ./startup/startup_mkv31f51212.o
                0x00013528                Reserved69_IRQHandler
 .text.Reserved70_IRQHandler
                0x00013530        0x8 ./startup/startup_mkv31f51212.o
                0x00013530                Reserved70_IRQHandler
 .text.Reserved71_IRQHandler
                0x00013538        0x8 ./startup/startup_mkv31f51212.o
                0x00013538                Reserved71_IRQHandler
 .text.DAC0_IRQHandler
                0x00013540        0x8 ./startup/startup_mkv31f51212.o
                0x00013540                DAC0_IRQHandler
 .text.MCG_IRQHandler
                0x00013548        0x8 ./startup/startup_mkv31f51212.o
                0x00013548                MCG_IRQHandler
 .text.LPTMR0_IRQHandler
                0x00013550        0x8 ./startup/startup_mkv31f51212.o
                0x00013550                LPTMR0_IRQHandler
 .text.SWI_IRQHandler
                0x00013558        0x8 ./startup/startup_mkv31f51212.o
                0x00013558                SWI_IRQHandler
 .text.Reserved81_IRQHandler
                0x00013560        0x8 ./startup/startup_mkv31f51212.o
                0x00013560                Reserved81_IRQHandler
 .text.Reserved82_IRQHandler
                0x00013568        0x8 ./startup/startup_mkv31f51212.o
                0x00013568                Reserved82_IRQHandler
 .text.Reserved83_IRQHandler
                0x00013570        0x8 ./startup/startup_mkv31f51212.o
                0x00013570                Reserved83_IRQHandler
 .text.Reserved84_IRQHandler
                0x00013578        0x8 ./startup/startup_mkv31f51212.o
                0x00013578                Reserved84_IRQHandler
 .text.Reserved85_IRQHandler
                0x00013580        0x8 ./startup/startup_mkv31f51212.o
                0x00013580                Reserved85_IRQHandler
 .text.Reserved86_IRQHandler
                0x00013588        0x8 ./startup/startup_mkv31f51212.o
                0x00013588                Reserved86_IRQHandler
 .text.FTM3_IRQHandler
                0x00013590        0x8 ./startup/startup_mkv31f51212.o
                0x00013590                FTM3_IRQHandler
 .text.DAC1_IRQHandler
                0x00013598        0x8 ./startup/startup_mkv31f51212.o
                0x00013598                DAC1_IRQHandler
 .text.ADC1_IRQHandler
                0x000135a0        0x8 ./startup/startup_mkv31f51212.o
                0x000135a0                ADC1_IRQHandler
 .text.FTM_StartTimer
                0x000135a8       0x3a ./source/motors.o
 .text.FTM_SetSoftwareTrigger
                0x000135e2       0x38 ./source/motors.o
 .text.HardFault_Handler
                0x0001361a       0x2c ./source/semihost_hardfault.o
                0x0001361a                HardFault_Handler
 .text.FXOS8700_Read
                0x00013646       0x44 ./sensor_fusion/driver_FXOS8700.o
                0x00013646                FXOS8700_Read
 .text.PIT_ClearStatusFlags
                0x0001368a       0x2a ./sensor_fusion/driver_pit.o
 .text.PIT_SetTimerPeriod
                0x000136b4       0x28 ./sensor_fusion/driver_pit.o
 .text.PIT_GetCurrentTimerCount
                0x000136dc       0x26 ./sensor_fusion/driver_pit.o
 .text.PIT_StartTimer
                0x00013702       0x38 ./sensor_fusion/driver_pit.o
 .text.fInitializeFusion
                0x0001373a       0x6e ./sensor_fusion/fusion.o
                0x0001373a                fInitializeFusion
 .text.fFuseSensors
                0x000137a8      0x13c ./sensor_fusion/fusion.o
                0x000137a8                fFuseSensors
 .text.fRun_1DOF_P_BASIC
                0x000138e4       0x7e ./sensor_fusion/fusion.o
                0x000138e4                fRun_1DOF_P_BASIC
 .text.fRun_3DOF_G_BASIC
                0x00013962       0xd2 ./sensor_fusion/fusion.o
                0x00013962                fRun_3DOF_G_BASIC
 .text.fRun_3DOF_B_BASIC
                0x00013a34       0xc2 ./sensor_fusion/fusion.o
                0x00013a34                fRun_3DOF_B_BASIC
 .text.fRun_3DOF_Y_BASIC
                0x00013af6       0xdc ./sensor_fusion/fusion.o
                0x00013af6                fRun_3DOF_Y_BASIC
 .text.fRun_6DOF_GB_BASIC
                0x00013bd2      0x114 ./sensor_fusion/fusion.o
                0x00013bd2                fRun_6DOF_GB_BASIC
 .text.ApplyAccelHAL
                0x00013ce6       0x8a ./sensor_fusion/hal_frdm_fxs_mult2_b.o
                0x00013ce6                ApplyAccelHAL
 .text.ApplyMagHAL
                0x00013d70       0xce ./sensor_fusion/hal_frdm_fxs_mult2_b.o
                0x00013d70                ApplyMagHAL
 .text.ApplyGyroHAL
                0x00013e3e       0xce ./sensor_fusion/hal_frdm_fxs_mult2_b.o
                0x00013e3e                ApplyGyroHAL
 .text.iUpdateMagBuffer
                0x00013f0c      0x5aa ./sensor_fusion/magnetic.o
                0x00013f0c                iUpdateMagBuffer
 .text.fInvertMagCal
                0x000144b6      0x12a ./sensor_fusion/magnetic.o
                0x000144b6                fInvertMagCal
 .text.f3x3matrixAeqI
                0x000145e0       0x88 ./sensor_fusion/matrix.o
                0x000145e0                f3x3matrixAeqI
 .text.f3x3matrixAeqB
                0x00014668       0x82 ./sensor_fusion/matrix.o
                0x00014668                f3x3matrixAeqB
 .text.fmatrixAeqI
                0x000146ea       0x8c ./sensor_fusion/matrix.o
                0x000146ea                fmatrixAeqI
 .text.f3x3matrixAeqScalar
                0x00014776       0x6a ./sensor_fusion/matrix.o
                0x00014776                f3x3matrixAeqScalar
 .text.f3x3matrixAeqAxScalar
                0x000147e0       0x76 ./sensor_fusion/matrix.o
                0x000147e0                f3x3matrixAeqAxScalar
 .text.f3x3matrixAeqMinusA
                0x00014856       0x72 ./sensor_fusion/matrix.o
                0x00014856                f3x3matrixAeqMinusA
 .text.f3x3matrixAeqInvSymB
                0x000148c8      0x1ec ./sensor_fusion/matrix.o
                0x000148c8                f3x3matrixAeqInvSymB
 .text.f3x3matrixDetA
                0x00014ab4       0xc0 ./sensor_fusion/matrix.o
                0x00014ab4                f3x3matrixDetA
 .text.fEigenCompute10
                0x00014b74      0x7f0 ./sensor_fusion/matrix.o
                0x00014b74                fEigenCompute10
 .text.fComputeEigSlice
                0x00015364      0x5fa ./sensor_fusion/matrix.o
                0x00015364                fComputeEigSlice
 .text.fmatrixAeqInvA
                0x0001595e      0x4e0 ./sensor_fusion/matrix.o
                0x0001595e                fmatrixAeqInvA
 .text.fveqRu   0x00015e3e      0x1d0 ./sensor_fusion/matrix.o
                0x00015e3e                fveqRu
 .text.fVeq3x3AxV
                0x0001600e       0xe0 ./sensor_fusion/matrix.o
                0x0001600e                fVeq3x3AxV
 .text.f3DOFMagnetometerMatrixNED
                0x000160ee       0xce ./sensor_fusion/orientation.o
                0x000160ee                f3DOFMagnetometerMatrixNED
 .text.feCompassNED
                0x000161bc      0x48e ./sensor_fusion/orientation.o
                0x000161bc                feCompassNED
 .text.fRotationMatrixFromQuaternion
                0x0001664a      0x1c0 ./sensor_fusion/orientation.o
                0x0001664a                fRotationMatrixFromQuaternion
 .text.fLPFOrientationQuaternion
                0x0001680a      0x1d4 ./sensor_fusion/orientation.o
                0x0001680a                fLPFOrientationQuaternion
 .text.qAeqBxC  0x000169de      0x160 ./sensor_fusion/orientation.o
                0x000169de                qAeqBxC
 .text.qAeqAxB  0x00016b3e      0x162 ./sensor_fusion/orientation.o
                0x00016b3e                qAeqAxB
 .text.qconjgAxB
                0x00016ca0      0x188 ./sensor_fusion/orientation.o
                0x00016ca0                qconjgAxB
 .text.fqAeq1   0x00016e28       0x34 ./sensor_fusion/orientation.o
                0x00016e28                fqAeq1
 .text.fInvertAccelCal
                0x00016e5c      0x1e8 ./sensor_fusion/precisionAccelerometer.o
                0x00016e5c                fInvertAccelCal
 .text.fRunAccelCalibration
                0x00017044      0x104 ./sensor_fusion/precisionAccelerometer.o
                0x00017044                fRunAccelCalibration
 .text.fComputeAccelCalibration4
                0x00017148      0x598 ./sensor_fusion/precisionAccelerometer.o
                0x00017148                fComputeAccelCalibration4
 .text.fComputeAccelCalibration10
                0x000176e0      0x7fe ./sensor_fusion/precisionAccelerometer.o
                0x000176e0                fComputeAccelCalibration10
 .text.setStatus
                0x00017ede       0x24 ./sensor_fusion/sensor_fusion.o
                0x00017ede                setStatus
 .text.queueStatus
                0x00017f02       0x24 ./sensor_fusion/sensor_fusion.o
                0x00017f02                queueStatus
 .text.updateStatus
                0x00017f26       0x1e ./sensor_fusion/sensor_fusion.o
                0x00017f26                updateStatus
 .text.testStatus
                0x00017f44       0x1e ./sensor_fusion/sensor_fusion.o
                0x00017f44                testStatus
 .text.installSensor
                0x00017f62       0xac ./sensor_fusion/sensor_fusion.o
                0x00017f62                installSensor
 .text.initializeSensors
                0x0001800e       0x46 ./sensor_fusion/sensor_fusion.o
                0x0001800e                initializeSensors
 .text.processAccelData
                0x00018054      0x184 ./sensor_fusion/sensor_fusion.o
                0x00018054                processAccelData
 .text.processMagData
                0x000181d8      0x1b0 ./sensor_fusion/sensor_fusion.o
                0x000181d8                processMagData
 .text.processGyroData
                0x00018388      0x184 ./sensor_fusion/sensor_fusion.o
                0x00018388                processGyroData
 .text.readSensors
                0x0001850c       0xb4 ./sensor_fusion/sensor_fusion.o
                0x0001850c                readSensors
 .text.conditionSensorReadings
                0x000185c0       0x46 ./sensor_fusion/sensor_fusion.o
                0x000185c0                conditionSensorReadings
 .text.clearFIFOs
                0x00018606       0x4c ./sensor_fusion/sensor_fusion.o
                0x00018606                clearFIFOs
 .text.runFusion
                0x00018652       0xac ./sensor_fusion/sensor_fusion.o
                0x00018652                runFusion
 .text.conditionSample
                0x000186fe       0x72 ./sensor_fusion/sensor_fusion.o
                0x000186fe                conditionSample
 .text.addToFifo
                0x00018770       0x98 ./sensor_fusion/sensor_fusion.o
                0x00018770                addToFifo
 .text.CLOCK_EnableClock
                0x00018808       0x34 ./sensor_fusion/status.o
 .text.GPIO_PinWrite
                0x0001883c       0x3a ./sensor_fusion/status.o
 .text.GPIO_PortSet
                0x00018876       0x1c ./sensor_fusion/status.o
 .text.GPIO_PortClear
                0x00018892       0x1c ./sensor_fusion/status.o
 .text.PORT_SetPinMux
                0x000188ae       0x3a ./sensor_fusion/status.o
 .text.ssQueueStatus
                0x000188e8       0x1e ./sensor_fusion/status.o
                0x000188e8                ssQueueStatus
 .text.ssUpdateStatus
                0x00018906       0x24 ./sensor_fusion/status.o
                0x00018906                ssUpdateStatus
 .text.ssSetStatus
                0x0001892a       0x20 ./sensor_fusion/status.o
                0x0001892a                ssSetStatus
 .text.Sensor_I2C_Write
                0x0001894a       0x7e ./interfaces/sensor_io_i2c.o
                0x0001894a                Sensor_I2C_Write
 .text.Sensor_I2C_Read
                0x000189c8       0x7e ./interfaces/sensor_io_i2c.o
                0x000189c8                Sensor_I2C_Read
 .text.xEventGroupCreate
                0x00018a46       0x2e ./freertos/freertos_kernel/event_groups.o
                0x00018a46                xEventGroupCreate
 .text.xEventGroupClearBits
                0x00018a74       0x70 ./freertos/freertos_kernel/event_groups.o
                0x00018a74                xEventGroupClearBits
 .text.xEventGroupSetBits
                0x00018ae4      0x116 ./freertos/freertos_kernel/event_groups.o
                0x00018ae4                xEventGroupSetBits
 .text.vEventGroupDelete
                0x00018bfa       0x62 ./freertos/freertos_kernel/event_groups.o
                0x00018bfa                vEventGroupDelete
 .text.vEventGroupSetBitsCallback
                0x00018c5c       0x1a ./freertos/freertos_kernel/event_groups.o
                0x00018c5c                vEventGroupSetBitsCallback
 .text.prvTestWaitCondition
                0x00018c76       0x44 ./freertos/freertos_kernel/event_groups.o
 .text.vListInitialise
                0x00018cba       0x40 ./freertos/freertos_kernel/list.o
                0x00018cba                vListInitialise
 .text.vListInitialiseItem
                0x00018cfa       0x1a ./freertos/freertos_kernel/list.o
                0x00018cfa                vListInitialiseItem
 .text.vListInsertEnd
                0x00018d14       0x48 ./freertos/freertos_kernel/list.o
                0x00018d14                vListInsertEnd
 .text.vListInsert
                0x00018d5c       0x72 ./freertos/freertos_kernel/list.o
                0x00018d5c                vListInsert
 .text.uxListRemove
                0x00018dce       0x54 ./freertos/freertos_kernel/list.o
                0x00018dce                uxListRemove
 .text.xQueueGenericCreate
                0x00018e22       0xbe ./freertos/freertos_kernel/queue.o
                0x00018e22                xQueueGenericCreate
 .text.prvInitialiseNewQueue
                0x00018ee0       0x46 ./freertos/freertos_kernel/queue.o
 .text.prvInitialiseMutex
                0x00018f26       0x34 ./freertos/freertos_kernel/queue.o
 .text.xQueueCreateMutex
                0x00018f5a       0x30 ./freertos/freertos_kernel/queue.o
                0x00018f5a                xQueueCreateMutex
 .text.xQueueGenericSendFromISR
                0x00018f8a      0x154 ./freertos/freertos_kernel/queue.o
                0x00018f8a                xQueueGenericSendFromISR
 .text.vQueueDelete
                0x000190de       0x3c ./freertos/freertos_kernel/queue.o
                0x000190de                vQueueDelete
 .text.prvGetDisinheritPriorityAfterTimeout
                0x0001911a       0x30 ./freertos/freertos_kernel/queue.o
 .text.prvCopyDataToQueue
                0x0001914a       0xd4 ./freertos/freertos_kernel/queue.o
 .text.prvCopyDataFromQueue
                0x0001921e       0x4c ./freertos/freertos_kernel/queue.o
 .text.prvUnlockQueue
                0x0001926a       0xa4 ./freertos/freertos_kernel/queue.o
 .text.prvIsQueueEmpty
                0x0001930e       0x2c ./freertos/freertos_kernel/queue.o
 .text.prvIsQueueFull
                0x0001933a       0x30 ./freertos/freertos_kernel/queue.o
 .text.vQueueWaitForMessageRestricted
                0x0001936a       0x68 ./freertos/freertos_kernel/queue.o
                0x0001936a                vQueueWaitForMessageRestricted
 .text.xTaskCreate
                0x000193d2       0x82 ./freertos/freertos_kernel/tasks.o
                0x000193d2                xTaskCreate
 .text.prvInitialiseNewTask
                0x00019454      0x13a ./freertos/freertos_kernel/tasks.o
 .text.prvDeleteTCB
                0x0001958e       0x20 ./freertos/freertos_kernel/tasks.o
 .text.prvTimerTask
                0x000195ae       0x24 ./freertos/freertos_kernel/timers.o
 .text.LPUART_EnableTx
                0x000195d2       0x38 ./drivers/freertos/fsl_lpuart_freertos.o
 .text.LPUART_EnableRx
                0x0001960a       0x38 ./drivers/freertos/fsl_lpuart_freertos.o
 .text.LPUART_RTOS_Deinit
                0x00019642       0x6c ./drivers/freertos/fsl_lpuart_freertos.o
                0x00019642                LPUART_RTOS_Deinit
 .text.LPUART_RTOS_Send
                0x000196ae       0xaa ./drivers/freertos/fsl_lpuart_freertos.o
                0x000196ae                LPUART_RTOS_Send
 .text.LPUART_RTOS_Receive
                0x00019758      0x13a ./drivers/freertos/fsl_lpuart_freertos.o
                0x00019758                LPUART_RTOS_Receive
 .text.OSC_SetExtRefClkConfig
                0x00019892       0x40 ./drivers/fsl_clock.o
 .text.OSC_SetCapLoad
                0x000198d2       0x34 ./drivers/fsl_clock.o
 .text.CLOCK_GetPll0RefFreq
                0x00019906        0xe ./drivers/fsl_clock.o
 .text.CLOCK_GetFixedFreqClkFreq
                0x00019914       0x34 ./drivers/fsl_clock.o
                0x00019914                CLOCK_GetFixedFreqClkFreq
 .text.DSPI_IsMaster
                0x00019948       0x26 ./drivers/fsl_dspi.o
 .text.CLOCK_EnableClock
                0x0001996e       0x34 ./drivers/fsl_ftm.o
 .text.FTM_SetDeadTimeEnable
                0x000199a2       0x52 ./drivers/fsl_ftm.o
 .text.FTM_SetComplementaryEnable
                0x000199f4       0x52 ./drivers/fsl_ftm.o
 .text.FTM_u16GetMaxDutyCycle
                0x00019a46       0x1c ./drivers/fsl_ftm.o
                0x00019a46                FTM_u16GetMaxDutyCycle
 .text.GPIO_PinWrite
                0x00019a62       0x3a ./drivers/fsl_gpio.o
 .text.CLOCK_DisableClock
                0x00019a9c       0x38 ./drivers/fsl_i2c.o
 .text.EnableIRQ
                0x00019ad4       0x2c ./drivers/fsl_i2c.o
 .text.I2C_Enable
                0x00019b00       0x40 ./drivers/fsl_i2c.o
 .text.I2C_SlaveGetStatusFlags
                0x00019b40       0x18 ./drivers/fsl_i2c.o
 .text.I2C_MasterClearStatusFlags
                0x00019b58       0x5a ./drivers/fsl_i2c.o
 .text.I2C_SlaveClearStatusFlags
                0x00019bb2       0x1a ./drivers/fsl_i2c.o
 .text.I2C_InitTransferStateMachine
                0x00019bcc       0xd4 ./drivers/fsl_i2c.o
 .text.I2C_CheckAndClearError
                0x00019ca0       0x44 ./drivers/fsl_i2c.o
 .text.I2C_EnableInterrupts
                0x00019ce4       0x56 ./drivers/fsl_i2c.o
                0x00019ce4                I2C_EnableInterrupts
 .text.I2C_DisableInterrupts
                0x00019d3a       0x4a ./drivers/fsl_i2c.o
                0x00019d3a                I2C_DisableInterrupts
 .text.I2C_MasterStart
                0x00019d84       0x62 ./drivers/fsl_i2c.o
                0x00019d84                I2C_MasterStart
 .text.I2C_MasterRepeatedStart
                0x00019de6       0x9a ./drivers/fsl_i2c.o
                0x00019de6                I2C_MasterRepeatedStart
 .text.I2C_MasterStop
                0x00019e80       0x3a ./drivers/fsl_i2c.o
                0x00019e80                I2C_MasterStop
 .text.I2C_MasterGetStatusFlags
                0x00019eba       0x4a ./drivers/fsl_i2c.o
                0x00019eba                I2C_MasterGetStatusFlags
 .text.CLOCK_EnableClock
                0x00019f04       0x34 ./drivers/fsl_i2c_cmsis.o
 .text.I2C_SlaveGetStatusFlags
                0x00019f38       0x18 ./drivers/fsl_i2c_cmsis.o
 .text.I2Cx_GetCapabilities
                0x00019f50       0x10 ./drivers/fsl_i2c_cmsis.o
 .text.KSDK_I2C_SLAVE_InterruptCallback
                0x00019f60       0x40 ./drivers/fsl_i2c_cmsis.o
 .text.KSDK_I2C_MASTER_InterruptCallback
                0x00019fa0       0x60 ./drivers/fsl_i2c_cmsis.o
 .text.I2C_InterruptInitialize
                0x0001a000       0x30 ./drivers/fsl_i2c_cmsis.o
 .text.I2C_InterruptUninitialize
                0x0001a030       0x1c ./drivers/fsl_i2c_cmsis.o
 .text.I2C_InterruptGetDataCount
                0x0001a04c       0x2e ./drivers/fsl_i2c_cmsis.o
                0x0001a04c                I2C_InterruptGetDataCount
 .text.I2C_InterruptGetStatus
                0x0001a07a       0xb4 ./drivers/fsl_i2c_cmsis.o
                0x0001a07a                I2C_InterruptGetStatus
 .text.CLOCK_EnableClock
                0x0001a12e       0x34 ./drivers/fsl_lpuart.o
 .text.CLOCK_DisableClock
                0x0001a162       0x38 ./drivers/fsl_lpuart.o
 .text.EnableIRQ
                0x0001a19a       0x2c ./drivers/fsl_lpuart.o
 .text.LPUART_EnableInterrupts
                0x0001a1c6       0x3c ./drivers/fsl_lpuart.o
                0x0001a1c6                LPUART_EnableInterrupts
 .text.LPUART_DisableInterrupts
                0x0001a202       0x40 ./drivers/fsl_lpuart.o
                0x0001a202                LPUART_DisableInterrupts
 .text.LPUART_GetStatusFlags
                0x0001a242       0x1c ./drivers/fsl_lpuart.o
                0x0001a242                LPUART_GetStatusFlags
 .text.CLOCK_EnableClock
                0x0001a25e       0x34 ./drivers/fsl_pit.o
 .text.SMC_SetPowerModeHsrun
                0x0001a292       0x36 ./drivers/fsl_smc.o
                0x0001a292                SMC_SetPowerModeHsrun
 .text.UART0_RX_TX_DriverIRQHandler
                0x0001a2c8       0x12 ./drivers/fsl_uart.o
                0x0001a2c8                UART0_RX_TX_DriverIRQHandler
 .text.UART1_RX_TX_DriverIRQHandler
                0x0001a2da       0x12 ./drivers/fsl_uart.o
                0x0001a2da                UART1_RX_TX_DriverIRQHandler
 .text.UART2_RX_TX_DriverIRQHandler
                0x0001a2ec       0x12 ./drivers/fsl_uart.o
                0x0001a2ec                UART2_RX_TX_DriverIRQHandler
 .text.SystemInitHook
                0x0001a2fe        0xe ./device/system_MKV31F51212.o
                0x0001a2fe                SystemInitHook
 .text.DbgConsole_Init
                0x0001a30c       0x20 ./board/board.o
 .text.BOARD_InitDebugConsole
                0x0001a32c       0x22 ./board/board.o
                0x0001a32c                BOARD_InitDebugConsole
 .text.SMC_SetPowerModeProtection
                0x0001a34e       0x1e ./board/clock_config.o
 .text.SMC_GetPowerModeState
                0x0001a36c       0x1a ./board/clock_config.o
 .text.BOARD_InitBootClocks
                0x0001a386        0xc ./board/clock_config.o
                0x0001a386                BOARD_InitBootClocks
 .text.I2C0_GetFreq
                0x0001a392       0x10 ./board/frdm_kv31f.o
                0x0001a392                I2C0_GetFreq
 .text.I2C1_GetFreq
                0x0001a3a2       0x10 ./board/frdm_kv31f.o
                0x0001a3a2                I2C1_GetFreq
 .text.BOARD_InitPeripherals
                0x0001a3b2        0xe ./board/peripherals.o
                0x0001a3b2                BOARD_InitPeripherals
 .text.BOARD_InitBootPeripherals
                0x0001a3c0        0xc ./board/peripherals.o
                0x0001a3c0                BOARD_InitBootPeripherals
 .text.CLOCK_EnableClock
                0x0001a3cc       0x34 ./board/pin_mux.o
 .text.PORT_SetPinMux
                0x0001a400       0x3a ./board/pin_mux.o
 .text.BOARD_InitBootPins
                0x0001a43a       0x2c ./board/pin_mux.o
                0x0001a43a                BOARD_InitBootPins
 .text.I2C0_DeinitPins
                0x0001a466        0xe ./board/pin_mux.o
                0x0001a466                I2C0_DeinitPins
 .text.I2C1_DeinitPins
                0x0001a474        0xe ./board/pin_mux.o
                0x0001a474                I2C1_DeinitPins
 .text.__main   0x0001a482        0xe c:/tools/mcuxpressoide_11.4.1_6260/ide/plugins/com.nxp.mcuxpresso.tools.win32_11.4.0.202103011116/tools/bin/../lib/gcc/arm-none-eabi/10.2.1/../../../../arm-none-eabi/lib/thumb/v7e-m+fp/hard\libcr_semihost_nf.a(_cr__main.o)
                0x0001a482                __CR_SEMIHOST
                0x0001a482                __main
 .text.acosf    0x0001a490        0x6 c:/tools/mcuxpressoide_11.4.1_6260/ide/plugins/com.nxp.mcuxpresso.tools.win32_11.4.0.202103011116/tools/bin/../lib/gcc/arm-none-eabi/10.2.1/../../../../arm-none-eabi/lib/thumb/v7e-m+fp/hard\libcr_c.a(acosf.o)
                0x0001a490                acosf