Archive member included to satisfy reference by file (symbol)

c:/tools/mcuxpressoide_11.4.1_6260/ide/plugins/com.nxp.mcuxpresso.tools.win32_11.4.0.202103011116/tools/bin/../lib/gcc/arm-none-eabi/10.2.1/../../../../arm-none-eabi/lib/thumb/v7e-m+fp/hard\libcr_semihost_nf.a(_cr__main.o)
                              ./startup/startup_mkv31f51212.o (__main)
c:/tools/mcuxpressoide_11.4.1_6260/ide/plugins/com.nxp.mcuxpresso.tools.win32_11.4.0.202103011116/tools/bin/../lib/gcc/arm-none-eabi/10.2.1/../../../../arm-none-eabi/lib/thumb/v7e-m+fp/hard\libcr_c.a(acosf.o)
                              ./sensor_fusion/orientation.o (acosf)
c:/tools/mcuxpressoide_11.4.1_6260/ide/plugins/com.nxp.mcuxpresso.tools.win32_11.4.0.202103011116/tools/bin/../lib/gcc/arm-none-eabi/10.2.1/../../../../arm-none-eabi/lib/thumb/v7e-m+fp/hard\libcr_c.a(fabsf.o)
                              ./sensor_fusion/fusion.o (fabsf)
c:/tools/mcuxpressoide_11.4.1_6260/ide/plugins/com.nxp.mcuxpresso.tools.win32_11.4.0.202103011116/tools/bin/../lib/gcc/arm-none-eabi/10.2.1/../../../../arm-none-eabi/lib/thumb/v7e-m+fp/hard\libcr_c.a(powf.o)
                              ./sensor_fusion/magnetic.o (powf)
c:/tools/mcuxpressoide_11.4.1_6260/ide/plugins/com.nxp.mcuxpresso.tools.win32_11.4.0.202103011116/tools/bin/../lib/gcc/arm-none-eabi/10.2.1/../../../../arm-none-eabi/lib/thumb/v7e-m+fp/hard\libcr_c.a(sinf.o)
                              ./sensor_fusion/orientation.o (sinf)
c:/tools/mcuxpressoide_11.4.1_6260/ide/plugins/com.nxp.mcuxpresso.tools.win32_11.4.0.202103011116/tools/bin/../lib/gcc/arm-none-eabi/10.2.1/../../../../arm-none-eabi/lib/thumb/v7e-m+fp/hard\libcr_c.a(sqrtf_m4_hardfp.o)
                              ./sensor_fusion/approximations.o (sqrtf)
c:/tools/mcuxpressoide_11.4.1_6260/ide/plugins/com.nxp.mcuxpresso.tools.win32_11.4.0.202103011116/tools/bin/../lib/gcc/arm-none-eabi/10.2.1/../../../../arm-none-eabi/lib/thumb/v7e-m+fp/hard\libcr_c.a(tanf.o)
                              ./sensor_fusion/magnetic.o (tanf)
c:/tools/mcuxpressoide_11.4.1_6260/ide/plugins/com.nxp.mcuxpresso.tools.win32_11.4.0.202103011116/tools/bin/../lib/gcc/arm-none-eabi/10.2.1/../../../../arm-none-eabi/lib/thumb/v7e-m+fp/hard\libcr_c.a(memcpy.o)
                              ./sensors/fxas21002_drv.o (memcpy)
c:/tools/mcuxpressoide_11.4.1_6260/ide/plugins/com.nxp.mcuxpresso.tools.win32_11.4.0.202103011116/tools/bin/../lib/gcc/arm-none-eabi/10.2.1/../../../../arm-none-eabi/lib/thumb/v7e-m+fp/hard\libcr_c.a(memset.o)
                              ./sensor_fusion/driver_KSDK_NVM.o (memset)
c:/tools/mcuxpressoide_11.4.1_6260/ide/plugins/com.nxp.mcuxpresso.tools.win32_11.4.0.202103011116/tools/bin/../lib/gcc/arm-none-eabi/10.2.1/../../../../arm-none-eabi/lib/thumb/v7e-m+fp/hard\libcr_c.a(acos.o)
                              ./sensor_fusion/debug.o (acos)
c:/tools/mcuxpressoide_11.4.1_6260/ide/plugins/com.nxp.mcuxpresso.tools.win32_11.4.0.202103011116/tools/bin/../lib/gcc/arm-none-eabi/10.2.1/../../../../arm-none-eabi/lib/thumb/v7e-m+fp/hard\libcr_c.a(alloc.o)
                              ./drivers/fsl_common.o (malloc)
c:/tools/mcuxpressoide_11.4.1_6260/ide/plugins/com.nxp.mcuxpresso.tools.win32_11.4.0.202103011116/tools/bin/../lib/gcc/arm-none-eabi/10.2.1/../../../../arm-none-eabi/lib/thumb/v7e-m+fp/hard\libcr_c.a(errno.o)
                              c:/tools/mcuxpressoide_11.4.1_6260/ide/plugins/com.nxp.mcuxpresso.tools.win32_11.4.0.202103011116/tools/bin/../lib/gcc/arm-none-eabi/10.2.1/../../../../arm-none-eabi/lib/thumb/v7e-m+fp/hard\libcr_c.a(powf.o) (errno)
c:/tools/mcuxpressoide_11.4.1_6260/ide/plugins/com.nxp.mcuxpresso.tools.win32_11.4.0.202103011116/tools/bin/../lib/gcc/arm-none-eabi/10.2.1/../../../../arm-none-eabi/lib/thumb/v7e-m+fp/hard\libcr_c.a(fabs.o)
                              ./sensor_fusion/debug.o (fabs)
c:/tools/mcuxpressoide_11.4.1_6260/ide/plugins/com.nxp.mcuxpresso.tools.win32_11.4.0.202103011116/tools/bin/../lib/gcc/arm-none-eabi/10.2.1/../../../../arm-none-eabi/lib/thumb/v7e-m+fp/hard\libcr_c.a(fmod.o)
                              ./sensor_fusion/debug.o (fmod)
c:/tools/mcuxpressoide_11.4.1_6260/ide/plugins/com.nxp.mcuxpresso.tools.win32_11.4.0.202103011116/tools/bin/../lib/gcc/arm-none-eabi/10.2.1/../../../../arm-none-eabi/lib/thumb/v7e-m+fp/hard\libcr_c.a(initio.o)
                              c:/tools/mcuxpressoide_11.4.1_6260/ide/plugins/com.nxp.mcuxpresso.tools.win32_11.4.0.202103011116/tools/bin/../lib/gcc/arm-none-eabi/10.2.1/../../../../arm-none-eabi/lib/thumb/v7e-m+fp/hard\libcr_semihost_nf.a(_cr__main.o) (_initio)
c:/tools/mcuxpressoide_11.4.1_6260/ide/plugins/com.nxp.mcuxpresso.tools.win32_11.4.0.202103011116/tools/bin/../lib/gcc/arm-none-eabi/10.2.1/../../../../arm-none-eabi/lib/thumb/v7e-m+fp/hard\libcr_c.a(modf.o)
[...]
Memory Configuration

Name             Origin             Length             Attributes
PROGRAM_FLASH    0x00000000         0x00080000         xr
SRAM_UPPER       0x20000000         0x00010000         xrw
SRAM_LOWER       0x1fff8000         0x00008000         xrw
*default*        0x00000000         0xffffffff

Linker script and memory map

LOAD ./utilities/fsl_assert.o
LOAD ./utilities/fsl_debug_console.o
LOAD ./utilities/fsl_str.o
LOAD ./utilities/systick_utils.o
LOAD ./startup/startup_mkv31f51212.o
LOAD ./source/CalPosition.o
LOAD ./source/com.o
LOAD ./source/filter.o
LOAD ./source/hdlc.o
LOAD ./source/lpuart.o
LOAD ./source/main_freertos_two_tasks.o
LOAD ./source/motors.o
LOAD ./source/semihost_hardfault.o
LOAD ./source/uart.o
LOAD ./sensors/fxas21002_drv.o
LOAD ./sensors/fxos8700_drv.o
LOAD ./sensors/mpl3115_drv.o
LOAD ./sensor_fusion/DecodeCommandBytes.o
LOAD ./sensor_fusion/approximations.o
LOAD ./sensor_fusion/calibration_storage.o
LOAD ./sensor_fusion/control.o
LOAD ./sensor_fusion/debug.o
LOAD ./sensor_fusion/driver_FXAS21002.o
LOAD ./sensor_fusion/driver_FXOS8700.o
LOAD ./sensor_fusion/driver_KSDK_NVM.o
LOAD ./sensor_fusion/driver_MPL3115.o
LOAD ./sensor_fusion/driver_pit.o
LOAD ./sensor_fusion/driver_systick.o
LOAD ./sensor_fusion/fusion.o
LOAD ./sensor_fusion/hal_frdm_fxs_mult2_b.o
LOAD ./sensor_fusion/magnetic.o
LOAD ./sensor_fusion/matrix.o
LOAD ./sensor_fusion/orientation.o
LOAD ./sensor_fusion/output_stream.o
LOAD ./sensor_fusion/precisionAccelerometer.o
LOAD ./sensor_fusion/sensor_fusion.o
LOAD ./sensor_fusion/status.o
LOAD ./interfaces/register_io_i2c.o
LOAD ./interfaces/register_io_spi.o
LOAD ./interfaces/sensor_io_i2c.o
LOAD ./interfaces/sensor_io_spi.o
LOAD ./gpio_driver/gpio_driver.o
LOAD ./gpio_driver/gpio_driver_irq.o
LOAD ./drivers/freertos/fsl_dspi_freertos.o
LOAD ./drivers/freertos/fsl_i2c_freertos.o
LOAD ./drivers/freertos/fsl_lpuart_freertos.o
LOAD ./drivers/freertos/fsl_uart_freertos.o
LOAD ./drivers/fsl_adc16.o
LOAD ./drivers/fsl_clock.o
LOAD ./drivers/fsl_cmp.o
LOAD ./drivers/fsl_common.o
LOAD ./drivers/fsl_crc.o
LOAD ./drivers/fsl_dac.o
LOAD ./drivers/fsl_dmamux.o
LOAD ./drivers/fsl_dspi.o
LOAD ./drivers/fsl_dspi_cmsis.o
LOAD ./drivers/fsl_dspi_edma.o
LOAD ./drivers/fsl_edma.o
LOAD ./drivers/fsl_ewm.o
LOAD ./drivers/fsl_flexbus.o
LOAD ./drivers/fsl_ftfx_cache.o
LOAD ./drivers/fsl_ftfx_controller.o
LOAD ./drivers/fsl_ftfx_flash.o
LOAD ./drivers/fsl_ftfx_flexnvm.o
LOAD ./drivers/fsl_ftm.o
LOAD ./drivers/fsl_gpio.o
LOAD ./drivers/fsl_i2c.o
LOAD ./drivers/fsl_i2c_cmsis.o
LOAD ./drivers/fsl_i2c_edma.o
LOAD ./drivers/fsl_llwu.o
LOAD ./drivers/fsl_lptmr.o
LOAD ./drivers/fsl_lpuart.o
LOAD ./drivers/fsl_lpuart_edma.o
LOAD ./drivers/fsl_pdb.o
LOAD ./drivers/fsl_pit.o
LOAD ./drivers/fsl_pmc.o
LOAD ./drivers/fsl_rcm.o
LOAD ./drivers/fsl_rnga.o
LOAD ./drivers/fsl_sim.o
LOAD ./drivers/fsl_smc.o
LOAD ./drivers/fsl_uart.o
LOAD ./drivers/fsl_uart_cmsis.o
LOAD ./drivers/fsl_uart_edma.o
LOAD ./drivers/fsl_vref.o
LOAD ./drivers/fsl_wdog.o
LOAD ./device/system_MKV31F51212.o
LOAD ./component/uart/uart_adapter.o
LOAD ./component/serial_manager/serial_manager.o
LOAD ./component/serial_manager/serial_port_uart.o
LOAD ./component/lists/generic_list.o
LOAD ./board/board.o
LOAD ./board/clock_config.o
LOAD ./board/frdm_kv31f.o
LOAD ./board/peripherals.o
LOAD ./board/pin_mux.o
LOAD ./amazon-freertos/freertos_kernel/portable/MemMang/heap_4.o
LOAD ./amazon-freertos/freertos_kernel/portable/GCC/ARM_CM4F/port.o
LOAD ./amazon-freertos/freertos_kernel/event_groups.o
LOAD ./amazon-freertos/freertos_kernel/list.o
LOAD ./amazon-freertos/freertos_kernel/queue.o
LOAD ./amazon-freertos/freertos_kernel/stream_buffer.o
LOAD ./amazon-freertos/freertos_kernel/tasks.o
LOAD ./amazon-freertos/freertos_kernel/timers.o
LOAD D:\THIERRY\workspace\ROBOT_FRDM_KV31F\libs\libarm_cortexM7l_math.a
LOAD D:\THIERRY\workspace\ROBOT_FRDM_KV31F\libs\libarm_cortexM4lf_math.a
START GROUP
LOAD c:/tools/mcuxpressoide_11.4.1_6260/ide/plugins/com.nxp.mcuxpresso.tools.win32_11.4.0.202103011116/tools/bin/../lib/gcc/arm-none-eabi/10.2.1/../../../../arm-none-eabi/lib/thumb/v7e-m+fp/hard\libcr_semihost_nf.a
LOAD c:/tools/mcuxpressoide_11.4.1_6260/ide/plugins/com.nxp.mcuxpresso.tools.win32_11.4.0.202103011116/tools/bin/../lib/gcc/arm-none-eabi/10.2.1/../../../../arm-none-eabi/lib/thumb/v7e-m+fp/hard\libcr_c.a
LOAD c:/tools/mcuxpressoide_11.4.1_6260/ide/plugins/com.nxp.mcuxpresso.tools.win32_11.4.0.202103011116/tools/bin/../lib/gcc/arm-none-eabi/10.2.1/thumb/v7e-m+fp/hard\libcr_eabihelpers.a
LOAD c:/tools/mcuxpressoide_11.4.1_6260/ide/plugins/com.nxp.mcuxpresso.tools.win32_11.4.0.202103011116/tools/bin/../lib/gcc/arm-none-eabi/10.2.1/thumb/v7e-m+fp/hard\libgcc.a
END GROUP
                0x00000000                __base_PROGRAM_FLASH = 0x0
                0x00000000                __base_Flash = 0x0
                0x00080000                __top_PROGRAM_FLASH = 0x80000
                0x00080000                __top_Flash = 0x80000
                0x20000000                __base_SRAM_UPPER = 0x20000000
                0x20000000                __base_RAM = 0x20000000
                0x20010000                __top_SRAM_UPPER = 0x20010000
                0x20010000                __top_RAM = 0x20010000
                0x1fff8000                __base_SRAM_LOWER = 0x1fff8000
                0x1fff8000                __base_RAM2 = 0x1fff8000
                0x20000000                __top_SRAM_LOWER = 0x20000000
                0x20000000                __top_RAM2 = 0x20000000

.text           0x00000000    0x1b94c
 FILL mask 0xff
                0x00000000                __vectors_start__ = ABSOLUTE (.)
 *(SORT_BY_ALIGNMENT(.isr_vector))
 .isr_vector    0x00000000      0x168 ./startup/startup_mkv31f51212.o
                0x00000000                g_pfnVectors
                0x00000000                __Vectors
                0x00000168                . = ALIGN (0x4)
                0x00000168                __section_table_start = .
                0x00000168                __data_section_table = .
                0x00000168        0x4 LONG 0x1b94c LOADADDR (.data)
                0x0000016c        0x4 LONG 0x20000000 ADDR (.data)
                0x00000170        0x4 LONG 0xc4 SIZEOF (.data)
                0x00000174        0x4 LONG 0x1b94c LOADADDR (.data_RAM2)
                0x00000178        0x4 LONG 0x1fff8000 ADDR (.data_RAM2)
                0x0000017c        0x4 LONG 0x0 SIZEOF (.data_RAM2)
                0x00000180                __data_section_table_end = .
                0x00000180                __bss_section_table = .
                0x00000180        0x4 LONG 0x200000c4 ADDR (.bss)
                0x00000184        0x4 LONG 0x8ecc SIZEOF (.bss)
                0x00000188        0x4 LONG 0x1fff8000 ADDR (.bss_RAM2)
                0x0000018c        0x4 LONG 0x0 SIZEOF (.bss_RAM2)
                0x00000190                __bss_section_table_end = .
                0x00000190                __section_table_end = .
 *(SORT_BY_ALIGNMENT(.after_vectors*))
 .after_vectors.reset
                0x00000190       0x4c ./startup/startup_mkv31f51212.o
                0x00000190                ResetISR
 .after_vectors.init_data
                0x000001dc       0x1e ./startup/startup_mkv31f51212.o
                0x000001dc                data_init
 .after_vectors.init_bss
                0x000001fa       0x12 ./startup/startup_mkv31f51212.o
                0x000001fa                bss_init
 .after_vectors
                0x0000020c       0x14 ./startup/startup_mkv31f51212.o
                0x0000020c                NMI_Handler
                0x00000210                MemManage_Handler
                0x00000212                BusFault_Handler
                0x00000214                UsageFault_Handler
                0x00000218                DebugMon_Handler
                0x0000021e                FTM1_DriverIRQHandler
                0x0000021e                FTM2_DriverIRQHandler
                0x0000021e                PIT2_DriverIRQHandler
                0x0000021e                Reserved82_DriverIRQHandler
                0x0000021e                FTF_DriverIRQHandler
                0x0000021e                LLWU_DriverIRQHandler
                0x0000021e                MCM_DriverIRQHandler
                0x0000021e                MCG_DriverIRQHandler
                0x0000021e                Reserved63_DriverIRQHandler
                0x0000021e                DAC1_DriverIRQHandler
                0x0000021e                Reserved69_DriverIRQHandler
                0x0000021e                DMA_Error_DriverIRQHandler
                0x0000021e                CMP1_DriverIRQHandler
                0x0000021e                FTM0_DriverIRQHandler
                0x0000021e                IntDefaultHandler
                0x0000021e                PORTC_DriverIRQHandler
                0x0000021e                DAC0_DriverIRQHandler
                0x0000021e                UART2_ERR_DriverIRQHandler
                0x0000021e                LVD_LVW_DriverIRQHandler
                0x0000021e                Reserved84_DriverIRQHandler
                0x0000021e                LPTMR0_DriverIRQHandler
                0x0000021e                RNG_DriverIRQHandler
                0x0000021e                Reserved53_DriverIRQHandler
                0x0000021e                Reserved45_DriverIRQHandler
                0x0000021e                UART0_ERR_DriverIRQHandler
                0x0000021e                Reserved71_DriverIRQHandler
                0x0000021e                ADC1_DriverIRQHandler
                0x0000021e                PORTA_DriverIRQHandler
                0x0000021e                PIT3_DriverIRQHandler
                0x0000021e                PIT1_DriverIRQHandler
                0x0000021e                WDOG_EWM_DriverIRQHandler
                0x0000021e                PDB0_DriverIRQHandler
                0x0000021e                Reserved83_DriverIRQHandler
                0x0000021e                Reserved61_DriverIRQHandler
                0x0000021e                Read_Collision_DriverIRQHandler
                0x0000021e                Reserved54_DriverIRQHandler
                0x0000021e                SWI_DriverIRQHandler
                0x0000021e                Reserved62_DriverIRQHandler
                0x0000021e                PORTB_DriverIRQHandler
                0x0000021e                Reserved44_DriverIRQHandler
                0x0000021e                Reserved85_DriverIRQHandler
                0x0000021e                Reserved81_DriverIRQHandler
                0x0000021e                ADC0_DriverIRQHandler
                0x0000021e                CMP0_DriverIRQHandler
                0x0000021e                FTM3_DriverIRQHandler
                0x0000021e                PIT0_DriverIRQHandler
                0x0000021e                UART1_ERR_DriverIRQHandler
                0x0000021e                PORTD_DriverIRQHandler
                0x0000021e                Reserved70_DriverIRQHandler
                0x0000021e                Reserved86_DriverIRQHandler
                0x0000021e                PORTE_DriverIRQHandler
                0x00000400                . = 0x400
 *fill*         0x00000220      0x1e0 ff
                0x00000400                PROVIDE (__FLASH_CONFIG_START__ = .)
 *(SORT_BY_ALIGNMENT(.FlashConfig))
 .FlashConfig   0x00000400       0x10 ./startup/startup_mkv31f51212.o
                0x00000400                Flash_Config
                0x00000410                PROVIDE (__FLASH_CONFIG_END__ = .)
                0x00000001                ASSERT (! ((__FLASH_CONFIG_START__ == __FLASH_CONFIG_END__)), Linker Flash Config Support Enabled, but no .FlashConfig section provided within application)
 *(SORT_BY_ALIGNMENT(.text*))
 .text.SVC_Handler
                0x00000410       0x28 ./amazon-freertos/freertos_kernel/portable/GCC/ARM_CM4F/port.o
                0x00000410                SVC_Handler
 *fill*         0x00000438        0x8 ff
 .text.PendSV_Handler
                0x00000440       0x68 ./amazon-freertos/freertos_kernel/portable/GCC/ARM_CM4F/port.o
                0x00000440                PendSV_Handler
 .text.ApplyPerturbation
                0x000004a8      0x468 ./sensor_fusion/debug.o
                0x000004a8                ApplyPerturbation
 .text.fInit_6DOF_GY_KALMAN
                0x00000910      0x244 ./sensor_fusion/fusion.o
                0x00000910                fInit_6DOF_GY_KALMAN
 *fill*         0x00000b54        0x4 ff
 .text.fInit_9DOF_GBY_KALMAN
                0x00000b58      0x2ec ./sensor_fusion/fusion.o
                0x00000b58                fInit_9DOF_GBY_KALMAN
 *fill*         0x00000e44        0x4 ff
 .text.fRun_6DOF_GY_KALMAN
                0x00000e48     0x10bc ./sensor_fusion/fusion.o
                0x00000e48                fRun_6DOF_GY_KALMAN
 *fill*         0x00001f04        0x4 ff
 .text.fRun_9DOF_GBY_KALMAN
                0x00001f08     0x1e9c ./sensor_fusion/fusion.o
                0x00001f08                fRun_9DOF_GBY_KALMAN
 *fill*         0x00003da4        0x4 ff
 .text.powf     0x00003da8      0x2d4 c:/tools/mcuxpressoide_11.4.1_6260/ide/plugins/com.nxp.mcuxpresso.tools.win32_11.4.0.202103011116/tools/bin/../lib/gcc/arm-none-eabi/10.2.1/../../../../arm-none-eabi/lib/thumb/v7e-m+fp/hard\libcr_c.a(powf.o)
                0x00003da8                powf
 *fill*         0x0000407c        0x4 ff
 .text.sqrt     0x00004080      0x11c c:/tools/mcuxpressoide_11.4.1_6260/ide/plugins/com.nxp.mcuxpresso.tools.win32_11.4.0.202103011116/tools/bin/../lib/gcc/arm-none-eabi/10.2.1/../../../../arm-none-eabi/lib/thumb/v7e-m+fp/hard\libcr_c.a(sqrt.o)
                0x00004080                sqrt
 *fill*         0x0000419c        0x4 ff
 .text._sincosf
                0x000041a0      0x138 c:/tools/mcuxpressoide_11.4.1_6260/ide/plugins/com.nxp.mcuxpresso.tools.win32_11.4.0.202103011116/tools/bin/../lib/gcc/arm-none-eabi/10.2.1/../../../../arm-none-eabi/lib/thumb/v7e-m+fp/hard\libcr_c.a(_sincosf.o)
                0x000041a0                _sincosf
 .text._tancotf
                0x000042d8      0x14c c:/tools/mcuxpressoide_11.4.1_6260/ide/plugins/com.nxp.mcuxpresso.tools.win32_11.4.0.202103011116/tools/bin/../lib/gcc/arm-none-eabi/10.2.1/../../../../arm-none-eabi/lib/thumb/v7e-m+fp/hard\libcr_c.a(_tancotf.o)
                0x000042d8                _tancotf
 *fill*         0x00004424        0x4 ff
 .text._asinacos
                0x00004428      0x290 c:/tools/mcuxpressoide_11.4.1_6260/ide/plugins/com.nxp.mcuxpresso.tools.win32_11.4.0.202103011116/tools/bin/../lib/gcc/arm-none-eabi/10.2.1/../../../../arm-none-eabi/lib/thumb/v7e-m+fp/hard\libcr_c.a(_asinacos.o)
                0x00004428                _asinacos
 .text.__assertion_failed
                0x000046b8       0x18 ./utilities/fsl_assert.o
                0x000046b8                __assertion_failed
 .text.CalculateNewMotorCommand
                0x000046d0      0x19c ./source/com.o
 .text.com_TxTask
                0x0000486c      0x21c ./source/com.o
 .text.com_RxTask
                0x00004a88      0x11c ./source/com.o
 .text.COM_InitializeTask
                0x00004ba4       0x8c ./source/com.o
                0x00004ba4                COM_InitializeTask
 .text.COM_WakeUp
                0x00004c30       0x18 ./source/com.o
                0x00004c30                COM_WakeUp
 .text.UpdateDLLRxFrameErrorCounter
                0x00004c48       0x2c ./source/hdlc.o
 .text.UpdateDLLRxFrameOKCounter
                0x00004c74       0x2c ./source/hdlc.o
 .text.HDLC_StateWaitFirstDLE
                0x00004ca0       0x28 ./source/hdlc.o
 .text.HDLC_StateWaitSTX
                0x00004cc8       0x3c ./source/hdlc.o
 .text.HDLC_StateWaitFrame
                0x00004d04       0x64 ./source/hdlc.o
 .text.HDLC_StateAlgoDLE
                0x00004d68       0x9c ./source/hdlc.o
 .text.HDLC_StateWaitChecksum
                0x00004e04       0x58 ./source/hdlc.o
 .text.HDLC_ControlRxCharacter
                0x00004e5c       0x8c ./source/hdlc.o
 .text.HDLC_bInitialize
                0x00004ee8       0x54 ./source/hdlc.o
                0x00004ee8                HDLC_bInitialize
 .text.HDLC_bGetFrame
                0x00004f3c       0x78 ./source/hdlc.o
                0x00004f3c                HDLC_bGetFrame
 .text.HDLC_bPutFrame
                0x00004fb4       0xe0 ./source/hdlc.o
                0x00004fb4                HDLC_bPutFrame
 .text.__NVIC_SetPriority
                0x00005094       0x54 ./source/lpuart.o
 .text.CLOCK_SetLpuartClock
                0x000050e8       0x40 ./source/lpuart.o
 .text.LPUART_bOpenDevice
                0x00005128       0x58 ./source/lpuart.o
                0x00005128                LPUART_bOpenDevice
 .text.LPUART_bGetRxChar
                0x00005180       0x3c ./source/lpuart.o
                0x00005180                LPUART_bGetRxChar
 .text.LPUART_bPutTxBuffer
                0x000051bc       0x38 ./source/lpuart.o
                0x000051bc                LPUART_bPutTxBuffer
 .text.LPUART_bCloseDevice
                0x000051f4       0x14 ./source/lpuart.o
                0x000051f4                LPUART_bCloseDevice
 .text.main     0x00005208      0x19c ./source/main_freertos_two_tasks.o
                0x00005208                main
 .text.read_task
                0x000053a4       0x60 ./source/main_freertos_two_tasks.o
 .text.fusion_task
                0x00005404       0x90 ./source/main_freertos_two_tasks.o
 .text.MOTORS_Initialization
                0x00005494       0xb0 ./source/motors.o
                0x00005494                MOTORS_Initialization
 .text.MOTORS_UpdateCommand
                0x00005544      0x1d0 ./source/motors.o
                0x00005544                MOTORS_UpdateCommand
 .text.MOTORS_u16GetMaxPWMLevel
                0x00005714       0x20 ./source/motors.o
                0x00005714                MOTORS_u16GetMaxPWMLevel
 .text.fasin_deg
                0x00005734       0x7c ./sensor_fusion/approximations.o
                0x00005734                fasin_deg
 .text.facos_deg
                0x000057b0       0xdc ./sensor_fusion/approximations.o
                0x000057b0                facos_deg
 .text.fatan_deg
                0x0000588c      0x104 ./sensor_fusion/approximations.o
                0x0000588c                fatan_deg
 .text.fatan2_deg
                0x00005990       0xec ./sensor_fusion/approximations.o
                0x00005990                fatan2_deg
 .text.fatan_15deg
                0x00005a7c       0x60 ./sensor_fusion/approximations.o
                0x00005a7c                fatan_15deg
 .text.FXAS21002_Init
                0x00005adc      0x104 ./sensor_fusion/driver_FXAS21002.o
                0x00005adc                FXAS21002_Init
 .text.FXAS21002_Read
                0x00005be0      0x24c ./sensor_fusion/driver_FXAS21002.o
                0x00005be0                FXAS21002_Read
 .text.FXOS8700_Init
                0x00005e2c       0xbc ./sensor_fusion/driver_FXOS8700.o
                0x00005e2c                FXOS8700_Init
 .text.FXOS8700_ReadAccData
                0x00005ee8      0x198 ./sensor_fusion/driver_FXOS8700.o
                0x00005ee8                FXOS8700_ReadAccData
 .text.FXOS8700_ReadMagData
                0x00006080       0xa0 ./sensor_fusion/driver_FXOS8700.o
                0x00006080                FXOS8700_ReadMagData
 .text.MPL3115_Init
                0x00006120       0x84 ./sensor_fusion/driver_MPL3115.o
                0x00006120                MPL3115_Init
 .text.MPL3115_Read
                0x000061a4       0xbc ./sensor_fusion/driver_MPL3115.o
                0x000061a4                MPL3115_Read
 .text.PIT_GetDefaultConfig
                0x00006260       0x28 ./sensor_fusion/driver_pit.o
 .text.PIT0_IRQHandler
                0x00006288       0x20 ./sensor_fusion/driver_pit.o
                0x00006288                PIT0_IRQHandler
 .text.pit_init1
                0x000062a8       0x98 ./sensor_fusion/driver_pit.o
                0x000062a8                pit_init1
 .text.pit_GetChannel1
                0x00006340       0x18 ./sensor_fusion/driver_pit.o
                0x00006340                pit_GetChannel1
 .text.ARM_systick_enable
                0x00006358       0x20 ./sensor_fusion/driver_systick.o
                0x00006358                ARM_systick_enable
 .text.ARM_systick_start_ticks
                0x00006378       0x24 ./sensor_fusion/driver_systick.o
                0x00006378                ARM_systick_start_ticks
 .text.ARM_systick_elapsed_ticks
                0x0000639c       0x38 ./sensor_fusion/driver_systick.o
                0x0000639c                ARM_systick_elapsed_ticks
 .text.ARM_systick_delay_ms
                0x000063d4       0x58 ./sensor_fusion/driver_systick.o
                0x000063d4                ARM_systick_delay_ms
 .text.fInit_1DOF_P_BASIC
                0x0000642c       0x6c ./sensor_fusion/fusion.o
                0x0000642c                fInit_1DOF_P_BASIC
 .text.fInit_3DOF_G_BASIC
                0x00006498       0x84 ./sensor_fusion/fusion.o
                0x00006498                fInit_3DOF_G_BASIC
 .text.fInit_3DOF_B_BASIC
                0x0000651c       0x84 ./sensor_fusion/fusion.o
                0x0000651c                fInit_3DOF_B_BASIC
 .text.fInit_3DOF_Y_BASIC
                0x000065a0       0x38 ./sensor_fusion/fusion.o
                0x000065a0                fInit_3DOF_Y_BASIC
 .text.fInit_6DOF_GB_BASIC
                0x000065d8       0xa8 ./sensor_fusion/fusion.o
                0x000065d8                fInit_6DOF_GB_BASIC
 .text.fInitializeMagCalibration
                0x00006680      0x22c ./sensor_fusion/magnetic.o
                0x00006680                fInitializeMagCalibration
 .text.fRunMagCalibration
                0x000068ac      0x380 ./sensor_fusion/magnetic.o
                0x000068ac                fRunMagCalibration
 .text.fUpdateMagCalibration4Slice
                0x00006c2c      0xaf0 ./sensor_fusion/magnetic.o
                0x00006c2c                fUpdateMagCalibration4Slice
 .text.fUpdateMagCalibration7Slice
                0x0000771c      0xbdc ./sensor_fusion/magnetic.o
                0x0000771c                fUpdateMagCalibration7Slice
 .text.fUpdateMagCalibration10Slice
                0x000082f8     0x11e4 ./sensor_fusion/magnetic.o
                0x000082f8                fUpdateMagCalibration10Slice
 .text.f3DOFTiltNED
                0x000094dc      0x1ec ./sensor_fusion/orientation.o
                0x000094dc                f3DOFTiltNED
 .text.fNEDAnglesDegFromRotationMatrix
                0x000096c8      0x19c ./sensor_fusion/orientation.o
                0x000096c8                fNEDAnglesDegFromRotationMatrix
 .text.fQuaternionFromRotationVectorDeg
                0x00009864      0x230 ./sensor_fusion/orientation.o
                0x00009864                fQuaternionFromRotationVectorDeg
 .text.fQuaternionFromRotationMatrix
                0x00009a94      0x234 ./sensor_fusion/orientation.o
                0x00009a94                fQuaternionFromRotationMatrix
 .text.fRotationVectorDegFromQuaternion
                0x00009cc8      0x148 ./sensor_fusion/orientation.o
                0x00009cc8                fRotationVectorDegFromQuaternion
 .text.fqAeqNormqA
                0x00009e10      0x154 ./sensor_fusion/orientation.o
                0x00009e10                fqAeqNormqA
 .text.fveqconjgquq
                0x00009f64      0x288 ./sensor_fusion/orientation.o
                0x00009f64                fveqconjgquq
 .text.fInitializeAccelCalibration
                0x0000a1ec      0x15c ./sensor_fusion/precisionAccelerometer.o
                0x0000a1ec                fInitializeAccelCalibration
 .text.fUpdateAccelBuffer
                0x0000a348      0x160 ./sensor_fusion/precisionAccelerometer.o
                0x0000a348                fUpdateAccelBuffer
 .text.fComputeAccelCalibration7
                0x0000a4a8      0x544 ./sensor_fusion/precisionAccelerometer.o
                0x0000a4a8                fComputeAccelCalibration7
 .text.initSensorFusionGlobals
                0x0000a9ec      0x134 ./sensor_fusion/sensor_fusion.o
                0x0000a9ec                initSensorFusionGlobals
 .text.initializeFusionEngine
                0x0000ab20      0x114 ./sensor_fusion/sensor_fusion.o
                0x0000ab20                initializeFusionEngine
 .text.ssSetLeds
                0x0000ac34       0x74 ./sensor_fusion/status.o
                0x0000ac34                ssSetLeds
 .text.ssSetStatusNow
                0x0000aca8       0xe4 ./sensor_fusion/status.o
                0x0000aca8                ssSetStatusNow
 .text.ssTest   0x0000ad8c       0x90 ./sensor_fusion/status.o
                0x0000ad8c                ssTest
 .text.initializeStatusSubsystem
                0x0000ae1c       0xbc ./sensor_fusion/status.o
                0x0000ae1c                initializeStatusSubsystem
 .text.I2C0_SignalEvent_t
                0x0000aed8       0x30 ./interfaces/register_io_i2c.o
                0x0000aed8                I2C0_SignalEvent_t
 .text.I2C1_SignalEvent_t
                0x0000af08       0x30 ./interfaces/register_io_i2c.o
                0x0000af08                I2C1_SignalEvent_t
 .text.Register_I2C_Write
                0x0000af38      0x220 ./interfaces/register_io_i2c.o
                0x0000af38                Register_I2C_Write
 .text.Register_I2C_Read
                0x0000b158      0x150 ./interfaces/register_io_i2c.o
                0x0000b158                Register_I2C_Read
 .text.ksdk_gpio_handle_interrupt
                0x0000b2a8       0x88 ./gpio_driver/gpio_driver.o
                0x0000b2a8                ksdk_gpio_handle_interrupt
 .text.PORTA_IRQHandler
                0x0000b330       0x14 ./gpio_driver/gpio_driver_irq.o
                0x0000b330                PORTA_IRQHandler
 .text.PORTB_IRQHandler
                0x0000b344       0x14 ./gpio_driver/gpio_driver_irq.o
                0x0000b344                PORTB_IRQHandler
 .text.PORTC_IRQHandler
                0x0000b358       0x14 ./gpio_driver/gpio_driver_irq.o
                0x0000b358                PORTC_IRQHandler
 .text.PORTD_IRQHandler
                0x0000b36c       0x14 ./gpio_driver/gpio_driver_irq.o
                0x0000b36c                PORTD_IRQHandler
 .text.PORTE_IRQHandler
                0x0000b380       0x14 ./gpio_driver/gpio_driver_irq.o
                0x0000b380                PORTE_IRQHandler
 .text.LPUART_RTOS_Callback
                0x0000b394       0xc4 ./drivers/freertos/fsl_lpuart_freertos.o
 .text.LPUART_RTOS_Init
                0x0000b458      0x184 ./drivers/freertos/fsl_lpuart_freertos.o
                0x0000b458                LPUART_RTOS_Init
 .text.CLOCK_SetEr32kClock
                0x0000b5dc       0x30 ./drivers/fsl_clock.o
 .text.CLOCK_SetPllFllSelClock
                0x0000b60c       0x38 ./drivers/fsl_clock.o
 .text.CLOCK_GetMcgExtClkFreq
                0x0000b644       0x7c ./drivers/fsl_clock.o
 .text.CLOCK_GetFllExtRefClkFreq
                0x0000b6c0       0xb0 ./drivers/fsl_clock.o
 .text.CLOCK_GetInternalRefClkSelectFreq
                0x0000b770       0x4c ./drivers/fsl_clock.o
 .text.CLOCK_GetFllRefClkFreq
                0x0000b7bc       0x34 ./drivers/fsl_clock.o
 .text.CLOCK_GetOscRangeFromFreq
                0x0000b7f0       0x3c ./drivers/fsl_clock.o
 .text.CLOCK_GetOsc0ErClkUndivFreq
                0x0000b82c       0x44 ./drivers/fsl_clock.o
                0x0000b82c                CLOCK_GetOsc0ErClkUndivFreq
 .text.CLOCK_GetOsc0ErClkDivFreq
                0x0000b870       0x58 ./drivers/fsl_clock.o
                0x0000b870                CLOCK_GetOsc0ErClkDivFreq
 .text.CLOCK_GetEr32kClkFreq
                0x0000b8c8       0x74 ./drivers/fsl_clock.o
                0x0000b8c8                CLOCK_GetEr32kClkFreq
 .text.CLOCK_GetPllFllSelClkFreq
                0x0000b93c       0x54 ./drivers/fsl_clock.o
                0x0000b93c                CLOCK_GetPllFllSelClkFreq
 .text.CLOCK_GetCoreSysClkFreq
                0x0000b990       0x28 ./drivers/fsl_clock.o
                0x0000b990                CLOCK_GetCoreSysClkFreq
 .text.CLOCK_GetFreq
                0x0000b9b8      0x148 ./drivers/fsl_clock.o
                0x0000b9b8                CLOCK_GetFreq
 .text.CLOCK_SetSimConfig
                0x0000bb00       0x34 ./drivers/fsl_clock.o
                0x0000bb00                CLOCK_SetSimConfig
 .text.CLOCK_GetOutClkFreq
                0x0000bb34       0x64 ./drivers/fsl_clock.o
                0x0000bb34                CLOCK_GetOutClkFreq
 .text.CLOCK_GetFllFreq
                0x0000bb98       0x84 ./drivers/fsl_clock.o
                0x0000bb98                CLOCK_GetFllFreq
 .text.CLOCK_GetInternalRefClkFreq
                0x0000bc1c       0x30 ./drivers/fsl_clock.o
                0x0000bc1c                CLOCK_GetInternalRefClkFreq
 .text.CLOCK_GetPll0Freq
                0x0000bc4c       0x78 ./drivers/fsl_clock.o
                0x0000bc4c                CLOCK_GetPll0Freq
 .text.CLOCK_SetExternalRefClkConfig
                0x0000bcc4       0x6c ./drivers/fsl_clock.o
                0x0000bcc4                CLOCK_SetExternalRefClkConfig
 .text.CLOCK_SetInternalRefClkConfig
                0x0000bd30      0x104 ./drivers/fsl_clock.o
                0x0000bd30                CLOCK_SetInternalRefClkConfig
 .text.CLOCK_EnablePll0
                0x0000be34       0x88 ./drivers/fsl_clock.o
                0x0000be34                CLOCK_EnablePll0
 .text.CLOCK_InitOsc0
                0x0000bebc       0x8c ./drivers/fsl_clock.o
                0x0000bebc                CLOCK_InitOsc0
 .text.CLOCK_SetPbeMode
                0x0000bf48       0xa8 ./drivers/fsl_clock.o
                0x0000bf48                CLOCK_SetPbeMode
 .text.CLOCK_BootToPeeMode
                0x0000bff0       0x64 ./drivers/fsl_clock.o
                0x0000bff0                CLOCK_BootToPeeMode
 .text.DSPI_CommonIRQHandler
                0x0000c054       0x44 ./drivers/fsl_dspi.o
 .text.SPI0_DriverIRQHandler
                0x0000c098       0x30 ./drivers/fsl_dspi.o
                0x0000c098                SPI0_DriverIRQHandler
 .text.SPI1_DriverIRQHandler
                0x0000c0c8       0x30 ./drivers/fsl_dspi.o
                0x0000c0c8                SPI1_DriverIRQHandler
 .text.EDMA_HandleIRQ
                0x0000c0f8      0x160 ./drivers/fsl_edma.o
                0x0000c0f8                EDMA_HandleIRQ
 .text.DMA0_DriverIRQHandler
                0x0000c258       0x1c ./drivers/fsl_edma.o
                0x0000c258                DMA0_DriverIRQHandler
 .text.DMA1_DriverIRQHandler
                0x0000c274       0x1c ./drivers/fsl_edma.o
                0x0000c274                DMA1_DriverIRQHandler
 .text.DMA2_DriverIRQHandler
                0x0000c290       0x1c ./drivers/fsl_edma.o
                0x0000c290                DMA2_DriverIRQHandler
 .text.DMA3_DriverIRQHandler
                0x0000c2ac       0x1c ./drivers/fsl_edma.o
                0x0000c2ac                DMA3_DriverIRQHandler
 .text.DMA4_DriverIRQHandler
                0x0000c2c8       0x1c ./drivers/fsl_edma.o
                0x0000c2c8                DMA4_DriverIRQHandler
 .text.DMA5_DriverIRQHandler
                0x0000c2e4       0x1c ./drivers/fsl_edma.o
                0x0000c2e4                DMA5_DriverIRQHandler
 .text.DMA6_DriverIRQHandler
                0x0000c300       0x1c ./drivers/fsl_edma.o
                0x0000c300                DMA6_DriverIRQHandler
 .text.DMA7_DriverIRQHandler
                0x0000c31c       0x1c ./drivers/fsl_edma.o
                0x0000c31c                DMA7_DriverIRQHandler
 .text.DMA8_DriverIRQHandler
                0x0000c338       0x1c ./drivers/fsl_edma.o
                0x0000c338                DMA8_DriverIRQHandler
 .text.DMA9_DriverIRQHandler
                0x0000c354       0x1c ./drivers/fsl_edma.o
                0x0000c354                DMA9_DriverIRQHandler
 .text.DMA10_DriverIRQHandler
                0x0000c370       0x1c ./drivers/fsl_edma.o
                0x0000c370                DMA10_DriverIRQHandler
 .text.DMA11_DriverIRQHandler
                0x0000c38c       0x1c ./drivers/fsl_edma.o
                0x0000c38c                DMA11_DriverIRQHandler
 .text.DMA12_DriverIRQHandler
                0x0000c3a8       0x1c ./drivers/fsl_edma.o
                0x0000c3a8                DMA12_DriverIRQHandler
 .text.DMA13_DriverIRQHandler
                0x0000c3c4       0x1c ./drivers/fsl_edma.o
                0x0000c3c4                DMA13_DriverIRQHandler
 .text.DMA14_DriverIRQHandler
                0x0000c3e0       0x1c ./drivers/fsl_edma.o
                0x0000c3e0                DMA14_DriverIRQHandler
 .text.DMA15_DriverIRQHandler
                0x0000c3fc       0x1c ./drivers/fsl_edma.o
                0x0000c3fc                DMA15_DriverIRQHandler
 .text.FTM_GetInstance
                0x0000c418       0x54 ./drivers/fsl_ftm.o
 .text.FTM_SetPwmSync
                0x0000c46c      0x140 ./drivers/fsl_ftm.o
 .text.FTM_SetReloadPoints
                0x0000c5ac      0x138 ./drivers/fsl_ftm.o
 .text.FTM_Init
                0x0000c6e4       0xf4 ./drivers/fsl_ftm.o
                0x0000c6e4                FTM_Init
 .text.FTM_GetDefaultConfig
                0x0000c7d8       0x74 ./drivers/fsl_ftm.o
                0x0000c7d8                FTM_GetDefaultConfig
 .text.FTM_SetupPwm
                0x0000c84c      0x310 ./drivers/fsl_ftm.o
                0x0000c84c                FTM_SetupPwm
 .text.FTM_UpdatePwmDutycycle
                0x0000cb5c      0x108 ./drivers/fsl_ftm.o
                0x0000cb5c                FTM_UpdatePwmDutycycle
 .text.GPIO_GetInstance
                0x0000cc64       0x4c ./drivers/fsl_gpio.o
 .text.GPIO_PinInit
                0x0000ccb0       0x68 ./drivers/fsl_gpio.o
                0x0000ccb0                GPIO_PinInit
 .text.GPIO_PortGetInterruptFlags
                0x0000cd18       0x30 ./drivers/fsl_gpio.o
                0x0000cd18                GPIO_PortGetInterruptFlags
 .text.GPIO_PortClearInterruptFlags
                0x0000cd48       0x34 ./drivers/fsl_gpio.o
                0x0000cd48                GPIO_PortClearInterruptFlags
 .text.__NVIC_EnableIRQ
                0x0000cd7c       0x3c ./drivers/fsl_i2c.o
 .text.I2C_GetInstance
                0x0000cdb8       0x4c ./drivers/fsl_i2c.o
                0x0000cdb8                I2C_GetInstance
 .text.I2C_MasterTransferRunStateMachine
                0x0000ce04      0x25c ./drivers/fsl_i2c.o
 .text.I2C_TransferCommonIRQHandler
                0x0000d060       0x58 ./drivers/fsl_i2c.o
 .text.I2C_MasterDeinit
                0x0000d0b8       0x30 ./drivers/fsl_i2c.o
                0x0000d0b8                I2C_MasterDeinit
 .text.I2C_MasterSetBaudRate
                0x0000d0e8       0xe8 ./drivers/fsl_i2c.o
                0x0000d0e8                I2C_MasterSetBaudRate
 .text.I2C_MasterTransferCreateHandle
                0x0000d1d0       0x74 ./drivers/fsl_i2c.o
                0x0000d1d0                I2C_MasterTransferCreateHandle
 .text.I2C_MasterTransferNonBlocking
                0x0000d244       0x64 ./drivers/fsl_i2c.o
                0x0000d244                I2C_MasterTransferNonBlocking
 .text.I2C_MasterTransferAbort
                0x0000d2a8       0xc4 ./drivers/fsl_i2c.o
                0x0000d2a8                I2C_MasterTransferAbort
 .text.I2C_MasterTransferHandleIRQ
                0x0000d36c       0xb4 ./drivers/fsl_i2c.o
                0x0000d36c                I2C_MasterTransferHandleIRQ
 .text.I2C_SlaveTransferCreateHandle
                0x0000d420       0x74 ./drivers/fsl_i2c.o
                0x0000d420                I2C_SlaveTransferCreateHandle
 .text.I2C_SlaveTransferNonBlocking
                0x0000d494       0x70 ./drivers/fsl_i2c.o
                0x0000d494                I2C_SlaveTransferNonBlocking
 .text.I2C_SlaveTransferAbort
                0x0000d504       0x48 ./drivers/fsl_i2c.o
                0x0000d504                I2C_SlaveTransferAbort
 .text.I2C_SlaveTransferHandleIRQ
                0x0000d54c      0x30c ./drivers/fsl_i2c.o
                0x0000d54c                I2C_SlaveTransferHandleIRQ
 .text.I2C0_DriverIRQHandler
                0x0000d858       0x1c ./drivers/fsl_i2c.o
                0x0000d858                I2C0_DriverIRQHandler
 .text.I2C1_DriverIRQHandler
                0x0000d874       0x1c ./drivers/fsl_i2c.o
                0x0000d874                I2C1_DriverIRQHandler
 .text.I2Cx_GetVersion
                0x0000d890       0x2c ./drivers/fsl_i2c_cmsis.o
 .text.I2C_Master_InterruptTransmit
                0x0000d8bc       0xe0 ./drivers/fsl_i2c_cmsis.o
                0x0000d8bc                I2C_Master_InterruptTransmit
 .text.I2C_Master_InterruptReceive
                0x0000d99c       0xe0 ./drivers/fsl_i2c_cmsis.o
                0x0000d99c                I2C_Master_InterruptReceive
 .text.I2C_Slave_InterruptTransmit
                0x0000da7c       0x84 ./drivers/fsl_i2c_cmsis.o
                0x0000da7c                I2C_Slave_InterruptTransmit
 .text.I2C_Slave_InterruptReceive
                0x0000db00       0x90 ./drivers/fsl_i2c_cmsis.o
                0x0000db00                I2C_Slave_InterruptReceive
 .text.I2C_InterruptControl
                0x0000db90      0x148 ./drivers/fsl_i2c_cmsis.o
                0x0000db90                I2C_InterruptControl
 .text.I2C_InterruptPowerControl
                0x0000dcd8       0xb8 ./drivers/fsl_i2c_cmsis.o
 .text.I2C0_InterruptInitialize
                0x0000dd90       0x24 ./drivers/fsl_i2c_cmsis.o
 .text.I2C0_InterruptUninitialize
                0x0000ddb4       0x18 ./drivers/fsl_i2c_cmsis.o
 .text.I2C0_InterruptPowerControl
                0x0000ddcc       0x24 ./drivers/fsl_i2c_cmsis.o
 .text.I2C0_Master_InterruptTransmit
                0x0000ddf0       0x2c ./drivers/fsl_i2c_cmsis.o
                0x0000ddf0                I2C0_Master_InterruptTransmit
 .text.I2C0_Master_InterruptReceive
                0x0000de1c       0x2c ./drivers/fsl_i2c_cmsis.o
                0x0000de1c                I2C0_Master_InterruptReceive
 .text.I2C0_Slave_InterruptTransmit
                0x0000de48       0x24 ./drivers/fsl_i2c_cmsis.o
                0x0000de48                I2C0_Slave_InterruptTransmit
 .text.I2C0_Slave_InterruptReceive
                0x0000de6c       0x24 ./drivers/fsl_i2c_cmsis.o
                0x0000de6c                I2C0_Slave_InterruptReceive
 .text.I2C0_InterruptGetDataCount
                0x0000de90       0x14 ./drivers/fsl_i2c_cmsis.o
                0x0000de90                I2C0_InterruptGetDataCount
 .text.I2C0_InterruptControl
                0x0000dea4       0x24 ./drivers/fsl_i2c_cmsis.o
                0x0000dea4                I2C0_InterruptControl
 .text.I2C0_InterruptGetStatus
                0x0000dec8       0x14 ./drivers/fsl_i2c_cmsis.o
                0x0000dec8                I2C0_InterruptGetStatus
 .text.I2C1_InterruptInitialize
                0x0000dedc       0x24 ./drivers/fsl_i2c_cmsis.o
 .text.I2C1_InterruptUninitialize
                0x0000df00       0x18 ./drivers/fsl_i2c_cmsis.o
 .text.I2C1_InterruptPowerControl
                0x0000df18       0x24 ./drivers/fsl_i2c_cmsis.o
 .text.I2C1_Master_InterruptTransmit
                0x0000df3c       0x2c ./drivers/fsl_i2c_cmsis.o
                0x0000df3c                I2C1_Master_InterruptTransmit
 .text.I2C1_Master_InterruptReceive
                0x0000df68       0x2c ./drivers/fsl_i2c_cmsis.o
                0x0000df68                I2C1_Master_InterruptReceive
 .text.I2C1_Slave_InterruptTransmit
                0x0000df94       0x24 ./drivers/fsl_i2c_cmsis.o
                0x0000df94                I2C1_Slave_InterruptTransmit
 .text.I2C1_Slave_InterruptReceive
                0x0000dfb8       0x24 ./drivers/fsl_i2c_cmsis.o
                0x0000dfb8                I2C1_Slave_InterruptReceive
 .text.I2C1_InterruptGetDataCount
                0x0000dfdc       0x14 ./drivers/fsl_i2c_cmsis.o
                0x0000dfdc                I2C1_InterruptGetDataCount
 .text.I2C1_InterruptControl
                0x0000dff0       0x24 ./drivers/fsl_i2c_cmsis.o
                0x0000dff0                I2C1_InterruptControl
 .text.I2C1_InterruptGetStatus
                0x0000e014       0x14 ./drivers/fsl_i2c_cmsis.o
                0x0000e014                I2C1_InterruptGetStatus
 .text.__NVIC_EnableIRQ
                0x0000e028       0x3c ./drivers/fsl_lpuart.o
 .text.LPUART_GetInstance
                0x0000e064       0x44 ./drivers/fsl_lpuart.o
                0x0000e064                LPUART_GetInstance
 .text.LPUART_TransferGetRxRingBufferLength
                0x0000e0a8       0x54 ./drivers/fsl_lpuart.o
                0x0000e0a8                LPUART_TransferGetRxRingBufferLength
 .text.LPUART_TransferIsRxRingBufferFull
                0x0000e0fc       0x44 ./drivers/fsl_lpuart.o
 .text.LPUART_WriteNonBlocking
                0x0000e140       0x48 ./drivers/fsl_lpuart.o
 .text.LPUART_ReadNonBlocking
                0x0000e188       0x48 ./drivers/fsl_lpuart.o
 .text.LPUART_Init
                0x0000e1d0      0x29c ./drivers/fsl_lpuart.o
                0x0000e1d0                LPUART_Init
 .text.LPUART_Deinit
                0x0000e46c       0x5c ./drivers/fsl_lpuart.o
                0x0000e46c                LPUART_Deinit
 .text.LPUART_GetDefaultConfig
                0x0000e4c8       0x7c ./drivers/fsl_lpuart.o
                0x0000e4c8                LPUART_GetDefaultConfig
 .text.LPUART_GetEnabledInterrupts
                0x0000e544       0x34 ./drivers/fsl_lpuart.o
                0x0000e544                LPUART_GetEnabledInterrupts
 .text.LPUART_ClearStatusFlags
                0x0000e578       0x80 ./drivers/fsl_lpuart.o
                0x0000e578                LPUART_ClearStatusFlags
 .text.LPUART_TransferCreateHandle
                0x0000e5f8       0x78 ./drivers/fsl_lpuart.o
                0x0000e5f8                LPUART_TransferCreateHandle
 .text.LPUART_TransferStartRingBuffer
                0x0000e670       0x58 ./drivers/fsl_lpuart.o
                0x0000e670                LPUART_TransferStartRingBuffer
 .text.LPUART_TransferSendNonBlocking
                0x0000e6c8       0x9c ./drivers/fsl_lpuart.o
                0x0000e6c8                LPUART_TransferSendNonBlocking
 .text.LPUART_TransferReceiveNonBlocking
                0x0000e764      0x198 ./drivers/fsl_lpuart.o
                0x0000e764                LPUART_TransferReceiveNonBlocking
 .text.LPUART_TransferAbortReceive
                0x0000e8fc       0x44 ./drivers/fsl_lpuart.o
                0x0000e8fc                LPUART_TransferAbortReceive
 .text.LPUART_TransferHandleIRQ
                0x0000e940      0x2d0 ./drivers/fsl_lpuart.o
                0x0000e940                LPUART_TransferHandleIRQ
 .text.LPUART0_DriverIRQHandler
                0x0000ec10       0x28 ./drivers/fsl_lpuart.o
                0x0000ec10                LPUART0_DriverIRQHandler
 .text.PIT_GetInstance
                0x0000ec38       0x44 ./drivers/fsl_pit.o
 .text.PIT_Init
                0x0000ec7c       0x94 ./drivers/fsl_pit.o
                0x0000ec7c                PIT_Init
 .text.SMC_SetPowerModeWait
                0x0000ed10       0x34 ./drivers/fsl_smc.o
                0x0000ed10                SMC_SetPowerModeWait
 .text.UART0_DriverIRQHandler
                0x0000ed44       0x28 ./drivers/fsl_uart.o
                0x0000ed44                UART0_DriverIRQHandler
 .text.UART1_DriverIRQHandler
                0x0000ed6c       0x28 ./drivers/fsl_uart.o
                0x0000ed6c                UART1_DriverIRQHandler
 .text.UART2_DriverIRQHandler
                0x0000ed94       0x28 ./drivers/fsl_uart.o
                0x0000ed94                UART2_DriverIRQHandler
 .text.SystemInit
                0x0000edbc       0x3c ./device/system_MKV31F51212.o
                0x0000edbc                SystemInit
 .text.CLOCK_SetTraceClock
                0x0000edf8       0x38 ./board/clock_config.o
 .text.CLOCK_SetClkOutClock
                0x0000ee30       0x34 ./board/clock_config.o
 .text.CLOCK_SetSimSafeDivs
                0x0000ee64       0x24 ./board/clock_config.o
 .text.CLOCK_SetXtal0Freq
                0x0000ee88       0x20 ./board/clock_config.o
 .text.CLOCK_CONFIG_SetFllExtRefDiv
                0x0000eea8       0x3c ./board/clock_config.o
 .text.BOARD_BootClockHSRUN
                0x0000eee4       0x8c ./board/clock_config.o
                0x0000eee4                BOARD_BootClockHSRUN
 .text.PORT_SetPinConfig
                0x0000ef70       0x38 ./board/pin_mux.o
 .text.BOARD_InitPins
                0x0000efa8       0x64 ./board/pin_mux.o
                0x0000efa8                BOARD_InitPins
 .text.BOARD_InitDEBUG_UARTPins
                0x0000f00c       0x68 ./board/pin_mux.o
                0x0000f00c                BOARD_InitDEBUG_UARTPins
 .text.I2C0_InitPins
                0x0000f074       0x6c ./board/pin_mux.o
                0x0000f074                I2C0_InitPins
 .text.I2C1_InitPins
                0x0000f0e0       0x54 ./board/pin_mux.o
                0x0000f0e0                I2C1_InitPins
 .text.BOARD_InitBluetooth
                0x0000f134       0xd0 ./board/pin_mux.o
                0x0000f134                BOARD_InitBluetooth
 .text.BOARD_InitMotorDriverShield
                0x0000f204       0xc8 ./board/pin_mux.o
                0x0000f204                BOARD_InitMotorDriverShield
 .text.BOARD_InitSPI0
                0x0000f2cc       0x4c ./board/pin_mux.o
                0x0000f2cc                BOARD_InitSPI0
 .text.pvPortMalloc
                0x0000f318      0x188 ./amazon-freertos/freertos_kernel/portable/MemMang/heap_4.o
                0x0000f318                pvPortMalloc
 .text.vPortFree
                0x0000f4a0       0xb4 ./amazon-freertos/freertos_kernel/portable/MemMang/heap_4.o
                0x0000f4a0                vPortFree
 .text.prvHeapInit
                0x0000f554       0xc4 ./amazon-freertos/freertos_kernel/portable/MemMang/heap_4.o
 .text.prvInsertBlockIntoFreeList
                0x0000f618       0xb4 ./amazon-freertos/freertos_kernel/portable/MemMang/heap_4.o
 .text.pxPortInitialiseStack
                0x0000f6cc       0x68 ./amazon-freertos/freertos_kernel/portable/GCC/ARM_CM4F/port.o
                0x0000f6cc                pxPortInitialiseStack
 .text.prvTaskExitError
                0x0000f734       0x58 ./amazon-freertos/freertos_kernel/portable/GCC/ARM_CM4F/port.o
 .text.prvPortStartFirstTask
                0x0000f78c       0x28 ./amazon-freertos/freertos_kernel/portable/GCC/ARM_CM4F/port.o
 .text.xPortStartScheduler
                0x0000f7b4      0x144 ./amazon-freertos/freertos_kernel/portable/GCC/ARM_CM4F/port.o
                0x0000f7b4                xPortStartScheduler
 .text.vPortEnterCritical
                0x0000f8f8       0x60 ./amazon-freertos/freertos_kernel/portable/GCC/ARM_CM4F/port.o
                0x0000f8f8                vPortEnterCritical
 .text.vPortExitCritical
                0x0000f958       0x54 ./amazon-freertos/freertos_kernel/portable/GCC/ARM_CM4F/port.o
                0x0000f958                vPortExitCritical
 .text.SysTick_Handler
                0x0000f9ac       0x44 ./amazon-freertos/freertos_kernel/portable/GCC/ARM_CM4F/port.o
                0x0000f9ac                SysTick_Handler
 .text.vPortSetupTimerInterrupt
                0x0000f9f0       0x48 ./amazon-freertos/freertos_kernel/portable/GCC/ARM_CM4F/port.o
                0x0000f9f0                vPortSetupTimerInterrupt
 .text.vPortEnableVFP
                0x0000fa38       0x14 ./amazon-freertos/freertos_kernel/portable/GCC/ARM_CM4F/port.o
 .text.vPortValidateInterruptPriority
                0x0000fa4c       0x80 ./amazon-freertos/freertos_kernel/portable/GCC/ARM_CM4F/port.o
                0x0000fa4c                vPortValidateInterruptPriority
 .text.xEventGroupWaitBits
                0x0000facc      0x19c ./amazon-freertos/freertos_kernel/event_groups.o
                0x0000facc                xEventGroupWaitBits
 .text.xEventGroupSetBitsFromISR
                0x0000fc68       0x28 ./amazon-freertos/freertos_kernel/event_groups.o
                0x0000fc68                xEventGroupSetBitsFromISR
 .text.xQueueGenericReset
                0x0000fc90       0xd0 ./amazon-freertos/freertos_kernel/queue.o
                0x0000fc90                xQueueGenericReset
 .text.xQueueGenericSend
                0x0000fd60      0x1fc ./amazon-freertos/freertos_kernel/queue.o
                0x0000fd60                xQueueGenericSend
 .text.xQueueReceive
                0x0000ff5c      0x1c0 ./amazon-freertos/freertos_kernel/queue.o
                0x0000ff5c                xQueueReceive
 .text.xQueueSemaphoreTake
                0x0001011c      0x21c ./amazon-freertos/freertos_kernel/queue.o
                0x0001011c                xQueueSemaphoreTake
 .text.vQueueAddToRegistry
                0x00010338       0x54 ./amazon-freertos/freertos_kernel/queue.o
                0x00010338                vQueueAddToRegistry
 .text.vQueueUnregisterQueue
                0x0001038c       0x54 ./amazon-freertos/freertos_kernel/queue.o
                0x0001038c                vQueueUnregisterQueue
 .text.prvAddNewTaskToReadyList
                0x000103e0       0xdc ./amazon-freertos/freertos_kernel/tasks.o
 .text.vTaskDelayUntil
                0x000104bc       0xfc ./amazon-freertos/freertos_kernel/tasks.o
                0x000104bc                vTaskDelayUntil
 .text.vTaskStartScheduler
                0x000105b8       0x9c ./amazon-freertos/freertos_kernel/tasks.o
                0x000105b8                vTaskStartScheduler
 .text.vTaskSuspendAll
                0x00010654       0x1c ./amazon-freertos/freertos_kernel/tasks.o
                0x00010654                vTaskSuspendAll
 .text.xTaskResumeAll
                0x00010670      0x138 ./amazon-freertos/freertos_kernel/tasks.o
                0x00010670                xTaskResumeAll
 .text.xTaskGetTickCount
                0x000107a8       0x20 ./amazon-freertos/freertos_kernel/tasks.o
                0x000107a8                xTaskGetTickCount
 .text.xTaskIncrementTick
                0x000107c8      0x150 ./amazon-freertos/freertos_kernel/tasks.o
                0x000107c8                xTaskIncrementTick
 .text.vTaskSwitchContext
                0x00010918       0xb8 ./amazon-freertos/freertos_kernel/tasks.o
                0x00010918                vTaskSwitchContext
 .text.vTaskPlaceOnEventList
                0x000109d0       0x48 ./amazon-freertos/freertos_kernel/tasks.o
                0x000109d0                vTaskPlaceOnEventList
 .text.vTaskPlaceOnUnorderedEventList
                0x00010a18       0x78 ./amazon-freertos/freertos_kernel/tasks.o
                0x00010a18                vTaskPlaceOnUnorderedEventList
 .text.vTaskPlaceOnEventListRestricted
                0x00010a90       0x58 ./amazon-freertos/freertos_kernel/tasks.o
                0x00010a90                vTaskPlaceOnEventListRestricted
 .text.xTaskRemoveFromEventList
                0x00010ae8       0xc4 ./amazon-freertos/freertos_kernel/tasks.o
                0x00010ae8                xTaskRemoveFromEventList
 .text.vTaskRemoveFromUnorderedEventList
                0x00010bac       0xc4 ./amazon-freertos/freertos_kernel/tasks.o
                0x00010bac                vTaskRemoveFromUnorderedEventList
 .text.vTaskInternalSetTimeOutState
                0x00010c70       0x2c ./amazon-freertos/freertos_kernel/tasks.o
                0x00010c70                vTaskInternalSetTimeOutState
 .text.xTaskCheckForTimeOut
                0x00010c9c       0xc4 ./amazon-freertos/freertos_kernel/tasks.o
                0x00010c9c                xTaskCheckForTimeOut
 .text.vTaskMissedYield
                0x00010d60       0x18 ./amazon-freertos/freertos_kernel/tasks.o
                0x00010d60                vTaskMissedYield
 .text.prvIdleTask
                0x00010d78       0x30 ./amazon-freertos/freertos_kernel/tasks.o
 .text.prvInitialiseTaskLists
                0x00010da8       0x80 ./amazon-freertos/freertos_kernel/tasks.o
 .text.prvCheckTasksWaitingTermination
                0x00010e28       0x5c ./amazon-freertos/freertos_kernel/tasks.o
 .text.prvResetNextTaskUnblockTime
                0x00010e84       0x40 ./amazon-freertos/freertos_kernel/tasks.o
 .text.xTaskGetSchedulerState
                0x00010ec4       0x3c ./amazon-freertos/freertos_kernel/tasks.o
                0x00010ec4                xTaskGetSchedulerState
 .text.xTaskPriorityInherit
                0x00010f00      0x100 ./amazon-freertos/freertos_kernel/tasks.o
                0x00010f00                xTaskPriorityInherit
 .text.xTaskPriorityDisinherit
                0x00011000      0x10c ./amazon-freertos/freertos_kernel/tasks.o
                0x00011000                xTaskPriorityDisinherit
 .text.vTaskPriorityDisinheritAfterTimeout
                0x0001110c      0x134 ./amazon-freertos/freertos_kernel/tasks.o
                0x0001110c                vTaskPriorityDisinheritAfterTimeout
 .text.uxTaskResetEventItemValue
                0x00011240       0x30 ./amazon-freertos/freertos_kernel/tasks.o
                0x00011240                uxTaskResetEventItemValue
 .text.pvTaskIncrementMutexHeldCount
                0x00011270       0x28 ./amazon-freertos/freertos_kernel/tasks.o
                0x00011270                pvTaskIncrementMutexHeldCount
 .text.prvAddCurrentTaskToDelayedList
                0x00011298       0xcc ./amazon-freertos/freertos_kernel/tasks.o
 .text.xTimerCreateTimerTask
                0x00011364       0x64 ./amazon-freertos/freertos_kernel/timers.o
                0x00011364                xTimerCreateTimerTask
 .text.xTimerGenericCommand
                0x000113c8       0x9c ./amazon-freertos/freertos_kernel/timers.o
                0x000113c8                xTimerGenericCommand
 .text.prvProcessExpiredTimer
                0x00011464       0x98 ./amazon-freertos/freertos_kernel/timers.o
 .text.prvProcessTimerOrBlockTask
                0x000114fc       0x9c ./amazon-freertos/freertos_kernel/timers.o
 .text.prvGetNextExpireTime
                0x00011598       0x48 ./amazon-freertos/freertos_kernel/timers.o
 .text.prvSampleTimeNow
                0x000115e0       0x40 ./amazon-freertos/freertos_kernel/timers.o
 .text.prvInsertTimerInActiveList
                0x00011620       0x84 ./amazon-freertos/freertos_kernel/timers.o
 .text.prvProcessReceivedCommands
                0x000116a4      0x1c4 ./amazon-freertos/freertos_kernel/timers.o
 .text.prvSwitchTimerLists
                0x00011868       0xc8 ./amazon-freertos/freertos_kernel/timers.o
 .text.prvCheckForValidListAndQueue
                0x00011930       0x6c ./amazon-freertos/freertos_kernel/timers.o
 .text.xTimerPendFunctionCallFromISR
                0x0001199c       0x40 ./amazon-freertos/freertos_kernel/timers.o
                0x0001199c                xTimerPendFunctionCallFromISR
 .text.malloc   0x000119dc       0xc8 c:/tools/mcuxpressoide_11.4.1_6260/ide/plugins/com.nxp.mcuxpresso.tools.win32_11.4.0.202103011116/tools/bin/../lib/gcc/arm-none-eabi/10.2.1/../../../../arm-none-eabi/lib/thumb/v7e-m+fp/hard\libcr_c.a(alloc.o)
                0x000119dc                malloc
 .text._Csys_alloc
                0x00011aa4       0x20 c:/tools/mcuxpressoide_11.4.1_6260/ide/plugins/com.nxp.mcuxpresso.tools.win32_11.4.0.202103011116/tools/bin/../lib/gcc/arm-none-eabi/10.2.1/../../../../arm-none-eabi/lib/thumb/v7e-m+fp/hard\libcr_c.a(alloc.o)
                0x00011aa4                _Csys_alloc
 .text.fmod     0x00011ac4      0x13c c:/tools/mcuxpressoide_11.4.1_6260/ide/plugins/com.nxp.mcuxpresso.tools.win32_11.4.0.202103011116/tools/bin/../lib/gcc/arm-none-eabi/10.2.1/../../../../arm-none-eabi/lib/thumb/v7e-m+fp/hard\libcr_c.a(fmod.o)
                0x00011ac4                fmod
 .text._initio  0x00011c00       0x78 c:/tools/mcuxpressoide_11.4.1_6260/ide/plugins/com.nxp.mcuxpresso.tools.win32_11.4.0.202103011116/tools/bin/../lib/gcc/arm-none-eabi/10.2.1/../../../../arm-none-eabi/lib/thumb/v7e-m+fp/hard\libcr_c.a(initio.o)
                0x00011c00                _initio
 .text.modf     0x00011c78       0x8c c:/tools/mcuxpressoide_11.4.1_6260/ide/plugins/com.nxp.mcuxpresso.tools.win32_11.4.0.202103011116/tools/bin/../lib/gcc/arm-none-eabi/10.2.1/../../../../arm-none-eabi/lib/thumb/v7e-m+fp/hard\libcr_c.a(modf.o)
                0x00011c78                modf
 .text.__vfprintf
                0x00011d04      0xbf4 c:/tools/mcuxpressoide_11.4.1_6260/ide/plugins/com.nxp.mcuxpresso.tools.win32_11.4.0.202103011116/tools/bin/../lib/gcc/arm-none-eabi/10.2.1/../../../../arm-none-eabi/lib/thumb/v7e-m+fp/hard\libcr_c.a(printf.o)
                0x00011d04                __vfprintf
 .text._vsnprintf
                0x000128f8       0x68 c:/tools/mcuxpressoide_11.4.1_6260/ide/plugins/com.nxp.mcuxpresso.tools.win32_11.4.0.202103011116/tools/bin/../lib/gcc/arm-none-eabi/10.2.1/../../../../arm-none-eabi/lib/thumb/v7e-m+fp/hard\libcr_c.a(printf.o)
                0x000128f8                _vsnprintf
 .text._printf  0x00012960       0x54 c:/tools/mcuxpressoide_11.4.1_6260/ide/plugins/com.nxp.mcuxpresso.tools.win32_11.4.0.202103011116/tools/bin/../lib/gcc/arm-none-eabi/10.2.1/../../../../arm-none-eabi/lib/thumb/v7e-m+fp/hard\libcr_c.a(printf.o)
                0x00012960                _printf
 .text._asinacosf
                0x000129b4      0x158 c:/tools/mcuxpressoide_11.4.1_6260/ide/plugins/com.nxp.mcuxpresso.tools.win32_11.4.0.202103011116/tools/bin/../lib/gcc/arm-none-eabi/10.2.1/../../../../arm-none-eabi/lib/thumb/v7e-m+fp/hard\libcr_c.a(_asinacosf.o)
                0x000129b4                _asinacosf
 .text.frexpf   0x00012b0c       0x54 c:/tools/mcuxpressoide_11.4.1_6260/ide/plugins/com.nxp.mcuxpresso.tools.win32_11.4.0.202103011116/tools/bin/../lib/gcc/arm-none-eabi/10.2.1/../../../../arm-none-eabi/lib/thumb/v7e-m+fp/hard\libcr_c.a(frexpf.o)
                0x00012b0c                frexpf
 .text.ldexpf   0x00012b60       0x40 c:/tools/mcuxpressoide_11.4.1_6260/ide/plugins/com.nxp.mcuxpresso.tools.win32_11.4.0.202103011116/tools/bin/../lib/gcc/arm-none-eabi/10.2.1/../../../../arm-none-eabi/lib/thumb/v7e-m+fp/hard\libcr_c.a(ldexpf.o)
                0x00012b60                ldexpf
 .text._sbrk    0x00012ba0       0x3c c:/tools/mcuxpressoide_11.4.1_6260/ide/plugins/com.nxp.mcuxpresso.tools.win32_11.4.0.202103011116/tools/bin/../lib/gcc/arm-none-eabi/10.2.1/../../../../arm-none-eabi/lib/thumb/v7e-m+fp/hard\libcr_c.a(_cr_sbrk.o)
                0x00012ba0                _sbrk
 .text._Cwritebuf
                0x00012bdc       0x6c c:/tools/mcuxpressoide_11.4.1_6260/ide/plugins/com.nxp.mcuxpresso.tools.win32_11.4.0.202103011116/tools/bin/../lib/gcc/arm-none-eabi/10.2.1/../../../../arm-none-eabi/lib/thumb/v7e-m+fp/hard\libcr_c.a(_writebuf.o)
                0x00012bdc                _Cwritebuf
 .text.fflush   0x00012c48       0x3c c:/tools/mcuxpressoide_11.4.1_6260/ide/plugins/com.nxp.mcuxpresso.tools.win32_11.4.0.202103011116/tools/bin/../lib/gcc/arm-none-eabi/10.2.1/../../../../arm-none-eabi/lib/thumb/v7e-m+fp/hard\libcr_c.a(fflush.o)
                0x00012c48                fflush
 .text.fseek    0x00012c84      0x100 c:/tools/mcuxpressoide_11.4.1_6260/ide/plugins/com.nxp.mcuxpresso.tools.win32_11.4.0.202103011116/tools/bin/../lib/gcc/arm-none-eabi/10.2.1/../../../../arm-none-eabi/lib/thumb/v7e-m+fp/hard\libcr_c.a(fseek.o)
                0x00012c84                fseek
 .text.ftell    0x00012d84       0x44 c:/tools/mcuxpressoide_11.4.1_6260/ide/plugins/com.nxp.mcuxpresso.tools.win32_11.4.0.202103011116/tools/bin/../lib/gcc/arm-none-eabi/10.2.1/../../../../arm-none-eabi/lib/thumb/v7e-m+fp/hard\libcr_c.a(ftell.o)
                0x00012d84                ftell
 .text.__check_heap_overflow
                0x00012dc8       0x18 c:/tools/mcuxpressoide_11.4.1_6260/ide/plugins/com.nxp.mcuxpresso.tools.win32_11.4.0.202103011116/tools/bin/../lib/gcc/arm-none-eabi/10.2.1/../../../../arm-none-eabi/lib/thumb/v7e-m+fp/hard\libcr_c.a(_cr_check_heap.o)
                0x00012dc8                __check_heap_overflow
 .text.__aeabi_dmul
                0x00012de0       0xfc c:/tools/mcuxpressoide_11.4.1_6260/ide/plugins/com.nxp.mcuxpresso.tools.win32_11.4.0.202103011116/tools/bin/../lib/gcc/arm-none-eabi/10.2.1/thumb/v7e-m+fp/hard\libcr_eabihelpers.a(double.o)
                0x00012de0                __aeabi_dmul
 .text.__aeabi_ddiv
                0x00012edc      0x138 c:/tools/mcuxpressoide_11.4.1_6260/ide/plugins/com.nxp.mcuxpresso.tools.win32_11.4.0.202103011116/tools/bin/../lib/gcc/arm-none-eabi/10.2.1/thumb/v7e-m+fp/hard\libcr_eabihelpers.a(double.o)
                0x00012edc                __aeabi_ddiv
 .text.__aeabi_dsub
                0x00013014      0x1ac c:/tools/mcuxpressoide_11.4.1_6260/ide/plugins/com.nxp.mcuxpresso.tools.win32_11.4.0.202103011116/tools/bin/../lib/gcc/arm-none-eabi/10.2.1/thumb/v7e-m+fp/hard\libcr_eabihelpers.a(double.o)
                0x00013014                __aeabi_dsub
 .text.__aeabi_dadd
                0x000131c0      0x114 c:/tools/mcuxpressoide_11.4.1_6260/ide/plugins/com.nxp.mcuxpresso.tools.win32_11.4.0.202103011116/tools/bin/../lib/gcc/arm-none-eabi/10.2.1/thumb/v7e-m+fp/hard\libcr_eabihelpers.a(double.o)
                0x000131c0                __aeabi_dadd
 .text.__aeabi_d2f
                0x000132d4       0x58 c:/tools/mcuxpressoide_11.4.1_6260/ide/plugins/com.nxp.mcuxpresso.tools.win32_11.4.0.202103011116/tools/bin/../lib/gcc/arm-none-eabi/10.2.1/thumb/v7e-m+fp/hard\libcr_eabihelpers.a(double.o)
                0x000132d4                __aeabi_d2f
 .text.__aeabi_f2d
                0x0001332c       0x38 c:/tools/mcuxpressoide_11.4.1_6260/ide/plugins/com.nxp.mcuxpresso.tools.win32_11.4.0.202103011116/tools/bin/../lib/gcc/arm-none-eabi/10.2.1/thumb/v7e-m+fp/hard\libcr_eabihelpers.a(float.o)
                0x0001332c                __aeabi_f2d
 .text.__sys_appexit
                0x00013364        0xc c:/tools/mcuxpressoide_11.4.1_6260/ide/plugins/com.nxp.mcuxpresso.tools.win32_11.4.0.202103011116/tools/bin/../lib/gcc/arm-none-eabi/10.2.1/../../../../arm-none-eabi/lib/thumb/v7e-m+fp/hard\libcr_semihost_nf.a(__sys_appexit.o)
                0x00013364                __sys_appexit
                0x00013364                __exit
 .text.DMA0_IRQHandler
                0x00013370        0x8 ./startup/startup_mkv31f51212.o
                0x00013370                DMA0_IRQHandler
 .text.DMA1_IRQHandler
                0x00013378        0x8 ./startup/startup_mkv31f51212.o
                0x00013378                DMA1_IRQHandler
 .text.DMA2_IRQHandler
                0x00013380        0x8 ./startup/startup_mkv31f51212.o
                0x00013380                DMA2_IRQHandler
 .text.DMA3_IRQHandler
                0x00013388        0x8 ./startup/startup_mkv31f51212.o
                0x00013388                DMA3_IRQHandler
 .text.DMA4_IRQHandler
                0x00013390        0x8 ./startup/startup_mkv31f51212.o
                0x00013390                DMA4_IRQHandler
 .text.DMA5_IRQHandler
                0x00013398        0x8 ./startup/startup_mkv31f51212.o
                0x00013398                DMA5_IRQHandler
 .text.DMA6_IRQHandler
                0x000133a0        0x8 ./startup/startup_mkv31f51212.o
                0x000133a0                DMA6_IRQHandler
 .text.DMA7_IRQHandler
                0x000133a8        0x8 ./startup/startup_mkv31f51212.o
                0x000133a8                DMA7_IRQHandler
 .text.DMA8_IRQHandler
                0x000133b0        0x8 ./startup/startup_mkv31f51212.o
                0x000133b0                DMA8_IRQHandler
 .text.DMA9_IRQHandler
                0x000133b8        0x8 ./startup/startup_mkv31f51212.o
                0x000133b8                DMA9_IRQHandler
 .text.DMA10_IRQHandler
                0x000133c0        0x8 ./startup/startup_mkv31f51212.o
                0x000133c0                DMA10_IRQHandler
 .text.DMA11_IRQHandler
                0x000133c8        0x8 ./startup/startup_mkv31f51212.o
                0x000133c8                DMA11_IRQHandler
 .text.DMA12_IRQHandler
                0x000133d0        0x8 ./startup/startup_mkv31f51212.o
                0x000133d0                DMA12_IRQHandler
 .text.DMA13_IRQHandler
                0x000133d8        0x8 ./startup/startup_mkv31f51212.o
                0x000133d8                DMA13_IRQHandler
 .text.DMA14_IRQHandler
                0x000133e0        0x8 ./startup/startup_mkv31f51212.o
                0x000133e0                DMA14_IRQHandler
 .text.DMA15_IRQHandler
                0x000133e8        0x8 ./startup/startup_mkv31f51212.o
                0x000133e8                DMA15_IRQHandler
 .text.DMA_Error_IRQHandler
                0x000133f0        0x8 ./startup/startup_mkv31f51212.o
                0x000133f0                DMA_Error_IRQHandler
 .text.MCM_IRQHandler
                0x000133f8        0x8 ./startup/startup_mkv31f51212.o
                0x000133f8                MCM_IRQHandler
 .text.FTF_IRQHandler
                0x00013400        0x8 ./startup/startup_mkv31f51212.o
                0x00013400                FTF_IRQHandler
 .text.Read_Collision_IRQHandler
                0x00013408        0x8 ./startup/startup_mkv31f51212.o
                0x00013408                Read_Collision_IRQHandler
 .text.LVD_LVW_IRQHandler
                0x00013410        0x8 ./startup/startup_mkv31f51212.o
                0x00013410                LVD_LVW_IRQHandler
 .text.LLWU_IRQHandler
                0x00013418        0x8 ./startup/startup_mkv31f51212.o
                0x00013418                LLWU_IRQHandler
 .text.WDOG_EWM_IRQHandler
                0x00013420        0x8 ./startup/startup_mkv31f51212.o
                0x00013420                WDOG_EWM_IRQHandler
 .text.RNG_IRQHandler
                0x00013428        0x8 ./startup/startup_mkv31f51212.o
                0x00013428                RNG_IRQHandler
 .text.I2C0_IRQHandler
                0x00013430        0x8 ./startup/startup_mkv31f51212.o
                0x00013430                I2C0_IRQHandler
 .text.I2C1_IRQHandler
                0x00013438        0x8 ./startup/startup_mkv31f51212.o
                0x00013438                I2C1_IRQHandler
 .text.SPI0_IRQHandler
                0x00013440        0x8 ./startup/startup_mkv31f51212.o
                0x00013440                SPI0_IRQHandler
 .text.SPI1_IRQHandler
                0x00013448        0x8 ./startup/startup_mkv31f51212.o
                0x00013448                SPI1_IRQHandler
 .text.Reserved44_IRQHandler
                0x00013450        0x8 ./startup/startup_mkv31f51212.o
                0x00013450                Reserved44_IRQHandler
 .text.Reserved45_IRQHandler
                0x00013458        0x8 ./startup/startup_mkv31f51212.o
                0x00013458                Reserved45_IRQHandler
 .text.LPUART0_IRQHandler
                0x00013460        0x8 ./startup/startup_mkv31f51212.o
                0x00013460                LPUART0_IRQHandler
 .text.UART0_RX_TX_IRQHandler
                0x00013468        0x8 ./startup/startup_mkv31f51212.o
                0x00013468                UART0_RX_TX_IRQHandler
 .text.UART0_ERR_IRQHandler
                0x00013470        0x8 ./startup/startup_mkv31f51212.o
                0x00013470                UART0_ERR_IRQHandler
 .text.UART1_RX_TX_IRQHandler
                0x00013478        0x8 ./startup/startup_mkv31f51212.o
                0x00013478                UART1_RX_TX_IRQHandler
 .text.UART1_ERR_IRQHandler
                0x00013480        0x8 ./startup/startup_mkv31f51212.o
                0x00013480                UART1_ERR_IRQHandler
 .text.UART2_RX_TX_IRQHandler
                0x00013488        0x8 ./startup/startup_mkv31f51212.o
                0x00013488                UART2_RX_TX_IRQHandler
 .text.UART2_ERR_IRQHandler
                0x00013490        0x8 ./startup/startup_mkv31f51212.o
                0x00013490                UART2_ERR_IRQHandler
 .text.Reserved53_IRQHandler
                0x00013498        0x8 ./startup/startup_mkv31f51212.o
                0x00013498                Reserved53_IRQHandler
 .text.Reserved54_IRQHandler
                0x000134a0        0x8 ./startup/startup_mkv31f51212.o
                0x000134a0                Reserved54_IRQHandler
 .text.ADC0_IRQHandler
                0x000134a8        0x8 ./startup/startup_mkv31f51212.o
                0x000134a8                ADC0_IRQHandler
 .text.CMP0_IRQHandler
                0x000134b0        0x8 ./startup/startup_mkv31f51212.o
                0x000134b0                CMP0_IRQHandler
 .text.CMP1_IRQHandler
                0x000134b8        0x8 ./startup/startup_mkv31f51212.o
                0x000134b8                CMP1_IRQHandler
 .text.FTM0_IRQHandler
                0x000134c0        0x8 ./startup/startup_mkv31f51212.o
                0x000134c0                FTM0_IRQHandler
 .text.FTM1_IRQHandler
                0x000134c8        0x8 ./startup/startup_mkv31f51212.o
                0x000134c8                FTM1_IRQHandler
 .text.FTM2_IRQHandler
                0x000134d0        0x8 ./startup/startup_mkv31f51212.o
                0x000134d0                FTM2_IRQHandler
 .text.Reserved61_IRQHandler
                0x000134d8        0x8 ./startup/startup_mkv31f51212.o
                0x000134d8                Reserved61_IRQHandler
 .text.Reserved62_IRQHandler
                0x000134e0        0x8 ./startup/startup_mkv31f51212.o
                0x000134e0                Reserved62_IRQHandler
 .text.Reserved63_IRQHandler
                0x000134e8        0x8 ./startup/startup_mkv31f51212.o
                0x000134e8                Reserved63_IRQHandler
 .text.PIT1_IRQHandler
                0x000134f0        0x8 ./startup/startup_mkv31f51212.o
                0x000134f0                PIT1_IRQHandler
 .text.PIT2_IRQHandler
                0x000134f8        0x8 ./startup/startup_mkv31f51212.o
                0x000134f8                PIT2_IRQHandler
 .text.PIT3_IRQHandler
                0x00013500        0x8 ./startup/startup_mkv31f51212.o
                0x00013500                PIT3_IRQHandler
 .text.PDB0_IRQHandler
                0x00013508        0x8 ./startup/startup_mkv31f51212.o
                0x00013508                PDB0_IRQHandler
 .text.Reserved69_IRQHandler
                0x00013510        0x8 ./startup/startup_mkv31f51212.o
                0x00013510                Reserved69_IRQHandler
 .text.Reserved70_IRQHandler
                0x00013518        0x8 ./startup/startup_mkv31f51212.o
                0x00013518                Reserved70_IRQHandler
 .text.Reserved71_IRQHandler
                0x00013520        0x8 ./startup/startup_mkv31f51212.o
                0x00013520                Reserved71_IRQHandler
 .text.DAC0_IRQHandler
                0x00013528        0x8 ./startup/startup_mkv31f51212.o
                0x00013528                DAC0_IRQHandler
 .text.MCG_IRQHandler
                0x00013530        0x8 ./startup/startup_mkv31f51212.o
                0x00013530                MCG_IRQHandler
 .text.LPTMR0_IRQHandler
                0x00013538        0x8 ./startup/startup_mkv31f51212.o
                0x00013538                LPTMR0_IRQHandler
 .text.SWI_IRQHandler
                0x00013540        0x8 ./startup/startup_mkv31f51212.o
                0x00013540                SWI_IRQHandler
 .text.Reserved81_IRQHandler
                0x00013548        0x8 ./startup/startup_mkv31f51212.o
                0x00013548                Reserved81_IRQHandler
 .text.Reserved82_IRQHandler
                0x00013550        0x8 ./startup/startup_mkv31f51212.o
                0x00013550                Reserved82_IRQHandler
 .text.Reserved83_IRQHandler
                0x00013558        0x8 ./startup/startup_mkv31f51212.o
                0x00013558                Reserved83_IRQHandler
 .text.Reserved84_IRQHandler
                0x00013560        0x8 ./startup/startup_mkv31f51212.o
                0x00013560                Reserved84_IRQHandler
 .text.Reserved85_IRQHandler
                0x00013568        0x8 ./startup/startup_mkv31f51212.o
                0x00013568                Reserved85_IRQHandler
 .text.Reserved86_IRQHandler
                0x00013570        0x8 ./startup/startup_mkv31f51212.o
                0x00013570                Reserved86_IRQHandler
 .text.FTM3_IRQHandler
                0x00013578        0x8 ./startup/startup_mkv31f51212.o
                0x00013578                FTM3_IRQHandler
 .text.DAC1_IRQHandler
                0x00013580        0x8 ./startup/startup_mkv31f51212.o
                0x00013580                DAC1_IRQHandler
 .text.ADC1_IRQHandler
                0x00013588        0x8 ./startup/startup_mkv31f51212.o
                0x00013588                ADC1_IRQHandler
 .text.FTM_StartTimer
                0x00013590       0x3a ./source/motors.o
 .text.FTM_SetSoftwareTrigger
                0x000135ca       0x38 ./source/motors.o
 .text.HardFault_Handler
                0x00013602       0x2c ./source/semihost_hardfault.o
                0x00013602                HardFault_Handler
 .text.FXOS8700_Read
                0x0001362e       0x44 ./sensor_fusion/driver_FXOS8700.o
                0x0001362e                FXOS8700_Read
 .text.PIT_ClearStatusFlags
                0x00013672       0x2a ./sensor_fusion/driver_pit.o
 .text.PIT_SetTimerPeriod
                0x0001369c       0x28 ./sensor_fusion/driver_pit.o
 .text.PIT_GetCurrentTimerCount
                0x000136c4       0x26 ./sensor_fusion/driver_pit.o
 .text.PIT_StartTimer
                0x000136ea       0x38 ./sensor_fusion/driver_pit.o
 .text.fInitializeFusion
                0x00013722       0x6e ./sensor_fusion/fusion.o
                0x00013722                fInitializeFusion
 .text.fFuseSensors
                0x00013790      0x13c ./sensor_fusion/fusion.o
                0x00013790                fFuseSensors
 .text.fRun_1DOF_P_BASIC
                0x000138cc       0x7e ./sensor_fusion/fusion.o
                0x000138cc                fRun_1DOF_P_BASIC
 .text.fRun_3DOF_G_BASIC
                0x0001394a       0xd2 ./sensor_fusion/fusion.o
                0x0001394a                fRun_3DOF_G_BASIC
 .text.fRun_3DOF_B_BASIC
                0x00013a1c       0xc2 ./sensor_fusion/fusion.o
                0x00013a1c                fRun_3DOF_B_BASIC
 .text.fRun_3DOF_Y_BASIC
                0x00013ade       0xdc ./sensor_fusion/fusion.o
                0x00013ade                fRun_3DOF_Y_BASIC
 .text.fRun_6DOF_GB_BASIC
                0x00013bba      0x114 ./sensor_fusion/fusion.o
                0x00013bba                fRun_6DOF_GB_BASIC
 .text.ApplyAccelHAL
                0x00013cce       0x8a ./sensor_fusion/hal_frdm_fxs_mult2_b.o
                0x00013cce                ApplyAccelHAL
 .text.ApplyMagHAL
                0x00013d58       0xce ./sensor_fusion/hal_frdm_fxs_mult2_b.o
                0x00013d58                ApplyMagHAL
 .text.ApplyGyroHAL
                0x00013e26       0xce ./sensor_fusion/hal_frdm_fxs_mult2_b.o
                0x00013e26                ApplyGyroHAL
 .text.iUpdateMagBuffer
                0x00013ef4      0x5aa ./sensor_fusion/magnetic.o
                0x00013ef4                iUpdateMagBuffer
 .text.fInvertMagCal
                0x0001449e      0x12a ./sensor_fusion/magnetic.o
                0x0001449e                fInvertMagCal
 .text.f3x3matrixAeqI
                0x000145c8       0x88 ./sensor_fusion/matrix.o
                0x000145c8                f3x3matrixAeqI
 .text.f3x3matrixAeqB
                0x00014650       0x82 ./sensor_fusion/matrix.o
                0x00014650                f3x3matrixAeqB
 .text.fmatrixAeqI
                0x000146d2       0x8c ./sensor_fusion/matrix.o
                0x000146d2                fmatrixAeqI
 .text.f3x3matrixAeqScalar
                0x0001475e       0x6a ./sensor_fusion/matrix.o
                0x0001475e                f3x3matrixAeqScalar
 .text.f3x3matrixAeqAxScalar
                0x000147c8       0x76 ./sensor_fusion/matrix.o
                0x000147c8                f3x3matrixAeqAxScalar
 .text.f3x3matrixAeqMinusA
                0x0001483e       0x72 ./sensor_fusion/matrix.o
                0x0001483e                f3x3matrixAeqMinusA
 .text.f3x3matrixAeqInvSymB
                0x000148b0      0x1ec ./sensor_fusion/matrix.o
                0x000148b0                f3x3matrixAeqInvSymB
 .text.f3x3matrixDetA
                0x00014a9c       0xc0 ./sensor_fusion/matrix.o
                0x00014a9c                f3x3matrixDetA
 .text.fEigenCompute10
                0x00014b5c      0x7f0 ./sensor_fusion/matrix.o
                0x00014b5c                fEigenCompute10
 .text.fComputeEigSlice
                0x0001534c      0x5fa ./sensor_fusion/matrix.o
                0x0001534c                fComputeEigSlice
 .text.fmatrixAeqInvA
                0x00015946      0x4e0 ./sensor_fusion/matrix.o
                0x00015946                fmatrixAeqInvA
 .text.fveqRu   0x00015e26      0x1d0 ./sensor_fusion/matrix.o
                0x00015e26                fveqRu
 .text.fVeq3x3AxV
                0x00015ff6       0xe0 ./sensor_fusion/matrix.o
                0x00015ff6                fVeq3x3AxV
 .text.f3DOFMagnetometerMatrixNED
                0x000160d6       0xce ./sensor_fusion/orientation.o
                0x000160d6                f3DOFMagnetometerMatrixNED
 .text.feCompassNED
                0x000161a4      0x48e ./sensor_fusion/orientation.o
                0x000161a4                feCompassNED
 .text.fRotationMatrixFromQuaternion
                0x00016632      0x1c0 ./sensor_fusion/orientation.o
                0x00016632                fRotationMatrixFromQuaternion
 .text.fLPFOrientationQuaternion
                0x000167f2      0x1d4 ./sensor_fusion/orientation.o
                0x000167f2                fLPFOrientationQuaternion
 .text.qAeqBxC  0x000169c6      0x160 ./sensor_fusion/orientation.o
                0x000169c6                qAeqBxC
 .text.qAeqAxB  0x00016b26      0x162 ./sensor_fusion/orientation.o
                0x00016b26                qAeqAxB
 .text.qconjgAxB
                0x00016c88      0x188 ./sensor_fusion/orientation.o
                0x00016c88                qconjgAxB
 .text.fqAeq1   0x00016e10       0x34 ./sensor_fusion/orientation.o
                0x00016e10                fqAeq1
 .text.fInvertAccelCal
                0x00016e44      0x1e8 ./sensor_fusion/precisionAccelerometer.o
                0x00016e44                fInvertAccelCal
 .text.fRunAccelCalibration
                0x0001702c      0x104 ./sensor_fusion/precisionAccelerometer.o
                0x0001702c                fRunAccelCalibration
 .text.fComputeAccelCalibration4
                0x00017130      0x598 ./sensor_fusion/precisionAccelerometer.o
                0x00017130                fComputeAccelCalibration4
 .text.fComputeAccelCalibration10
                0x000176c8      0x7fe ./sensor_fusion/precisionAccelerometer.o
                0x000176c8                fComputeAccelCalibration10
 .text.setStatus
                0x00017ec6       0x24 ./sensor_fusion/sensor_fusion.o
                0x00017ec6                setStatus
 .text.queueStatus
                0x00017eea       0x24 ./sensor_fusion/sensor_fusion.o
                0x00017eea                queueStatus
 .text.updateStatus
                0x00017f0e       0x1e ./sensor_fusion/sensor_fusion.o
                0x00017f0e                updateStatus
 .text.testStatus
                0x00017f2c       0x1e ./sensor_fusion/sensor_fusion.o
                0x00017f2c                testStatus
 .text.installSensor
                0x00017f4a       0xac ./sensor_fusion/sensor_fusion.o
                0x00017f4a                installSensor
 .text.initializeSensors
                0x00017ff6       0x46 ./sensor_fusion/sensor_fusion.o
                0x00017ff6                initializeSensors
 .text.processAccelData
                0x0001803c      0x184 ./sensor_fusion/sensor_fusion.o
                0x0001803c                processAccelData
 .text.processMagData
                0x000181c0      0x1b0 ./sensor_fusion/sensor_fusion.o
                0x000181c0                processMagData
 .text.processGyroData
                0x00018370      0x184 ./sensor_fusion/sensor_fusion.o
                0x00018370                processGyroData
 .text.readSensors
                0x000184f4       0xb4 ./sensor_fusion/sensor_fusion.o
                0x000184f4                readSensors
 .text.conditionSensorReadings
                0x000185a8       0x46 ./sensor_fusion/sensor_fusion.o
                0x000185a8                conditionSensorReadings
 .text.clearFIFOs
                0x000185ee       0x4c ./sensor_fusion/sensor_fusion.o
                0x000185ee                clearFIFOs
 .text.runFusion
                0x0001863a       0xac ./sensor_fusion/sensor_fusion.o
                0x0001863a                runFusion
 .text.conditionSample
                0x000186e6       0x72 ./sensor_fusion/sensor_fusion.o
                0x000186e6                conditionSample
 .text.addToFifo
                0x00018758       0x98 ./sensor_fusion/sensor_fusion.o
                0x00018758                addToFifo
 .text.CLOCK_EnableClock
                0x000187f0       0x34 ./sensor_fusion/status.o
 .text.GPIO_PinWrite
                0x00018824       0x3a ./sensor_fusion/status.o
 .text.GPIO_PortSet
                0x0001885e       0x1c ./sensor_fusion/status.o
 .text.GPIO_PortClear
                0x0001887a       0x1c ./sensor_fusion/status.o
 .text.PORT_SetPinMux
                0x00018896       0x3a ./sensor_fusion/status.o
 .text.ssQueueStatus
                0x000188d0       0x1e ./sensor_fusion/status.o
                0x000188d0                ssQueueStatus
 .text.ssUpdateStatus
                0x000188ee       0x24 ./sensor_fusion/status.o
                0x000188ee                ssUpdateStatus
 .text.ssSetStatus
                0x00018912       0x20 ./sensor_fusion/status.o
                0x00018912                ssSetStatus
 .text.Sensor_I2C_Write
                0x00018932       0x7e ./interfaces/sensor_io_i2c.o
                0x00018932                Sensor_I2C_Write
 .text.Sensor_I2C_Read
                0x000189b0       0x7e ./interfaces/sensor_io_i2c.o
                0x000189b0                Sensor_I2C_Read
 .text.LPUART_EnableTx
                0x00018a2e       0x38 ./drivers/freertos/fsl_lpuart_freertos.o
 .text.LPUART_EnableRx
                0x00018a66       0x38 ./drivers/freertos/fsl_lpuart_freertos.o
 .text.LPUART_RTOS_Deinit
                0x00018a9e       0x6c ./drivers/freertos/fsl_lpuart_freertos.o
                0x00018a9e                LPUART_RTOS_Deinit
 .text.LPUART_RTOS_Send
                0x00018b0a       0xaa ./drivers/freertos/fsl_lpuart_freertos.o
                0x00018b0a                LPUART_RTOS_Send
 .text.LPUART_RTOS_Receive
                0x00018bb4      0x13a ./drivers/freertos/fsl_lpuart_freertos.o
                0x00018bb4                LPUART_RTOS_Receive
 .text.OSC_SetExtRefClkConfig
                0x00018cee       0x40 ./drivers/fsl_clock.o
 .text.OSC_SetCapLoad
                0x00018d2e       0x34 ./drivers/fsl_clock.o
 .text.CLOCK_GetPll0RefFreq
                0x00018d62        0xe ./drivers/fsl_clock.o
 .text.CLOCK_GetFixedFreqClkFreq
                0x00018d70       0x34 ./drivers/fsl_clock.o
                0x00018d70                CLOCK_GetFixedFreqClkFreq
 .text.DSPI_IsMaster
                0x00018da4       0x26 ./drivers/fsl_dspi.o
 .text.CLOCK_EnableClock
                0x00018dca       0x34 ./drivers/fsl_ftm.o
 .text.FTM_SetDeadTimeEnable
                0x00018dfe       0x52 ./drivers/fsl_ftm.o
 .text.FTM_SetComplementaryEnable
                0x00018e50       0x52 ./drivers/fsl_ftm.o
 .text.FTM_u16GetMaxDutyCycle
                0x00018ea2       0x1c ./drivers/fsl_ftm.o
                0x00018ea2                FTM_u16GetMaxDutyCycle
 .text.GPIO_PinWrite
                0x00018ebe       0x3a ./drivers/fsl_gpio.o
 .text.CLOCK_DisableClock
                0x00018ef8       0x38 ./drivers/fsl_i2c.o
 .text.EnableIRQ
                0x00018f30       0x2c ./drivers/fsl_i2c.o
 .text.I2C_Enable
                0x00018f5c       0x40 ./drivers/fsl_i2c.o
 .text.I2C_SlaveGetStatusFlags
                0x00018f9c       0x18 ./drivers/fsl_i2c.o
 .text.I2C_MasterClearStatusFlags
                0x00018fb4       0x5a ./drivers/fsl_i2c.o
 .text.I2C_SlaveClearStatusFlags
                0x0001900e       0x1a ./drivers/fsl_i2c.o
 .text.I2C_InitTransferStateMachine
                0x00019028       0xd4 ./drivers/fsl_i2c.o
 .text.I2C_CheckAndClearError
                0x000190fc       0x44 ./drivers/fsl_i2c.o
 .text.I2C_EnableInterrupts
                0x00019140       0x56 ./drivers/fsl_i2c.o
                0x00019140                I2C_EnableInterrupts
 .text.I2C_DisableInterrupts
                0x00019196       0x4a ./drivers/fsl_i2c.o
                0x00019196                I2C_DisableInterrupts
 .text.I2C_MasterStart
                0x000191e0       0x62 ./drivers/fsl_i2c.o
                0x000191e0                I2C_MasterStart
 .text.I2C_MasterRepeatedStart
                0x00019242       0x9a ./drivers/fsl_i2c.o
                0x00019242                I2C_MasterRepeatedStart
 .text.I2C_MasterStop
                0x000192dc       0x3a ./drivers/fsl_i2c.o
                0x000192dc                I2C_MasterStop
 .text.I2C_MasterGetStatusFlags
                0x00019316       0x4a ./drivers/fsl_i2c.o
                0x00019316                I2C_MasterGetStatusFlags
 .text.CLOCK_EnableClock
                0x00019360       0x34 ./drivers/fsl_i2c_cmsis.o
 .text.I2C_SlaveGetStatusFlags
                0x00019394       0x18 ./drivers/fsl_i2c_cmsis.o
 .text.I2Cx_GetCapabilities
                0x000193ac       0x10 ./drivers/fsl_i2c_cmsis.o
 .text.KSDK_I2C_SLAVE_InterruptCallback
                0x000193bc       0x40 ./drivers/fsl_i2c_cmsis.o
 .text.KSDK_I2C_MASTER_InterruptCallback
                0x000193fc       0x60 ./drivers/fsl_i2c_cmsis.o
 .text.I2C_InterruptInitialize
                0x0001945c       0x30 ./drivers/fsl_i2c_cmsis.o
 .text.I2C_InterruptUninitialize
                0x0001948c       0x1c ./drivers/fsl_i2c_cmsis.o
 .text.I2C_InterruptGetDataCount
                0x000194a8       0x2e ./drivers/fsl_i2c_cmsis.o
                0x000194a8                I2C_InterruptGetDataCount
 .text.I2C_InterruptGetStatus
                0x000194d6       0xb4 ./drivers/fsl_i2c_cmsis.o
                0x000194d6                I2C_InterruptGetStatus
 .text.CLOCK_EnableClock
                0x0001958a       0x34 ./drivers/fsl_lpuart.o
 .text.CLOCK_DisableClock
                0x000195be       0x38 ./drivers/fsl_lpuart.o
 .text.EnableIRQ
                0x000195f6       0x2c ./drivers/fsl_lpuart.o
 .text.LPUART_EnableInterrupts
                0x00019622       0x3c ./drivers/fsl_lpuart.o
                0x00019622                LPUART_EnableInterrupts
 .text.LPUART_DisableInterrupts
                0x0001965e       0x40 ./drivers/fsl_lpuart.o
                0x0001965e                LPUART_DisableInterrupts
 .text.LPUART_GetStatusFlags
                0x0001969e       0x1c ./drivers/fsl_lpuart.o
                0x0001969e                LPUART_GetStatusFlags
 .text.CLOCK_EnableClock
                0x000196ba       0x34 ./drivers/fsl_pit.o
 .text.SMC_SetPowerModeHsrun
                0x000196ee       0x36 ./drivers/fsl_smc.o
                0x000196ee                SMC_SetPowerModeHsrun
 .text.UART0_RX_TX_DriverIRQHandler
                0x00019724       0x12 ./drivers/fsl_uart.o
                0x00019724                UART0_RX_TX_DriverIRQHandler
 .text.UART1_RX_TX_DriverIRQHandler
                0x00019736       0x12 ./drivers/fsl_uart.o
                0x00019736                UART1_RX_TX_DriverIRQHandler
 .text.UART2_RX_TX_DriverIRQHandler
                0x00019748       0x12 ./drivers/fsl_uart.o
                0x00019748                UART2_RX_TX_DriverIRQHandler
 .text.SystemInitHook
                0x0001975a        0xe ./device/system_MKV31F51212.o
                0x0001975a                SystemInitHook
 .text.DbgConsole_Init
                0x00019768       0x20 ./board/board.o
 .text.BOARD_InitDebugConsole
                0x00019788       0x22 ./board/board.o
                0x00019788                BOARD_InitDebugConsole
 .text.SMC_SetPowerModeProtection
                0x000197aa       0x1e ./board/clock_config.o
 .text.SMC_GetPowerModeState
                0x000197c8       0x1a ./board/clock_config.o
 .text.BOARD_InitBootClocks
                0x000197e2        0xc ./board/clock_config.o
                0x000197e2                BOARD_InitBootClocks
 .text.I2C0_GetFreq
                0x000197ee       0x10 ./board/frdm_kv31f.o
                0x000197ee                I2C0_GetFreq
 .text.I2C1_GetFreq
                0x000197fe       0x10 ./board/frdm_kv31f.o
                0x000197fe                I2C1_GetFreq
 .text.BOARD_InitPeripherals
                0x0001980e        0xe ./board/peripherals.o
                0x0001980e                BOARD_InitPeripherals
 .text.BOARD_InitBootPeripherals
                0x0001981c        0xc ./board/peripherals.o
                0x0001981c                BOARD_InitBootPeripherals
 .text.CLOCK_EnableClock
                0x00019828       0x34 ./board/pin_mux.o
 .text.PORT_SetPinMux
                0x0001985c       0x3a ./board/pin_mux.o
 .text.BOARD_InitBootPins
                0x00019896       0x2c ./board/pin_mux.o
                0x00019896                BOARD_InitBootPins
 .text.I2C0_DeinitPins
                0x000198c2        0xe ./board/pin_mux.o
                0x000198c2                I2C0_DeinitPins
 .text.I2C1_DeinitPins
                0x000198d0        0xe ./board/pin_mux.o
                0x000198d0                I2C1_DeinitPins
 .text.xEventGroupCreate
                0x000198de       0x2e ./amazon-freertos/freertos_kernel/event_groups.o
                0x000198de                xEventGroupCreate
 .text.xEventGroupClearBits
                0x0001990c       0x70 ./amazon-freertos/freertos_kernel/event_groups.o
                0x0001990c                xEventGroupClearBits
 .text.xEventGroupSetBits
                0x0001997c      0x116 ./amazon-freertos/freertos_kernel/event_groups.o
                0x0001997c                xEventGroupSetBits
 .text.vEventGroupDelete
                0x00019a92       0x62 ./amazon-freertos/freertos_kernel/event_groups.o
                0x00019a92                vEventGroupDelete
 .text.vEventGroupSetBitsCallback
                0x00019af4       0x1a ./amazon-freertos/freertos_kernel/event_groups.o
                0x00019af4                vEventGroupSetBitsCallback
 .text.prvTestWaitCondition
                0x00019b0e       0x44 ./amazon-freertos/freertos_kernel/event_groups.o
 .text.vListInitialise
                0x00019b52       0x40 ./amazon-freertos/freertos_kernel/list.o
                0x00019b52                vListInitialise
 .text.vListInitialiseItem
                0x00019b92       0x1a ./amazon-freertos/freertos_kernel/list.o
                0x00019b92                vListInitialiseItem
 .text.vListInsertEnd
                0x00019bac       0x48 ./amazon-freertos/freertos_kernel/list.o
                0x00019bac                vListInsertEnd
 .text.vListInsert
                0x00019bf4       0x72 ./amazon-freertos/freertos_kernel/list.o
                0x00019bf4                vListInsert
 .text.uxListRemove
                0x00019c66       0x54 ./amazon-freertos/freertos_kernel/list.o
                0x00019c66                uxListRemove
 .text.xQueueGenericCreate
                0x00019cba       0x78 ./amazon-freertos/freertos_kernel/queue.o
                0x00019cba                xQueueGenericCreate
 .text.prvInitialiseNewQueue
                0x00019d32       0x46 ./amazon-freertos/freertos_kernel/queue.o
 .text.prvInitialiseMutex
                0x00019d78       0x34 ./amazon-freertos/freertos_kernel/queue.o
 .text.xQueueCreateMutex
                0x00019dac       0x30 ./amazon-freertos/freertos_kernel/queue.o
                0x00019dac                xQueueCreateMutex
 .text.xQueueGenericSendFromISR
                0x00019ddc      0x130 ./amazon-freertos/freertos_kernel/queue.o
                0x00019ddc                xQueueGenericSendFromISR
 .text.vQueueDelete
                0x00019f0c       0x3c ./amazon-freertos/freertos_kernel/queue.o
                0x00019f0c                vQueueDelete
 .text.prvGetDisinheritPriorityAfterTimeout
                0x00019f48       0x30 ./amazon-freertos/freertos_kernel/queue.o
 .text.prvCopyDataToQueue
                0x00019f78       0xd4 ./amazon-freertos/freertos_kernel/queue.o
 .text.prvCopyDataFromQueue
                0x0001a04c       0x4c ./amazon-freertos/freertos_kernel/queue.o
 .text.prvUnlockQueue
                0x0001a098       0xa4 ./amazon-freertos/freertos_kernel/queue.o
 .text.prvIsQueueEmpty
                0x0001a13c       0x2c ./amazon-freertos/freertos_kernel/queue.o
 .text.prvIsQueueFull
                0x0001a168       0x30 ./amazon-freertos/freertos_kernel/queue.o
 .text.vQueueWaitForMessageRestricted
                0x0001a198       0x68 ./amazon-freertos/freertos_kernel/queue.o
                0x0001a198                vQueueWaitForMessageRestricted
 .text.xTaskCreate
                0x0001a200       0x82 ./amazon-freertos/freertos_kernel/tasks.o
                0x0001a200                xTaskCreate
 .text.prvInitialiseNewTask
                0x0001a282      0x13c ./amazon-freertos/freertos_kernel/tasks.o
 .text.prvDeleteTCB
                0x0001a3be       0x20 ./amazon-freertos/freertos_kernel/tasks.o
 .text.prvTimerTask
                0x0001a3de       0x24 ./amazon-freertos/freertos_kernel/timers.o