fsl_clock.h:602:20:CLOCK_EnableClock	24	static
fsl_clock.h:613:20:CLOCK_DisableClock	24	static
fsl_ftm.h:854:20:FTM_SetDeadTimeEnable	16	static
fsl_ftm.h:873:20:FTM_SetComplementaryEnable	16	static
fsl_ftm.c:66:17:FTM_GetInstance	24	static
fsl_ftm.c:85:13:FTM_SetPwmSync	32	static
fsl_ftm.c:145:13:FTM_SetReloadPoints	32	static
fsl_ftm.c:220:10:FTM_Init	24	static
fsl_ftm.c:294:6:FTM_Deinit	16	static
fsl_ftm.c:325:6:FTM_GetDefaultConfig	16	static
fsl_ftm.c:374:10:FTM_SetupPwm	48	static
fsl_ftm.c:580:6:FTM_UpdatePwmDutycycle	32	static
fsl_ftm.c:639:6:FTM_UpdateChnlEdgeLevelSelect	24	static
fsl_ftm.c:652:10:FTM_u16GetMaxDutyCycle	24	static
fsl_ftm.c:676:10:FTM_SetupPwmMode	32	static
fsl_ftm.c:796:6:FTM_SetupInputCapture	32	static
fsl_ftm.c:845:6:FTM_SetupOutputCompare	32	static
fsl_ftm.c:892:6:FTM_SetupDualEdgeCapture	32	static
fsl_ftm.c:943:6:FTM_SetupQuadDecode	32	static
fsl_ftm.c:993:6:FTM_SetupFault	24	static
fsl_ftm.c:1038:6:FTM_EnableInterrupts	24	static
fsl_ftm.c:1082:6:FTM_DisableInterrupts	24	static
fsl_ftm.c:1126:10:FTM_GetEnabledInterrupts	24	static
fsl_ftm.c:1174:10:FTM_GetStatusFlags	24	static
fsl_ftm.c:1214:6:FTM_ClearStatusFlags	16	static
