fsl_clock.h:602:20:CLOCK_EnableClock	24	static
fsl_i2c.h:424:24:I2C_SlaveGetStatusFlags	16	static
fsl_i2c_cmsis.c:108:27:I2Cx_GetVersion	16	static
fsl_i2c_cmsis.c:113:29:I2Cx_GetCapabilities	4	static
fsl_i2c_cmsis.c:733:13:KSDK_I2C_SLAVE_InterruptCallback	32	static
fsl_i2c_cmsis.c:758:13:KSDK_I2C_MASTER_InterruptCallback	32	static
fsl_i2c_cmsis.c:791:16:I2C_InterruptInitialize	16	static
fsl_i2c_cmsis.c:802:16:I2C_InterruptUninitialize	16	static
fsl_i2c_cmsis.c:808:9:I2C_Master_InterruptTransmit	56	static
fsl_i2c_cmsis.c:867:9:I2C_Master_InterruptReceive	56	static
fsl_i2c_cmsis.c:926:9:I2C_Slave_InterruptTransmit	32	static
fsl_i2c_cmsis.c:961:9:I2C_Slave_InterruptReceive	32	static
fsl_i2c_cmsis.c:997:9:I2C_InterruptGetDataCount	24	static
fsl_i2c_cmsis.c:1013:9:I2C_InterruptControl	40	static
fsl_i2c_cmsis.c:1083:16:I2C_InterruptPowerControl	16	static
fsl_i2c_cmsis.c:1132:16:I2C_InterruptGetStatus	32	static
fsl_i2c_cmsis.c:1323:16:I2C0_InterruptInitialize	16	static
fsl_i2c_cmsis.c:1329:16:I2C0_InterruptUninitialize	8	static
fsl_i2c_cmsis.c:1335:16:I2C0_InterruptPowerControl	16	static
fsl_i2c_cmsis.c:1340:9:I2C0_Master_InterruptTransmit	32	static
fsl_i2c_cmsis.c:1345:9:I2C0_Master_InterruptReceive	32	static
fsl_i2c_cmsis.c:1350:9:I2C0_Slave_InterruptTransmit	16	static
fsl_i2c_cmsis.c:1355:9:I2C0_Slave_InterruptReceive	16	static
fsl_i2c_cmsis.c:1360:9:I2C0_InterruptGetDataCount	8	static
fsl_i2c_cmsis.c:1365:9:I2C0_InterruptControl	16	static
fsl_i2c_cmsis.c:1370:16:I2C0_InterruptGetStatus	8	static
fsl_i2c_cmsis.c:1573:16:I2C1_InterruptInitialize	16	static
fsl_i2c_cmsis.c:1579:16:I2C1_InterruptUninitialize	8	static
fsl_i2c_cmsis.c:1585:16:I2C1_InterruptPowerControl	16	static
fsl_i2c_cmsis.c:1590:9:I2C1_Master_InterruptTransmit	32	static
fsl_i2c_cmsis.c:1595:9:I2C1_Master_InterruptReceive	32	static
fsl_i2c_cmsis.c:1600:9:I2C1_Slave_InterruptTransmit	16	static
fsl_i2c_cmsis.c:1605:9:I2C1_Slave_InterruptReceive	16	static
fsl_i2c_cmsis.c:1610:9:I2C1_InterruptGetDataCount	8	static
fsl_i2c_cmsis.c:1615:9:I2C1_InterruptControl	16	static
fsl_i2c_cmsis.c:1620:16:I2C1_InterruptGetStatus	8	static
