core_cm4.h:1679:22:__NVIC_EnableIRQ	16	static
fsl_clock.h:602:20:CLOCK_EnableClock	24	static
fsl_clock.h:613:20:CLOCK_DisableClock	24	static
fsl_common.h:460:28:EnableIRQ	16	static
fsl_pit.h:264:24:PIT_GetCurrentTimerCount	16	static
fsl_uart.c:135:10:UART_GetInstance	24	static
fsl_uart.c:160:8:UART_TransferGetRxRingBufferLength	24	static
fsl_uart.c:180:13:UART_TransferIsRxRingBufferFull	24	static
fsl_uart.c:220:10:UART_Init	48	static
fsl_uart.c:365:6:UART_Deinit	16	static
fsl_uart.c:404:6:UART_GetDefaultConfig	16	static
fsl_uart.c:444:10:UART_SetBaudRate	48	static
fsl_uart.c:525:6:UART_EnableInterrupts	16	static
fsl_uart.c:553:6:UART_DisableInterrupts	16	static
fsl_uart.c:588:10:UART_GetEnabledInterrupts	24	static
fsl_uart.c:620:10:UART_GetStatusFlags	24	static
fsl_uart.c:655:10:UART_ClearStatusFlags	24	static
fsl_uart.c:717:6:UART_WriteBlocking	24	static
fsl_uart.c:739:13:UART_WriteNonBlocking	32	static
fsl_uart.c:783:10:UART_ReadBlocking	32	static
fsl_uart.c:848:13:UART_ReadNonBlocking	32	static
fsl_uart.c:874:6:UART_TransferCreateHandle	32	static
fsl_uart.c:922:6:UART_TransferStartRingBuffer	24	static
fsl_uart.c:952:6:UART_TransferStopRingBuffer	16	static
fsl_uart.c:993:10:UART_TransferSendNonBlocking	32	static
fsl_uart.c:1032:6:UART_TransferAbortSend	16	static
fsl_uart.c:1056:10:UART_TransferGetSendCount	24	static
fsl_uart.c:1097:10:UART_TransferReceiveNonBlocking	56	static
fsl_uart.c:1229:6:UART_TransferAbortReceive	16	static
fsl_uart.c:1263:10:UART_TransferGetReceiveCount	24	static
fsl_uart.c:1294:10:UART_EnableTxFIFO	24	static
fsl_uart.c:1339:10:UART_EnableRxFIFO	24	static
fsl_uart.c:1382:6:UART_TransferHandleIRQ	40	static
fsl_uart.c:1691:6:UART_TransferHandleErrorIRQ	16	static
fsl_uart.c:1699:6:UART0_DriverIRQHandler	8	static
fsl_uart.c:1709:6:UART0_RX_TX_DriverIRQHandler	8	static
fsl_uart.c:1722:6:UART1_DriverIRQHandler	8	static
fsl_uart.c:1732:6:UART1_RX_TX_DriverIRQHandler	8	static
fsl_uart.c:1744:6:UART2_DriverIRQHandler	8	static
fsl_uart.c:1754:6:UART2_RX_TX_DriverIRQHandler	8	static
